Archive member included to satisfy reference by file (symbol)

D:/Program Files/STM32CubeIDE_1.17.0/STM32CubeIDE/plugins/com.st.stm32cube.ide.mcu.externaltools.gnu-tools-for-stm32.12.3.rel1.win32_1.1.0.202410251130/tools/bin/../lib/gcc/arm-none-eabi/12.3.1/../../../../arm-none-eabi/lib/thumb/v7-m/nofp\libc_nano.a(libc_a-exit.o)
                              D:/Program Files/STM32CubeIDE_1.17.0/STM32CubeIDE/plugins/com.st.stm32cube.ide.mcu.externaltools.gnu-tools-for-stm32.12.3.rel1.win32_1.1.0.202410251130/tools/bin/../lib/gcc/arm-none-eabi/12.3.1/../../../../arm-none-eabi/lib/thumb/v7-m/nofp/crt0.o (exit)
D:/Program Files/STM32CubeIDE_1.17.0/STM32CubeIDE/plugins/com.st.stm32cube.ide.mcu.externaltools.gnu-tools-for-stm32.12.3.rel1.win32_1.1.0.202410251130/tools/bin/../lib/gcc/arm-none-eabi/12.3.1/../../../../arm-none-eabi/lib/thumb/v7-m/nofp\libc_nano.a(libc_a-findfp.o)
                              D:/Program Files/STM32CubeIDE_1.17.0/STM32CubeIDE/plugins/com.st.stm32cube.ide.mcu.externaltools.gnu-tools-for-stm32.12.3.rel1.win32_1.1.0.202410251130/tools/bin/../lib/gcc/arm-none-eabi/12.3.1/../../../../arm-none-eabi/lib/thumb/v7-m/nofp\libc_nano.a(libc_a-exit.o) (__stdio_exit_handler)
D:/Program Files/STM32CubeIDE_1.17.0/STM32CubeIDE/plugins/com.st.stm32cube.ide.mcu.externaltools.gnu-tools-for-stm32.12.3.rel1.win32_1.1.0.202410251130/tools/bin/../lib/gcc/arm-none-eabi/12.3.1/../../../../arm-none-eabi/lib/thumb/v7-m/nofp\libc_nano.a(libc_a-fwalk.o)
                              D:/Program Files/STM32CubeIDE_1.17.0/STM32CubeIDE/plugins/com.st.stm32cube.ide.mcu.externaltools.gnu-tools-for-stm32.12.3.rel1.win32_1.1.0.202410251130/tools/bin/../lib/gcc/arm-none-eabi/12.3.1/../../../../arm-none-eabi/lib/thumb/v7-m/nofp\libc_nano.a(libc_a-findfp.o) (_fwalk_sglue)
D:/Program Files/STM32CubeIDE_1.17.0/STM32CubeIDE/plugins/com.st.stm32cube.ide.mcu.externaltools.gnu-tools-for-stm32.12.3.rel1.win32_1.1.0.202410251130/tools/bin/../lib/gcc/arm-none-eabi/12.3.1/../../../../arm-none-eabi/lib/thumb/v7-m/nofp\libc_nano.a(libc_a-stdio.o)
                              D:/Program Files/STM32CubeIDE_1.17.0/STM32CubeIDE/plugins/com.st.stm32cube.ide.mcu.externaltools.gnu-tools-for-stm32.12.3.rel1.win32_1.1.0.202410251130/tools/bin/../lib/gcc/arm-none-eabi/12.3.1/../../../../arm-none-eabi/lib/thumb/v7-m/nofp\libc_nano.a(libc_a-findfp.o) (__sread)
D:/Program Files/STM32CubeIDE_1.17.0/STM32CubeIDE/plugins/com.st.stm32cube.ide.mcu.externaltools.gnu-tools-for-stm32.12.3.rel1.win32_1.1.0.202410251130/tools/bin/../lib/gcc/arm-none-eabi/12.3.1/../../../../arm-none-eabi/lib/thumb/v7-m/nofp\libc_nano.a(libc_a-vsnprintf.o)
                              ./src/hw/driver/uart.o (vsnprintf)
D:/Program Files/STM32CubeIDE_1.17.0/STM32CubeIDE/plugins/com.st.stm32cube.ide.mcu.externaltools.gnu-tools-for-stm32.12.3.rel1.win32_1.1.0.202410251130/tools/bin/../lib/gcc/arm-none-eabi/12.3.1/../../../../arm-none-eabi/lib/thumb/v7-m/nofp\libc_nano.a(libc_a-memset.o)
                              D:/Program Files/STM32CubeIDE_1.17.0/STM32CubeIDE/plugins/com.st.stm32cube.ide.mcu.externaltools.gnu-tools-for-stm32.12.3.rel1.win32_1.1.0.202410251130/tools/bin/../lib/gcc/arm-none-eabi/12.3.1/../../../../arm-none-eabi/lib/thumb/v7-m/nofp/crt0.o (memset)
D:/Program Files/STM32CubeIDE_1.17.0/STM32CubeIDE/plugins/com.st.stm32cube.ide.mcu.externaltools.gnu-tools-for-stm32.12.3.rel1.win32_1.1.0.202410251130/tools/bin/../lib/gcc/arm-none-eabi/12.3.1/../../../../arm-none-eabi/lib/thumb/v7-m/nofp\libc_nano.a(libc_a-closer.o)
                              D:/Program Files/STM32CubeIDE_1.17.0/STM32CubeIDE/plugins/com.st.stm32cube.ide.mcu.externaltools.gnu-tools-for-stm32.12.3.rel1.win32_1.1.0.202410251130/tools/bin/../lib/gcc/arm-none-eabi/12.3.1/../../../../arm-none-eabi/lib/thumb/v7-m/nofp\libc_nano.a(libc_a-stdio.o) (_close_r)
D:/Program Files/STM32CubeIDE_1.17.0/STM32CubeIDE/plugins/com.st.stm32cube.ide.mcu.externaltools.gnu-tools-for-stm32.12.3.rel1.win32_1.1.0.202410251130/tools/bin/../lib/gcc/arm-none-eabi/12.3.1/../../../../arm-none-eabi/lib/thumb/v7-m/nofp\libc_nano.a(libc_a-reent.o)
                              D:/Program Files/STM32CubeIDE_1.17.0/STM32CubeIDE/plugins/com.st.stm32cube.ide.mcu.externaltools.gnu-tools-for-stm32.12.3.rel1.win32_1.1.0.202410251130/tools/bin/../lib/gcc/arm-none-eabi/12.3.1/../../../../arm-none-eabi/lib/thumb/v7-m/nofp\libc_nano.a(libc_a-closer.o) (errno)
D:/Program Files/STM32CubeIDE_1.17.0/STM32CubeIDE/plugins/com.st.stm32cube.ide.mcu.externaltools.gnu-tools-for-stm32.12.3.rel1.win32_1.1.0.202410251130/tools/bin/../lib/gcc/arm-none-eabi/12.3.1/../../../../arm-none-eabi/lib/thumb/v7-m/nofp\libc_nano.a(libc_a-impure.o)
                              D:/Program Files/STM32CubeIDE_1.17.0/STM32CubeIDE/plugins/com.st.stm32cube.ide.mcu.externaltools.gnu-tools-for-stm32.12.3.rel1.win32_1.1.0.202410251130/tools/bin/../lib/gcc/arm-none-eabi/12.3.1/../../../../arm-none-eabi/lib/thumb/v7-m/nofp\libc_nano.a(libc_a-vsnprintf.o) (_impure_ptr)
[...]
Memory Configuration

Name             Origin             Length             Attributes
RAM              0x20000000         0x00005000         xrw
FLASH            0x08000000         0x00010000         xr
*default*        0x00000000         0xffffffff

Linker script and memory map

LOAD D:/Program Files/STM32CubeIDE_1.17.0/STM32CubeIDE/plugins/com.st.stm32cube.ide.mcu.externaltools.gnu-tools-for-stm32.12.3.rel1.win32_1.1.0.202410251130/tools/bin/../lib/gcc/arm-none-eabi/12.3.1/thumb/v7-m/nofp/crti.o
LOAD D:/Program Files/STM32CubeIDE_1.17.0/STM32CubeIDE/plugins/com.st.stm32cube.ide.mcu.externaltools.gnu-tools-for-stm32.12.3.rel1.win32_1.1.0.202410251130/tools/bin/../lib/gcc/arm-none-eabi/12.3.1/thumb/v7-m/nofp/crtbegin.o
LOAD D:/Program Files/STM32CubeIDE_1.17.0/STM32CubeIDE/plugins/com.st.stm32cube.ide.mcu.externaltools.gnu-tools-for-stm32.12.3.rel1.win32_1.1.0.202410251130/tools/bin/../lib/gcc/arm-none-eabi/12.3.1/../../../../arm-none-eabi/lib/thumb/v7-m/nofp/crt0.o
LOAD ./src/ap/ap.o
LOAD ./src/bsp/bsp.o
LOAD ./src/bsp/stm32f1xx_hal_msp.o
LOAD ./src/bsp/stm32f1xx_it.o
LOAD ./src/bsp/syscalls.o
LOAD ./src/bsp/sysmem.o
LOAD ./src/bsp/system_stm32f1xx.o
LOAD ./src/bsp/startup/startup_stm32f103c8tx.o
LOAD ./src/common/core/qbuffer.o
LOAD ./src/hw/driver/cdc.o
LOAD ./src/hw/driver/led.o
LOAD ./src/hw/driver/reset.o
LOAD ./src/hw/driver/rtc.o
LOAD ./src/hw/driver/uart.o
LOAD ./src/hw/driver/usb.o
LOAD ./src/hw/hw.o
LOAD ./src/lib/baram/Drivers/STM32F1xx_HAL_Driver/Src/stm32f1xx_hal.o
LOAD ./src/lib/baram/Drivers/STM32F1xx_HAL_Driver/Src/stm32f1xx_hal_cortex.o
LOAD ./src/lib/baram/Drivers/STM32F1xx_HAL_Driver/Src/stm32f1xx_hal_dma.o
LOAD ./src/lib/baram/Drivers/STM32F1xx_HAL_Driver/Src/stm32f1xx_hal_exti.o
LOAD ./src/lib/baram/Drivers/STM32F1xx_HAL_Driver/Src/stm32f1xx_hal_flash.o
LOAD ./src/lib/baram/Drivers/STM32F1xx_HAL_Driver/Src/stm32f1xx_hal_flash_ex.o
LOAD ./src/lib/baram/Drivers/STM32F1xx_HAL_Driver/Src/stm32f1xx_hal_gpio.o
LOAD ./src/lib/baram/Drivers/STM32F1xx_HAL_Driver/Src/stm32f1xx_hal_gpio_ex.o
LOAD ./src/lib/baram/Drivers/STM32F1xx_HAL_Driver/Src/stm32f1xx_hal_pcd.o
LOAD ./src/lib/baram/Drivers/STM32F1xx_HAL_Driver/Src/stm32f1xx_hal_pcd_ex.o
LOAD ./src/lib/baram/Drivers/STM32F1xx_HAL_Driver/Src/stm32f1xx_hal_pwr.o
LOAD ./src/lib/baram/Drivers/STM32F1xx_HAL_Driver/Src/stm32f1xx_hal_rcc.o
LOAD ./src/lib/baram/Drivers/STM32F1xx_HAL_Driver/Src/stm32f1xx_hal_rcc_ex.o
LOAD ./src/lib/baram/Drivers/STM32F1xx_HAL_Driver/Src/stm32f1xx_hal_rtc.o
LOAD ./src/lib/baram/Drivers/STM32F1xx_HAL_Driver/Src/stm32f1xx_hal_rtc_ex.o
LOAD ./src/lib/baram/Drivers/STM32F1xx_HAL_Driver/Src/stm32f1xx_hal_uart.o
LOAD ./src/lib/baram/Drivers/STM32F1xx_HAL_Driver/Src/stm32f1xx_ll_usb.o
LOAD ./src/lib/baram/Middlewares/ST/STM32_USB_Device_Library/Class/CDC/Src/usbd_cdc.o
LOAD ./src/lib/baram/Middlewares/ST/STM32_USB_Device_Library/Core/Src/usbd_core.o
LOAD ./src/lib/baram/Middlewares/ST/STM32_USB_Device_Library/Core/Src/usbd_ctlreq.o
LOAD ./src/lib/baram/Middlewares/ST/STM32_USB_Device_Library/Core/Src/usbd_ioreq.o
LOAD ./src/lib/baram/USB_DEVICE/App/usb_device.o
LOAD ./src/lib/baram/USB_DEVICE/App/usbd_cdc_if.o
LOAD ./src/lib/baram/USB_DEVICE/App/usbd_desc.o
LOAD ./src/lib/baram/USB_DEVICE/Target/usbd_conf.o
LOAD ./src/main.o
START GROUP
LOAD D:/Program Files/STM32CubeIDE_1.17.0/STM32CubeIDE/plugins/com.st.stm32cube.ide.mcu.externaltools.gnu-tools-for-stm32.12.3.rel1.win32_1.1.0.202410251130/tools/bin/../lib/gcc/arm-none-eabi/12.3.1/../../../../arm-none-eabi/lib/thumb/v7-m/nofp\libc_nano.a
LOAD D:/Program Files/STM32CubeIDE_1.17.0/STM32CubeIDE/plugins/com.st.stm32cube.ide.mcu.externaltools.gnu-tools-for-stm32.12.3.rel1.win32_1.1.0.202410251130/tools/bin/../lib/gcc/arm-none-eabi/12.3.1/../../../../arm-none-eabi/lib/thumb/v7-m/nofp\libm.a
END GROUP
START GROUP
LOAD D:/Program Files/STM32CubeIDE_1.17.0/STM32CubeIDE/plugins/com.st.stm32cube.ide.mcu.externaltools.gnu-tools-for-stm32.12.3.rel1.win32_1.1.0.202410251130/tools/bin/../lib/gcc/arm-none-eabi/12.3.1/thumb/v7-m/nofp\libgcc.a
LOAD D:/Program Files/STM32CubeIDE_1.17.0/STM32CubeIDE/plugins/com.st.stm32cube.ide.mcu.externaltools.gnu-tools-for-stm32.12.3.rel1.win32_1.1.0.202410251130/tools/bin/../lib/gcc/arm-none-eabi/12.3.1/../../../../arm-none-eabi/lib/thumb/v7-m/nofp\libc_nano.a
END GROUP
START GROUP
LOAD D:/Program Files/STM32CubeIDE_1.17.0/STM32CubeIDE/plugins/com.st.stm32cube.ide.mcu.externaltools.gnu-tools-for-stm32.12.3.rel1.win32_1.1.0.202410251130/tools/bin/../lib/gcc/arm-none-eabi/12.3.1/thumb/v7-m/nofp\libgcc.a
LOAD D:/Program Files/STM32CubeIDE_1.17.0/STM32CubeIDE/plugins/com.st.stm32cube.ide.mcu.externaltools.gnu-tools-for-stm32.12.3.rel1.win32_1.1.0.202410251130/tools/bin/../lib/gcc/arm-none-eabi/12.3.1/../../../../arm-none-eabi/lib/thumb/v7-m/nofp\libc_nano.a
LOAD D:/Program Files/STM32CubeIDE_1.17.0/STM32CubeIDE/plugins/com.st.stm32cube.ide.mcu.externaltools.gnu-tools-for-stm32.12.3.rel1.win32_1.1.0.202410251130/tools/bin/../lib/gcc/arm-none-eabi/12.3.1/../../../../arm-none-eabi/lib/thumb/v7-m/nofp\libnosys.a
END GROUP
START GROUP
LOAD D:/Program Files/STM32CubeIDE_1.17.0/STM32CubeIDE/plugins/com.st.stm32cube.ide.mcu.externaltools.gnu-tools-for-stm32.12.3.rel1.win32_1.1.0.202410251130/tools/bin/../lib/gcc/arm-none-eabi/12.3.1/thumb/v7-m/nofp\libgcc.a
LOAD D:/Program Files/STM32CubeIDE_1.17.0/STM32CubeIDE/plugins/com.st.stm32cube.ide.mcu.externaltools.gnu-tools-for-stm32.12.3.rel1.win32_1.1.0.202410251130/tools/bin/../lib/gcc/arm-none-eabi/12.3.1/../../../../arm-none-eabi/lib/thumb/v7-m/nofp\libc_nano.a
LOAD D:/Program Files/STM32CubeIDE_1.17.0/STM32CubeIDE/plugins/com.st.stm32cube.ide.mcu.externaltools.gnu-tools-for-stm32.12.3.rel1.win32_1.1.0.202410251130/tools/bin/../lib/gcc/arm-none-eabi/12.3.1/../../../../arm-none-eabi/lib/thumb/v7-m/nofp\libnosys.a
END GROUP
LOAD D:/Program Files/STM32CubeIDE_1.17.0/STM32CubeIDE/plugins/com.st.stm32cube.ide.mcu.externaltools.gnu-tools-for-stm32.12.3.rel1.win32_1.1.0.202410251130/tools/bin/../lib/gcc/arm-none-eabi/12.3.1/thumb/v7-m/nofp/crtend.o
LOAD D:/Program Files/STM32CubeIDE_1.17.0/STM32CubeIDE/plugins/com.st.stm32cube.ide.mcu.externaltools.gnu-tools-for-stm32.12.3.rel1.win32_1.1.0.202410251130/tools/bin/../lib/gcc/arm-none-eabi/12.3.1/thumb/v7-m/nofp/crtn.o
                0x20005000                        _estack = (ORIGIN (RAM) + LENGTH (RAM))
                0x00000200                        _Min_Heap_Size = 0x200
                0x00000400                        _Min_Stack_Size = 0x400

.isr_vector     0x08000000      0x10c
                0x08000000                        . = ALIGN (0x4)
 *(.isr_vector)
 .isr_vector    0x08000000      0x10c ./src/bsp/startup/startup_stm32f103c8tx.o
                0x08000000                g_pfnVectors
                0x0800010c                        . = ALIGN (0x4)

.text           0x0800010c     0x9b04
                0x0800010c                        . = ALIGN (0x4)
 *(.text)
 .text          0x0800010c       0x40 D:/Program Files/STM32CubeIDE_1.17.0/STM32CubeIDE/plugins/com.st.stm32cube.ide.mcu.externaltools.gnu-tools-for-stm32.12.3.rel1.win32_1.1.0.202410251130/tools/bin/../lib/gcc/arm-none-eabi/12.3.1/thumb/v7-m/nofp/crtbegin.o
 *(.text*)
 .text.apInit   0x0800014c       0x1c ./src/ap/ap.o
                0x0800014c                apInit
 .text.apMain   0x08000168       0x78 ./src/ap/ap.o
                0x08000168                apMain
 .text.bspInit  0x080001e0       0x64 ./src/bsp/bsp.o
                0x080001e0                bspInit
 .text.delay    0x08000244       0x16 ./src/bsp/bsp.o
                0x08000244                delay
 .text.millis   0x0800025a        0xe ./src/bsp/bsp.o
                0x0800025a                millis
 .text.SystemClock_Config
                0x08000268       0xbe ./src/bsp/bsp.o
                0x08000268                SystemClock_Config
 .text.Error_Handler
                0x08000326        0xc ./src/bsp/bsp.o
                0x08000326                Error_Handler
 *fill*         0x08000332        0x2 
 .text.HAL_MspInit
                0x08000334       0x64 ./src/bsp/stm32f1xx_hal_msp.o
                0x08000334                HAL_MspInit
 .text.NMI_Handler
                0x08000398        0x8 ./src/bsp/stm32f1xx_it.o
                0x08000398                NMI_Handler
 .text.HardFault_Handler
                0x080003a0        0x8 ./src/bsp/stm32f1xx_it.o
                0x080003a0                HardFault_Handler
 .text.MemManage_Handler
                0x080003a8        0x8 ./src/bsp/stm32f1xx_it.o
                0x080003a8                MemManage_Handler
 .text.BusFault_Handler
                0x080003b0        0x8 ./src/bsp/stm32f1xx_it.o
                0x080003b0                BusFault_Handler
 .text.UsageFault_Handler
                0x080003b8        0x8 ./src/bsp/stm32f1xx_it.o
                0x080003b8                UsageFault_Handler
 .text.SVC_Handler
                0x080003c0        0xc ./src/bsp/stm32f1xx_it.o
                0x080003c0                SVC_Handler
 .text.DebugMon_Handler
                0x080003cc        0xc ./src/bsp/stm32f1xx_it.o
                0x080003cc                DebugMon_Handler
 .text.PendSV_Handler
                0x080003d8        0xc ./src/bsp/stm32f1xx_it.o
                0x080003d8                PendSV_Handler
 .text.SysTick_Handler
                0x080003e4        0xc ./src/bsp/stm32f1xx_it.o
                0x080003e4                SysTick_Handler
 .text.USB_LP_CAN1_RX0_IRQHandler
                0x080003f0       0x14 ./src/bsp/stm32f1xx_it.o
                0x080003f0                USB_LP_CAN1_RX0_IRQHandler
 .text.USART1_IRQHandler
                0x08000404       0x14 ./src/bsp/stm32f1xx_it.o
                0x08000404                USART1_IRQHandler
 .text._sbrk    0x08000418       0x6c ./src/bsp/sysmem.o
                0x08000418                _sbrk
 .text.SystemInit
                0x08000484        0xc ./src/bsp/system_stm32f1xx.o
                0x08000484                SystemInit
 .text.Reset_Handler
                0x08000490       0x48 ./src/bsp/startup/startup_stm32f103c8tx.o
                0x08000490                Reset_Handler
 .text.Default_Handler
                0x080004d8        0x2 ./src/bsp/startup/startup_stm32f103c8tx.o
                0x080004d8                RTC_Alarm_IRQHandler
                0x080004d8                EXTI2_IRQHandler
                0x080004d8                TIM1_CC_IRQHandler
                0x080004d8                PVD_IRQHandler
                0x080004d8                EXTI3_IRQHandler
                0x080004d8                EXTI0_IRQHandler
                0x080004d8                I2C2_EV_IRQHandler
                0x080004d8                ADC1_2_IRQHandler
                0x080004d8                SPI1_IRQHandler
                0x080004d8                TAMPER_IRQHandler
                0x080004d8                DMA1_Channel4_IRQHandler
                0x080004d8                USART3_IRQHandler
                0x080004d8                RTC_IRQHandler
                0x080004d8                DMA1_Channel7_IRQHandler
                0x080004d8                CAN1_RX1_IRQHandler
                0x080004d8                TIM4_IRQHandler
                0x080004d8                I2C1_EV_IRQHandler
                0x080004d8                DMA1_Channel6_IRQHandler
                0x080004d8                TIM3_IRQHandler
                0x080004d8                RCC_IRQHandler
                0x080004d8                TIM1_TRG_COM_IRQHandler
                0x080004d8                DMA1_Channel1_IRQHandler
                0x080004d8                Default_Handler
                0x080004d8                EXTI15_10_IRQHandler
                0x080004d8                EXTI9_5_IRQHandler
                0x080004d8                SPI2_IRQHandler
                0x080004d8                DMA1_Channel5_IRQHandler
                0x080004d8                EXTI4_IRQHandler
                0x080004d8                USB_HP_CAN1_TX_IRQHandler
                0x080004d8                DMA1_Channel3_IRQHandler
                0x080004d8                TIM1_UP_IRQHandler
                0x080004d8                WWDG_IRQHandler
                0x080004d8                TIM2_IRQHandler
                0x080004d8                TIM1_BRK_IRQHandler
                0x080004d8                EXTI1_IRQHandler
                0x080004d8                USART2_IRQHandler
                0x080004d8                I2C2_ER_IRQHandler
                0x080004d8                DMA1_Channel2_IRQHandler
                0x080004d8                CAN1_SCE_IRQHandler
                0x080004d8                FLASH_IRQHandler
                0x080004d8                I2C1_ER_IRQHandler
                0x080004d8                USBWakeUp_IRQHandler
 .text.qbufferCreate
                0x080004da       0x34 ./src/common/core/qbuffer.o
                0x080004da                qbufferCreate
 .text.qbufferWrite
                0x0800050e       0x7a ./src/common/core/qbuffer.o
                0x0800050e                qbufferWrite
 .text.qbufferRead
                0x08000588       0x78 ./src/common/core/qbuffer.o
                0x08000588                qbufferRead
 .text.qbufferAvailable
                0x08000600       0x2e ./src/common/core/qbuffer.o
                0x08000600                qbufferAvailable
 *fill*         0x0800062e        0x2 
 .text.ledInit  0x08000630       0x7c ./src/hw/driver/led.o
                0x08000630                ledInit
 .text.ledOff   0x080006ac       0x40 ./src/hw/driver/led.o
                0x080006ac                ledOff
 .text.ledToggle
                0x080006ec       0x38 ./src/hw/driver/led.o
                0x080006ec                ledToggle
 .text.resetInit
                0x08000724       0x58 ./src/hw/driver/reset.o
                0x08000724                resetInit
 .text.rtcInit  0x0800077c       0x40 ./src/hw/driver/rtc.o
                0x0800077c                rtcInit
 .text.rtcBackupRegWrite
                0x080007bc       0x20 ./src/hw/driver/rtc.o
                0x080007bc                rtcBackupRegWrite
 .text.rtcBackupRegRead
                0x080007dc       0x20 ./src/hw/driver/rtc.o
                0x080007dc                rtcBackupRegRead
 .text.HAL_RTC_MspInit
                0x080007fc       0x48 ./src/hw/driver/rtc.o
                0x080007fc                HAL_RTC_MspInit
 .text.uartInit
                0x08000844       0x34 ./src/hw/driver/uart.o
                0x08000844                uartInit
 .text.uartOpen
                0x08000878       0xbc ./src/hw/driver/uart.o
                0x08000878                uartOpen
 .text.uartAvailable
                0x08000934       0x3c ./src/hw/driver/uart.o
                0x08000934                uartAvailable
 .text.uartRead
                0x08000970       0x44 ./src/hw/driver/uart.o
                0x08000970                uartRead
 .text.uartWrite
                0x080009b4       0x58 ./src/hw/driver/uart.o
                0x080009b4                uartWrite
 .text.uartPrintf
                0x08000a0c       0x70 ./src/hw/driver/uart.o
                0x08000a0c                uartPrintf
 .text.HAL_UART_ErrorCallback
                0x08000a7c       0x12 ./src/hw/driver/uart.o
                0x08000a7c                HAL_UART_ErrorCallback
 *fill*         0x08000a8e        0x2 
 .text.HAL_UART_RxCpltCallback
                0x08000a90       0x40 ./src/hw/driver/uart.o
                0x08000a90                HAL_UART_RxCpltCallback
 .text.HAL_UART_MspInit
                0x08000ad0       0xa8 ./src/hw/driver/uart.o
                0x08000ad0                HAL_UART_MspInit
 .text.usbInit  0x08000b78       0x70 ./src/hw/driver/usb.o
                0x08000b78                usbInit
 .text.hwInit   0x08000be8       0x20 ./src/hw/hw.o
                0x08000be8                hwInit
 .text.HAL_Init
                0x08000c08       0x2c ./src/lib/baram/Drivers/STM32F1xx_HAL_Driver/Src/stm32f1xx_hal.o
                0x08000c08                HAL_Init
 .text.HAL_InitTick
                0x08000c34       0x60 ./src/lib/baram/Drivers/STM32F1xx_HAL_Driver/Src/stm32f1xx_hal.o
                0x08000c34                HAL_InitTick
 .text.HAL_IncTick
                0x08000c94       0x24 ./src/lib/baram/Drivers/STM32F1xx_HAL_Driver/Src/stm32f1xx_hal.o
                0x08000c94                HAL_IncTick
 .text.HAL_GetTick
                0x08000cb8       0x14 ./src/lib/baram/Drivers/STM32F1xx_HAL_Driver/Src/stm32f1xx_hal.o
                0x08000cb8                HAL_GetTick
 .text.HAL_Delay
                0x08000ccc       0x48 ./src/lib/baram/Drivers/STM32F1xx_HAL_Driver/Src/stm32f1xx_hal.o
                0x08000ccc                HAL_Delay
 .text.__NVIC_SetPriorityGrouping
                0x08000d14       0x48 ./src/lib/baram/Drivers/STM32F1xx_HAL_Driver/Src/stm32f1xx_hal_cortex.o
 .text.__NVIC_GetPriorityGrouping
                0x08000d5c       0x1c ./src/lib/baram/Drivers/STM32F1xx_HAL_Driver/Src/stm32f1xx_hal_cortex.o
 .text.__NVIC_EnableIRQ
                0x08000d78       0x38 ./src/lib/baram/Drivers/STM32F1xx_HAL_Driver/Src/stm32f1xx_hal_cortex.o
 .text.__NVIC_SetPriority
                0x08000db0       0x54 ./src/lib/baram/Drivers/STM32F1xx_HAL_Driver/Src/stm32f1xx_hal_cortex.o
 .text.NVIC_EncodePriority
                0x08000e04       0x64 ./src/lib/baram/Drivers/STM32F1xx_HAL_Driver/Src/stm32f1xx_hal_cortex.o
 .text.SysTick_Config
                0x08000e68       0x44 ./src/lib/baram/Drivers/STM32F1xx_HAL_Driver/Src/stm32f1xx_hal_cortex.o
 .text.HAL_NVIC_SetPriorityGrouping
                0x08000eac       0x16 ./src/lib/baram/Drivers/STM32F1xx_HAL_Driver/Src/stm32f1xx_hal_cortex.o
                0x08000eac                HAL_NVIC_SetPriorityGrouping
 .text.HAL_NVIC_SetPriority
                0x08000ec2       0x38 ./src/lib/baram/Drivers/STM32F1xx_HAL_Driver/Src/stm32f1xx_hal_cortex.o
                0x08000ec2                HAL_NVIC_SetPriority
 .text.HAL_NVIC_EnableIRQ
                0x08000efa       0x1c ./src/lib/baram/Drivers/STM32F1xx_HAL_Driver/Src/stm32f1xx_hal_cortex.o
                0x08000efa                HAL_NVIC_EnableIRQ
 .text.HAL_SYSTICK_Config
                0x08000f16       0x18 ./src/lib/baram/Drivers/STM32F1xx_HAL_Driver/Src/stm32f1xx_hal_cortex.o
                0x08000f16                HAL_SYSTICK_Config
 .text.HAL_DMA_Abort
                0x08000f2e       0x76 ./src/lib/baram/Drivers/STM32F1xx_HAL_Driver/Src/stm32f1xx_hal_dma.o
                0x08000f2e                HAL_DMA_Abort
 .text.HAL_DMA_Abort_IT
                0x08000fa4       0xf0 ./src/lib/baram/Drivers/STM32F1xx_HAL_Driver/Src/stm32f1xx_hal_dma.o
                0x08000fa4                HAL_DMA_Abort_IT
 .text.HAL_GPIO_Init
                0x08001094      0x308 ./src/lib/baram/Drivers/STM32F1xx_HAL_Driver/Src/stm32f1xx_hal_gpio.o
                0x08001094                HAL_GPIO_Init
 .text.HAL_GPIO_WritePin
                0x0800139c       0x30 ./src/lib/baram/Drivers/STM32F1xx_HAL_Driver/Src/stm32f1xx_hal_gpio.o
                0x0800139c                HAL_GPIO_WritePin
 .text.HAL_GPIO_TogglePin
                0x080013cc       0x32 ./src/lib/baram/Drivers/STM32F1xx_HAL_Driver/Src/stm32f1xx_hal_gpio.o
                0x080013cc                HAL_GPIO_TogglePin
 .text.HAL_PCD_Init
                0x080013fe      0x1ec ./src/lib/baram/Drivers/STM32F1xx_HAL_Driver/Src/stm32f1xx_hal_pcd.o
                0x080013fe                HAL_PCD_Init
 .text.HAL_PCD_Start
                0x080015ea       0x4c ./src/lib/baram/Drivers/STM32F1xx_HAL_Driver/Src/stm32f1xx_hal_pcd.o
                0x080015ea                HAL_PCD_Start
 .text.HAL_PCD_IRQHandler
                0x08001636      0x260 ./src/lib/baram/Drivers/STM32F1xx_HAL_Driver/Src/stm32f1xx_hal_pcd.o
                0x08001636                HAL_PCD_IRQHandler
 .text.HAL_PCD_SetAddress
                0x08001896       0x48 ./src/lib/baram/Drivers/STM32F1xx_HAL_Driver/Src/stm32f1xx_hal_pcd.o
                0x08001896                HAL_PCD_SetAddress
 .text.HAL_PCD_EP_Open
                0x080018de       0xba ./src/lib/baram/Drivers/STM32F1xx_HAL_Driver/Src/stm32f1xx_hal_pcd.o
                0x080018de                HAL_PCD_EP_Open
 .text.HAL_PCD_EP_Close
                0x08001998       0x90 ./src/lib/baram/Drivers/STM32F1xx_HAL_Driver/Src/stm32f1xx_hal_pcd.o
                0x08001998                HAL_PCD_EP_Close
 .text.HAL_PCD_EP_Receive
                0x08001a28       0x62 ./src/lib/baram/Drivers/STM32F1xx_HAL_Driver/Src/stm32f1xx_hal_pcd.o
                0x08001a28                HAL_PCD_EP_Receive
 .text.HAL_PCD_EP_GetRxCount
                0x08001a8a       0x2e ./src/lib/baram/Drivers/STM32F1xx_HAL_Driver/Src/stm32f1xx_hal_pcd.o
                0x08001a8a                HAL_PCD_EP_GetRxCount
 .text.HAL_PCD_EP_Transmit
                0x08001ab8       0x6e ./src/lib/baram/Drivers/STM32F1xx_HAL_Driver/Src/stm32f1xx_hal_pcd.o
                0x08001ab8                HAL_PCD_EP_Transmit
 .text.HAL_PCD_EP_SetStall
                0x08001b26       0xc0 ./src/lib/baram/Drivers/STM32F1xx_HAL_Driver/Src/stm32f1xx_hal_pcd.o
                0x08001b26                HAL_PCD_EP_SetStall
 .text.HAL_PCD_EP_ClrStall
                0x08001be6       0xa8 ./src/lib/baram/Drivers/STM32F1xx_HAL_Driver/Src/stm32f1xx_hal_pcd.o
                0x08001be6                HAL_PCD_EP_ClrStall
 .text.PCD_EP_ISR_Handler
                0x08001c8e      0x79e ./src/lib/baram/Drivers/STM32F1xx_HAL_Driver/Src/stm32f1xx_hal_pcd.o
 .text.HAL_PCD_EP_DB_Receive
                0x0800242c      0x21a ./src/lib/baram/Drivers/STM32F1xx_HAL_Driver/Src/stm32f1xx_hal_pcd.o
 .text.HAL_PCD_EP_DB_Transmit
                0x08002646      0x7f4 ./src/lib/baram/Drivers/STM32F1xx_HAL_Driver/Src/stm32f1xx_hal_pcd.o
 .text.HAL_PCDEx_PMAConfig
                0x08002e3a       0x84 ./src/lib/baram/Drivers/STM32F1xx_HAL_Driver/Src/stm32f1xx_hal_pcd_ex.o
                0x08002e3a                HAL_PCDEx_PMAConfig
 *fill*         0x08002ebe        0x2 
 .text.HAL_PWR_EnableBkUpAccess
                0x08002ec0       0x18 ./src/lib/baram/Drivers/STM32F1xx_HAL_Driver/Src/stm32f1xx_hal_pwr.o
                0x08002ec0                HAL_PWR_EnableBkUpAccess
 .text.HAL_RCC_OscConfig
                0x08002ed8      0x504 ./src/lib/baram/Drivers/STM32F1xx_HAL_Driver/Src/stm32f1xx_hal_rcc.o
                0x08002ed8                HAL_RCC_OscConfig
 .text.HAL_RCC_ClockConfig
                0x080033dc      0x1d4 ./src/lib/baram/Drivers/STM32F1xx_HAL_Driver/Src/stm32f1xx_hal_rcc.o
                0x080033dc                HAL_RCC_ClockConfig
 .text.HAL_RCC_GetSysClockFreq
                0x080035b0       0xa8 ./src/lib/baram/Drivers/STM32F1xx_HAL_Driver/Src/stm32f1xx_hal_rcc.o
                0x080035b0                HAL_RCC_GetSysClockFreq
 .text.HAL_RCC_GetHCLKFreq
                0x08003658       0x14 ./src/lib/baram/Drivers/STM32F1xx_HAL_Driver/Src/stm32f1xx_hal_rcc.o
                0x08003658                HAL_RCC_GetHCLKFreq
 .text.HAL_RCC_GetPCLK1Freq
                0x0800366c       0x28 ./src/lib/baram/Drivers/STM32F1xx_HAL_Driver/Src/stm32f1xx_hal_rcc.o
                0x0800366c                HAL_RCC_GetPCLK1Freq
 .text.HAL_RCC_GetPCLK2Freq
                0x08003694       0x28 ./src/lib/baram/Drivers/STM32F1xx_HAL_Driver/Src/stm32f1xx_hal_rcc.o
                0x08003694                HAL_RCC_GetPCLK2Freq
 .text.RCC_Delay
                0x080036bc       0x3c ./src/lib/baram/Drivers/STM32F1xx_HAL_Driver/Src/stm32f1xx_hal_rcc.o
 .text.HAL_RCCEx_PeriphCLKConfig
                0x080036f8      0x16c ./src/lib/baram/Drivers/STM32F1xx_HAL_Driver/Src/stm32f1xx_hal_rcc_ex.o
                0x080036f8                HAL_RCCEx_PeriphCLKConfig
 .text.HAL_RCCEx_GetPeriphCLKFreq
                0x08003864      0x16c ./src/lib/baram/Drivers/STM32F1xx_HAL_Driver/Src/stm32f1xx_hal_rcc_ex.o
                0x08003864                HAL_RCCEx_GetPeriphCLKFreq
 .text.HAL_RTC_Init
                0x080039d0      0x118 ./src/lib/baram/Drivers/STM32F1xx_HAL_Driver/Src/stm32f1xx_hal_rtc.o
                0x080039d0                HAL_RTC_Init
 .text.HAL_RTC_WaitForSynchro
                0x08003ae8       0x5a ./src/lib/baram/Drivers/STM32F1xx_HAL_Driver/Src/stm32f1xx_hal_rtc.o
                0x08003ae8                HAL_RTC_WaitForSynchro
 .text.RTC_EnterInitMode
                0x08003b42       0x50 ./src/lib/baram/Drivers/STM32F1xx_HAL_Driver/Src/stm32f1xx_hal_rtc.o
 .text.RTC_ExitInitMode
                0x08003b92       0x50 ./src/lib/baram/Drivers/STM32F1xx_HAL_Driver/Src/stm32f1xx_hal_rtc.o
 *fill*         0x08003be2        0x2 
 .text.HAL_RTCEx_BKUPWrite
                0x08003be4       0x34 ./src/lib/baram/Drivers/STM32F1xx_HAL_Driver/Src/stm32f1xx_hal_rtc_ex.o
                0x08003be4                HAL_RTCEx_BKUPWrite
 .text.HAL_RTCEx_BKUPRead
                0x08003c18       0x38 ./src/lib/baram/Drivers/STM32F1xx_HAL_Driver/Src/stm32f1xx_hal_rtc_ex.o
                0x08003c18                HAL_RTCEx_BKUPRead
 .text.HAL_UART_Init
                0x08003c50       0xa0 ./src/lib/baram/Drivers/STM32F1xx_HAL_Driver/Src/stm32f1xx_hal_uart.o
                0x08003c50                HAL_UART_Init
 .text.HAL_UART_Transmit
                0x08003cf0      0x116 ./src/lib/baram/Drivers/STM32F1xx_HAL_Driver/Src/stm32f1xx_hal_uart.o
                0x08003cf0                HAL_UART_Transmit
 .text.HAL_UART_Receive_IT
                0x08003e06       0x4a ./src/lib/baram/Drivers/STM32F1xx_HAL_Driver/Src/stm32f1xx_hal_uart.o
                0x08003e06                HAL_UART_Receive_IT
 .text.HAL_UART_IRQHandler
                0x08003e50      0x524 ./src/lib/baram/Drivers/STM32F1xx_HAL_Driver/Src/stm32f1xx_hal_uart.o
                0x08003e50                HAL_UART_IRQHandler
 .text.HAL_UART_TxCpltCallback
                0x08004374       0x12 ./src/lib/baram/Drivers/STM32F1xx_HAL_Driver/Src/stm32f1xx_hal_uart.o
                0x08004374                HAL_UART_TxCpltCallback
 .text.HAL_UARTEx_RxEventCallback
                0x08004386       0x16 ./src/lib/baram/Drivers/STM32F1xx_HAL_Driver/Src/stm32f1xx_hal_uart.o
                0x08004386                HAL_UARTEx_RxEventCallback
 .text.UART_WaitOnFlagUntilTimeout
                0x0800439c       0xb2 ./src/lib/baram/Drivers/STM32F1xx_HAL_Driver/Src/stm32f1xx_hal_uart.o
 .text.UART_Start_Receive_IT
                0x0800444e       0x72 ./src/lib/baram/Drivers/STM32F1xx_HAL_Driver/Src/stm32f1xx_hal_uart.o
                0x0800444e                UART_Start_Receive_IT
 .text.UART_EndRxTransfer
                0x080044c0       0xc4 ./src/lib/baram/Drivers/STM32F1xx_HAL_Driver/Src/stm32f1xx_hal_uart.o
 .text.UART_DMAAbortOnError
                0x08004584       0x28 ./src/lib/baram/Drivers/STM32F1xx_HAL_Driver/Src/stm32f1xx_hal_uart.o
 .text.UART_Transmit_IT
                0x080045ac       0x9e ./src/lib/baram/Drivers/STM32F1xx_HAL_Driver/Src/stm32f1xx_hal_uart.o
 .text.UART_EndTransmit_IT
                0x0800464a       0x30 ./src/lib/baram/Drivers/STM32F1xx_HAL_Driver/Src/stm32f1xx_hal_uart.o
 .text.UART_Receive_IT
                0x0800467a      0x17c ./src/lib/baram/Drivers/STM32F1xx_HAL_Driver/Src/stm32f1xx_hal_uart.o
 *fill*         0x080047f6        0x2 
 .text.UART_SetConfig
                0x080047f8      0x11c ./src/lib/baram/Drivers/STM32F1xx_HAL_Driver/Src/stm32f1xx_hal_uart.o
 .text.USB_CoreInit
                0x08004914       0x1a ./src/lib/baram/Drivers/STM32F1xx_HAL_Driver/Src/stm32f1xx_ll_usb.o
                0x08004914                USB_CoreInit
 .text.USB_EnableGlobalInt
                0x0800492e       0x2c ./src/lib/baram/Drivers/STM32F1xx_HAL_Driver/Src/stm32f1xx_ll_usb.o
                0x0800492e                USB_EnableGlobalInt
 .text.USB_DisableGlobalInt
                0x0800495a       0x34 ./src/lib/baram/Drivers/STM32F1xx_HAL_Driver/Src/stm32f1xx_ll_usb.o
                0x0800495a                USB_DisableGlobalInt
 .text.USB_SetCurrentMode
                0x0800498e       0x18 ./src/lib/baram/Drivers/STM32F1xx_HAL_Driver/Src/stm32f1xx_ll_usb.o
                0x0800498e                USB_SetCurrentMode
 .text.USB_DevInit
                0x080049a6       0x3a ./src/lib/baram/Drivers/STM32F1xx_HAL_Driver/Src/stm32f1xx_ll_usb.o
                0x080049a6                USB_DevInit
 .text.USB_ActivateEndpoint
                0x080049e0      0x780 ./src/lib/baram/Drivers/STM32F1xx_HAL_Driver/Src/stm32f1xx_ll_usb.o
                0x080049e0                USB_ActivateEndpoint
 .text.USB_DeactivateEndpoint
                0x08005160      0x3d8 ./src/lib/baram/Drivers/STM32F1xx_HAL_Driver/Src/stm32f1xx_ll_usb.o
                0x08005160                USB_DeactivateEndpoint
 .text.USB_EPStartXfer
                0x08005538     0x1762 ./src/lib/baram/Drivers/STM32F1xx_HAL_Driver/Src/stm32f1xx_ll_usb.o
                0x08005538                USB_EPStartXfer
 .text.USB_EPSetStall
                0x08006c9a       0xa0 ./src/lib/baram/Drivers/STM32F1xx_HAL_Driver/Src/stm32f1xx_ll_usb.o
                0x08006c9a                USB_EPSetStall
 .text.USB_EPClearStall
                0x08006d3a      0x15a ./src/lib/baram/Drivers/STM32F1xx_HAL_Driver/Src/stm32f1xx_ll_usb.o
                0x08006d3a                USB_EPClearStall
 .text.USB_SetDevAddress
                0x08006e94       0x26 ./src/lib/baram/Drivers/STM32F1xx_HAL_Driver/Src/stm32f1xx_ll_usb.o
                0x08006e94                USB_SetDevAddress
 .text.USB_DevConnect
                0x08006eba       0x14 ./src/lib/baram/Drivers/STM32F1xx_HAL_Driver/Src/stm32f1xx_ll_usb.o
                0x08006eba                USB_DevConnect
 .text.USB_DevDisconnect
                0x08006ece       0x14 ./src/lib/baram/Drivers/STM32F1xx_HAL_Driver/Src/stm32f1xx_ll_usb.o
                0x08006ece                USB_DevDisconnect
 .text.USB_ReadInterrupts
                0x08006ee2       0x1e ./src/lib/baram/Drivers/STM32F1xx_HAL_Driver/Src/stm32f1xx_ll_usb.o
                0x08006ee2                USB_ReadInterrupts
 .text.USB_EP0_OutStart
                0x08006f00       0x16 ./src/lib/baram/Drivers/STM32F1xx_HAL_Driver/Src/stm32f1xx_ll_usb.o
                0x08006f00                USB_EP0_OutStart
 .text.USB_WritePMA
                0x08006f16       0x8a ./src/lib/baram/Drivers/STM32F1xx_HAL_Driver/Src/stm32f1xx_ll_usb.o
                0x08006f16                USB_WritePMA
 .text.USB_ReadPMA
                0x08006fa0       0x9e ./src/lib/baram/Drivers/STM32F1xx_HAL_Driver/Src/stm32f1xx_ll_usb.o
                0x08006fa0                USB_ReadPMA
 .text.USBD_CDC_Init
                0x0800703e       0xf4 ./src/lib/baram/Middlewares/ST/STM32_USB_Device_Library/Class/CDC/Src/usbd_cdc.o
 .text.USBD_CDC_DeInit
                0x08007132       0x6e ./src/lib/baram/Middlewares/ST/STM32_USB_Device_Library/Class/CDC/Src/usbd_cdc.o
 .text.USBD_CDC_Setup
                0x080071a0      0x146 ./src/lib/baram/Middlewares/ST/STM32_USB_Device_Library/Class/CDC/Src/usbd_cdc.o
 .text.USBD_CDC_DataIn
                0x080072e6       0xa6 ./src/lib/baram/Middlewares/ST/STM32_USB_Device_Library/Class/CDC/Src/usbd_cdc.o
 .text.USBD_CDC_DataOut
                0x0800738c       0x56 ./src/lib/baram/Middlewares/ST/STM32_USB_Device_Library/Class/CDC/Src/usbd_cdc.o
 .text.USBD_CDC_EP0_RxReady
                0x080073e2       0x4e ./src/lib/baram/Middlewares/ST/STM32_USB_Device_Library/Class/CDC/Src/usbd_cdc.o
 .text.USBD_CDC_GetFSCfgDesc
                0x08007430       0x20 ./src/lib/baram/Middlewares/ST/STM32_USB_Device_Library/Class/CDC/Src/usbd_cdc.o
 .text.USBD_CDC_GetHSCfgDesc
                0x08007450       0x20 ./src/lib/baram/Middlewares/ST/STM32_USB_Device_Library/Class/CDC/Src/usbd_cdc.o
 .text.USBD_CDC_GetOtherSpeedCfgDesc
                0x08007470       0x20 ./src/lib/baram/Middlewares/ST/STM32_USB_Device_Library/Class/CDC/Src/usbd_cdc.o
 .text.USBD_CDC_GetDeviceQualifierDescriptor
                0x08007490       0x20 ./src/lib/baram/Middlewares/ST/STM32_USB_Device_Library/Class/CDC/Src/usbd_cdc.o
                0x08007490                USBD_CDC_GetDeviceQualifierDescriptor
 .text.USBD_CDC_RegisterInterface
                0x080074b0       0x2c ./src/lib/baram/Middlewares/ST/STM32_USB_Device_Library/Class/CDC/Src/usbd_cdc.o
                0x080074b0                USBD_CDC_RegisterInterface
 .text.USBD_CDC_SetTxBuffer
                0x080074dc       0x32 ./src/lib/baram/Middlewares/ST/STM32_USB_Device_Library/Class/CDC/Src/usbd_cdc.o
                0x080074dc                USBD_CDC_SetTxBuffer
 .text.USBD_CDC_SetRxBuffer
                0x0800750e       0x26 ./src/lib/baram/Middlewares/ST/STM32_USB_Device_Library/Class/CDC/Src/usbd_cdc.o
                0x0800750e                USBD_CDC_SetRxBuffer
 .text.USBD_CDC_TransmitPacket
                0x08007534       0x5e ./src/lib/baram/Middlewares/ST/STM32_USB_Device_Library/Class/CDC/Src/usbd_cdc.o
                0x08007534                USBD_CDC_TransmitPacket
 .text.USBD_CDC_ReceivePacket
                0x08007592       0x54 ./src/lib/baram/Middlewares/ST/STM32_USB_Device_Library/Class/CDC/Src/usbd_cdc.o
                0x08007592                USBD_CDC_ReceivePacket
 .text.USBD_Init
                0x080075e6       0x56 ./src/lib/baram/Middlewares/ST/STM32_USB_Device_Library/Core/Src/usbd_core.o
                0x080075e6                USBD_Init
 .text.USBD_RegisterClass
                0x0800763c       0x32 ./src/lib/baram/Middlewares/ST/STM32_USB_Device_Library/Core/Src/usbd_core.o
                0x0800763c                USBD_RegisterClass
 .text.USBD_Start
                0x0800766e       0x18 ./src/lib/baram/Middlewares/ST/STM32_USB_Device_Library/Core/Src/usbd_core.o
                0x0800766e                USBD_Start
 .text.USBD_RunTestMode
                0x08007686       0x14 ./src/lib/baram/Middlewares/ST/STM32_USB_Device_Library/Core/Src/usbd_core.o
                0x08007686                USBD_RunTestMode
 .text.USBD_SetClassConfig
                0x0800769a       0x3e ./src/lib/baram/Middlewares/ST/STM32_USB_Device_Library/Core/Src/usbd_core.o
                0x0800769a                USBD_SetClassConfig
 .text.USBD_ClrClassConfig
                0x080076d8       0x26 ./src/lib/baram/Middlewares/ST/STM32_USB_Device_Library/Core/Src/usbd_core.o
                0x080076d8                USBD_ClrClassConfig
 .text.USBD_LL_SetupStage
                0x080076fe       0x9a ./src/lib/baram/Middlewares/ST/STM32_USB_Device_Library/Core/Src/usbd_core.o
                0x080076fe                USBD_LL_SetupStage
 .text.USBD_LL_DataOutStage
                0x08007798       0xe2 ./src/lib/baram/Middlewares/ST/STM32_USB_Device_Library/Core/Src/usbd_core.o
                0x08007798                USBD_LL_DataOutStage
 .text.USBD_LL_DataInStage
                0x0800787a      0x14a ./src/lib/baram/Middlewares/ST/STM32_USB_Device_Library/Core/Src/usbd_core.o
                0x0800787a                USBD_LL_DataInStage
 .text.USBD_LL_Reset
                0x080079c4       0x82 ./src/lib/baram/Middlewares/ST/STM32_USB_Device_Library/Core/Src/usbd_core.o
                0x080079c4                USBD_LL_Reset
 .text.USBD_LL_SetSpeed
                0x08007a46       0x1e ./src/lib/baram/Middlewares/ST/STM32_USB_Device_Library/Core/Src/usbd_core.o
                0x08007a46                USBD_LL_SetSpeed
 .text.USBD_LL_Suspend
                0x08007a64       0x28 ./src/lib/baram/Middlewares/ST/STM32_USB_Device_Library/Core/Src/usbd_core.o
                0x08007a64                USBD_LL_Suspend
 .text.USBD_LL_Resume
                0x08007a8c       0x2a ./src/lib/baram/Middlewares/ST/STM32_USB_Device_Library/Core/Src/usbd_core.o
                0x08007a8c                USBD_LL_Resume
 .text.USBD_LL_SOF
                0x08007ab6       0x34 ./src/lib/baram/Middlewares/ST/STM32_USB_Device_Library/Core/Src/usbd_core.o
                0x08007ab6                USBD_LL_SOF
 *fill*         0x08007aea        0x2 
 .text.USBD_StdDevReq
                0x08007aec       0xd4 ./src/lib/baram/Middlewares/ST/STM32_USB_Device_Library/Core/Src/usbd_ctlreq.o
                0x08007aec                USBD_StdDevReq
 .text.USBD_StdItfReq
                0x08007bc0       0x90 ./src/lib/baram/Middlewares/ST/STM32_USB_Device_Library/Core/Src/usbd_ctlreq.o
                0x08007bc0                USBD_StdItfReq
 .text.USBD_StdEPReq
                0x08007c50      0x2c6 ./src/lib/baram/Middlewares/ST/STM32_USB_Device_Library/Core/Src/usbd_ctlreq.o
                0x08007c50                USBD_StdEPReq
 *fill*         0x08007f16        0x2 
 .text.USBD_GetDescriptor
                0x08007f18      0x2d0 ./src/lib/baram/Middlewares/ST/STM32_USB_Device_Library/Core/Src/usbd_ctlreq.o
 .text.USBD_SetAddress
                0x080081e8       0x86 ./src/lib/baram/Middlewares/ST/STM32_USB_Device_Library/Core/Src/usbd_ctlreq.o
 *fill*         0x0800826e        0x2 
 .text.USBD_SetConfig
                0x08008270      0x11c ./src/lib/baram/Middlewares/ST/STM32_USB_Device_Library/Core/Src/usbd_ctlreq.o
 .text.USBD_GetConfig
                0x0800838c       0x6a ./src/lib/baram/Middlewares/ST/STM32_USB_Device_Library/Core/Src/usbd_ctlreq.o
 .text.USBD_GetStatus
                0x080083f6       0x66 ./src/lib/baram/Middlewares/ST/STM32_USB_Device_Library/Core/Src/usbd_ctlreq.o
 .text.USBD_SetFeature
                0x0800845c       0x28 ./src/lib/baram/Middlewares/ST/STM32_USB_Device_Library/Core/Src/usbd_ctlreq.o
 .text.USBD_ClrFeature
                0x08008484       0x42 ./src/lib/baram/Middlewares/ST/STM32_USB_Device_Library/Core/Src/usbd_ctlreq.o
 .text.USBD_ParseSetupRequest
                0x080084c6       0x72 ./src/lib/baram/Middlewares/ST/STM32_USB_Device_Library/Core/Src/usbd_ctlreq.o
                0x080084c6                USBD_ParseSetupRequest
 .text.USBD_CtlError
                0x08008538       0x22 ./src/lib/baram/Middlewares/ST/STM32_USB_Device_Library/Core/Src/usbd_ctlreq.o
                0x08008538                USBD_CtlError
 .text.USBD_GetString
                0x0800855a       0x84 ./src/lib/baram/Middlewares/ST/STM32_USB_Device_Library/Core/Src/usbd_ctlreq.o
                0x0800855a                USBD_GetString
 .text.USBD_GetLen
                0x080085de       0x2e ./src/lib/baram/Middlewares/ST/STM32_USB_Device_Library/Core/Src/usbd_ctlreq.o
 .text.USBD_CtlSendData
                0x0800860c       0x38 ./src/lib/baram/Middlewares/ST/STM32_USB_Device_Library/Core/Src/usbd_ioreq.o
                0x0800860c                USBD_CtlSendData
 .text.USBD_CtlContinueSendData
                0x08008644       0x24 ./src/lib/baram/Middlewares/ST/STM32_USB_Device_Library/Core/Src/usbd_ioreq.o
                0x08008644                USBD_CtlContinueSendData
 .text.USBD_CtlPrepareRx
                0x08008668       0x3c ./src/lib/baram/Middlewares/ST/STM32_USB_Device_Library/Core/Src/usbd_ioreq.o
                0x08008668                USBD_CtlPrepareRx
 .text.USBD_CtlContinueRx
                0x080086a4       0x24 ./src/lib/baram/Middlewares/ST/STM32_USB_Device_Library/Core/Src/usbd_ioreq.o
                0x080086a4                USBD_CtlContinueRx
 .text.USBD_CtlSendStatus
                0x080086c8       0x26 ./src/lib/baram/Middlewares/ST/STM32_USB_Device_Library/Core/Src/usbd_ioreq.o
                0x080086c8                USBD_CtlSendStatus
 .text.USBD_CtlReceiveStatus
                0x080086ee       0x26 ./src/lib/baram/Middlewares/ST/STM32_USB_Device_Library/Core/Src/usbd_ioreq.o
                0x080086ee                USBD_CtlReceiveStatus
 .text.MX_USB_DEVICE_Init
                0x08008714       0x60 ./src/lib/baram/USB_DEVICE/App/usb_device.o
                0x08008714                MX_USB_DEVICE_Init
 .text.cdcAvailable
                0x08008774       0x38 ./src/lib/baram/USB_DEVICE/App/usbd_cdc_if.o
                0x08008774                cdcAvailable
 .text.cdcRead  0x080087ac       0x50 ./src/lib/baram/USB_DEVICE/App/usbd_cdc_if.o
                0x080087ac                cdcRead
 .text.cdcDataIn
                0x080087fc       0x54 ./src/lib/baram/USB_DEVICE/App/usbd_cdc_if.o
                0x080087fc                cdcDataIn
 .text.cdcWrite
                0x08008850       0x50 ./src/lib/baram/USB_DEVICE/App/usbd_cdc_if.o
                0x08008850                cdcWrite
 .text.CDC_Init_FS
                0x080088a0       0x28 ./src/lib/baram/USB_DEVICE/App/usbd_cdc_if.o
 .text.CDC_DeInit_FS
                0x080088c8        0xe ./src/lib/baram/USB_DEVICE/App/usbd_cdc_if.o
 *fill*         0x080088d6        0x2 
 .text.CDC_Control_FS
                0x080088d8      0x170 ./src/lib/baram/USB_DEVICE/App/usbd_cdc_if.o
 .text.CDC_Receive_FS
                0x08008a48       0x4c ./src/lib/baram/USB_DEVICE/App/usbd_cdc_if.o
 .text.CDC_Transmit_FS
                0x08008a94       0x4c ./src/lib/baram/USB_DEVICE/App/usbd_cdc_if.o
                0x08008a94                CDC_Transmit_FS
 .text.USBD_FS_DeviceDescriptor
                0x08008ae0       0x24 ./src/lib/baram/USB_DEVICE/App/usbd_desc.o
                0x08008ae0                USBD_FS_DeviceDescriptor
 .text.USBD_FS_LangIDStrDescriptor
                0x08008b04       0x24 ./src/lib/baram/USB_DEVICE/App/usbd_desc.o
                0x08008b04                USBD_FS_LangIDStrDescriptor
 .text.USBD_FS_ProductStrDescriptor
                0x08008b28       0x3c ./src/lib/baram/USB_DEVICE/App/usbd_desc.o
                0x08008b28                USBD_FS_ProductStrDescriptor
 .text.USBD_FS_ManufacturerStrDescriptor
                0x08008b64       0x28 ./src/lib/baram/USB_DEVICE/App/usbd_desc.o
                0x08008b64                USBD_FS_ManufacturerStrDescriptor
 .text.USBD_FS_SerialStrDescriptor
                0x08008b8c       0x24 ./src/lib/baram/USB_DEVICE/App/usbd_desc.o
                0x08008b8c                USBD_FS_SerialStrDescriptor
 .text.USBD_FS_ConfigStrDescriptor
                0x08008bb0       0x3c ./src/lib/baram/USB_DEVICE/App/usbd_desc.o
                0x08008bb0                USBD_FS_ConfigStrDescriptor
 .text.USBD_FS_InterfaceStrDescriptor
                0x08008bec       0x3c ./src/lib/baram/USB_DEVICE/App/usbd_desc.o
                0x08008bec                USBD_FS_InterfaceStrDescriptor
 .text.Get_SerialNum
                0x08008c28       0x58 ./src/lib/baram/USB_DEVICE/App/usbd_desc.o
 .text.IntToUnicode
                0x08008c80       0x7c ./src/lib/baram/USB_DEVICE/App/usbd_desc.o
 .text.HAL_PCD_MspInit
                0x08008cfc       0x4c ./src/lib/baram/USB_DEVICE/Target/usbd_conf.o
                0x08008cfc                HAL_PCD_MspInit
 .text.HAL_PCD_SetupStageCallback
                0x08008d48       0x24 ./src/lib/baram/USB_DEVICE/Target/usbd_conf.o
                0x08008d48                HAL_PCD_SetupStageCallback
 .text.HAL_PCD_DataOutStageCallback
                0x08008d6c       0x36 ./src/lib/baram/USB_DEVICE/Target/usbd_conf.o
                0x08008d6c                HAL_PCD_DataOutStageCallback
 .text.HAL_PCD_DataInStageCallback
                0x08008da2       0x34 ./src/lib/baram/USB_DEVICE/Target/usbd_conf.o
                0x08008da2                HAL_PCD_DataInStageCallback
 .text.HAL_PCD_SOFCallback
                0x08008dd6       0x1c ./src/lib/baram/USB_DEVICE/Target/usbd_conf.o
                0x08008dd6                HAL_PCD_SOFCallback
 .text.HAL_PCD_ResetCallback
                0x08008df2       0x3c ./src/lib/baram/USB_DEVICE/Target/usbd_conf.o
                0x08008df2                HAL_PCD_ResetCallback
 *fill*         0x08008e2e        0x2 
 .text.HAL_PCD_SuspendCallback
                0x08008e30       0x34 ./src/lib/baram/USB_DEVICE/Target/usbd_conf.o
                0x08008e30                HAL_PCD_SuspendCallback
 .text.HAL_PCD_ResumeCallback
                0x08008e64       0x1c ./src/lib/baram/USB_DEVICE/Target/usbd_conf.o
                0x08008e64                HAL_PCD_ResumeCallback
 .text.USBD_LL_Init
                0x08008e80       0xb4 ./src/lib/baram/USB_DEVICE/Target/usbd_conf.o
                0x08008e80                USBD_LL_Init
 .text.USBD_LL_Start
                0x08008f34       0x36 ./src/lib/baram/USB_DEVICE/Target/usbd_conf.o
                0x08008f34                USBD_LL_Start
 .text.USBD_LL_OpenEP
                0x08008f6a       0x4c ./src/lib/baram/USB_DEVICE/Target/usbd_conf.o
                0x08008f6a                USBD_LL_OpenEP
 .text.USBD_LL_CloseEP
                0x08008fb6       0x3e ./src/lib/baram/USB_DEVICE/Target/usbd_conf.o
                0x08008fb6                USBD_LL_CloseEP
 .text.USBD_LL_StallEP
                0x08008ff4       0x3e ./src/lib/baram/USB_DEVICE/Target/usbd_conf.o
                0x08008ff4                USBD_LL_StallEP
 .text.USBD_LL_ClearStallEP
                0x08009032       0x3e ./src/lib/baram/USB_DEVICE/Target/usbd_conf.o
                0x08009032                USBD_LL_ClearStallEP
 .text.USBD_LL_IsStallEP
                0x08009070       0x56 ./src/lib/baram/USB_DEVICE/Target/usbd_conf.o
                0x08009070                USBD_LL_IsStallEP
 .text.USBD_LL_SetUSBAddress
                0x080090c6       0x3e ./src/lib/baram/USB_DEVICE/Target/usbd_conf.o
                0x080090c6                USBD_LL_SetUSBAddress
 .text.USBD_LL_Transmit
                0x08009104       0x46 ./src/lib/baram/USB_DEVICE/Target/usbd_conf.o
                0x08009104                USBD_LL_Transmit
 .text.USBD_LL_PrepareReceive
                0x0800914a       0x46 ./src/lib/baram/USB_DEVICE/Target/usbd_conf.o
                0x0800914a                USBD_LL_PrepareReceive
 .text.USBD_LL_GetRxDataSize
                0x08009190       0x26 ./src/lib/baram/USB_DEVICE/Target/usbd_conf.o
                0x08009190                USBD_LL_GetRxDataSize
 *fill*         0x080091b6        0x2 
 .text.USBD_static_malloc
                0x080091b8       0x18 ./src/lib/baram/USB_DEVICE/Target/usbd_conf.o
                0x080091b8                USBD_static_malloc
 .text.USBD_static_free
                0x080091d0       0x12 ./src/lib/baram/USB_DEVICE/Target/usbd_conf.o
                0x080091d0                USBD_static_free
 .text.HAL_PCDEx_SetConnectionState
                0x080091e2       0x16 ./src/lib/baram/USB_DEVICE/Target/usbd_conf.o
                0x080091e2                HAL_PCDEx_SetConnectionState
 .text.USBD_Get_USB_Status
                0x080091f8       0x58 ./src/lib/baram/USB_DEVICE/Target/usbd_conf.o
 .text.main     0x08009250       0x16 ./src/main.o
                0x08009250                main
 .text._vsnprintf_r
                0x08009266       0x56 D:/Program Files/STM32CubeIDE_1.17.0/STM32CubeIDE/plugins/com.st.stm32cube.ide.mcu.externaltools.gnu-tools-for-stm32.12.3.rel1.win32_1.1.0.202410251130/tools/bin/../lib/gcc/arm-none-eabi/12.3.1/../../../../arm-none-eabi/lib/thumb/v7-m/nofp\libc_nano.a(libc_a-vsnprintf.o)
                0x08009266                _vsniprintf_r
                0x08009266                _vsnprintf_r
 .text.vsnprintf
                0x080092bc       0x1c D:/Program Files/STM32CubeIDE_1.17.0/STM32CubeIDE/plugins/com.st.stm32cube.ide.mcu.externaltools.gnu-tools-for-stm32.12.3.rel1.win32_1.1.0.202410251130/tools/bin/../lib/gcc/arm-none-eabi/12.3.1/../../../../arm-none-eabi/lib/thumb/v7-m/nofp\libc_nano.a(libc_a-vsnprintf.o)
                0x080092bc                vsniprintf
                0x080092bc                vsnprintf
 .text.memset   0x080092d8       0x10 D:/Program Files/STM32CubeIDE_1.17.0/STM32CubeIDE/plugins/com.st.stm32cube.ide.mcu.externaltools.gnu-tools-for-stm32.12.3.rel1.win32_1.1.0.202410251130/tools/bin/../lib/gcc/arm-none-eabi/12.3.1/../../../../arm-none-eabi/lib/thumb/v7-m/nofp\libc_nano.a(libc_a-memset.o)
                0x080092d8                memset
 .text.__errno  0x080092e8        0xc D:/Program Files/STM32CubeIDE_1.17.0/STM32CubeIDE/plugins/com.st.stm32cube.ide.mcu.externaltools.gnu-tools-for-stm32.12.3.rel1.win32_1.1.0.202410251130/tools/bin/../lib/gcc/arm-none-eabi/12.3.1/../../../../arm-none-eabi/lib/thumb/v7-m/nofp\libc_nano.a(libc_a-errno.o)
                0x080092e8                __errno
 .text.__libc_init_array
                0x080092f4       0x48 D:/Program Files/STM32CubeIDE_1.17.0/STM32CubeIDE/plugins/com.st.stm32cube.ide.mcu.externaltools.gnu-tools-for-stm32.12.3.rel1.win32_1.1.0.202410251130/tools/bin/../lib/gcc/arm-none-eabi/12.3.1/../../../../arm-none-eabi/lib/thumb/v7-m/nofp\libc_nano.a(libc_a-init.o)
                0x080092f4                __libc_init_array
 .text.__retarget_lock_acquire_recursive
                0x0800933c        0x2 D:/Program Files/STM32CubeIDE_1.17.0/STM32CubeIDE/plugins/com.st.stm32cube.ide.mcu.externaltools.gnu-tools-for-stm32.12.3.rel1.win32_1.1.0.202410251130/tools/bin/../lib/gcc/arm-none-eabi/12.3.1/../../../../arm-none-eabi/lib/thumb/v7-m/nofp\libc_nano.a(libc_a-lock.o)
                0x0800933c                __retarget_lock_acquire_recursive
 .text.__retarget_lock_release_recursive
                0x0800933e        0x2 D:/Program Files/STM32CubeIDE_1.17.0/STM32CubeIDE/plugins/com.st.stm32cube.ide.mcu.externaltools.gnu-tools-for-stm32.12.3.rel1.win32_1.1.0.202410251130/tools/bin/../lib/gcc/arm-none-eabi/12.3.1/../../../../arm-none-eabi/lib/thumb/v7-m/nofp\libc_nano.a(libc_a-lock.o)
                0x0800933e                __retarget_lock_release_recursive
 .text._free_r  0x08009340       0x90 D:/Program Files/STM32CubeIDE_1.17.0/STM32CubeIDE/plugins/com.st.stm32cube.ide.mcu.externaltools.gnu-tools-for-stm32.12.3.rel1.win32_1.1.0.202410251130/tools/bin/../lib/gcc/arm-none-eabi/12.3.1/../../../../arm-none-eabi/lib/thumb/v7-m/nofp\libc_nano.a(libc_a-freer.o)
                0x08009340                _free_r
 .text.sbrk_aligned
                0x080093d0       0x44 D:/Program Files/STM32CubeIDE_1.17.0/STM32CubeIDE/plugins/com.st.stm32cube.ide.mcu.externaltools.gnu-tools-for-stm32.12.3.rel1.win32_1.1.0.202410251130/tools/bin/../lib/gcc/arm-none-eabi/12.3.1/../../../../arm-none-eabi/lib/thumb/v7-m/nofp\libc_nano.a(libc_a-mallocr.o)
 .text._malloc_r
                0x08009414      0x100 D:/Program Files/STM32CubeIDE_1.17.0/STM32CubeIDE/plugins/com.st.stm32cube.ide.mcu.externaltools.gnu-tools-for-stm32.12.3.rel1.win32_1.1.0.202410251130/tools/bin/../lib/gcc/arm-none-eabi/12.3.1/../../../../arm-none-eabi/lib/thumb/v7-m/nofp\libc_nano.a(libc_a-mallocr.o)
                0x08009414                _malloc_r
 .text.__malloc_lock
                0x08009514        0xc D:/Program Files/STM32CubeIDE_1.17.0/STM32CubeIDE/plugins/com.st.stm32cube.ide.mcu.externaltools.gnu-tools-for-stm32.12.3.rel1.win32_1.1.0.202410251130/tools/bin/../lib/gcc/arm-none-eabi/12.3.1/../../../../arm-none-eabi/lib/thumb/v7-m/nofp\libc_nano.a(libc_a-mlock.o)
                0x08009514                __malloc_lock
 .text.__malloc_unlock
                0x08009520        0xc D:/Program Files/STM32CubeIDE_1.17.0/STM32CubeIDE/plugins/com.st.stm32cube.ide.mcu.externaltools.gnu-tools-for-stm32.12.3.rel1.win32_1.1.0.202410251130/tools/bin/../lib/gcc/arm-none-eabi/12.3.1/../../../../arm-none-eabi/lib/thumb/v7-m/nofp\libc_nano.a(libc_a-mlock.o)
                0x08009520                __malloc_unlock
 .text.__ssputs_r
                0x0800952c       0xb6 D:/Program Files/STM32CubeIDE_1.17.0/STM32CubeIDE/plugins/com.st.stm32cube.ide.mcu.externaltools.gnu-tools-for-stm32.12.3.rel1.win32_1.1.0.202410251130/tools/bin/../lib/gcc/arm-none-eabi/12.3.1/../../../../arm-none-eabi/lib/thumb/v7-m/nofp\libc_nano.a(libc_a-nano-svfprintf.o)
                0x0800952c                __ssputs_r
 *fill*         0x080095e2        0x2 
 .text._svfprintf_r
                0x080095e4      0x1f8 D:/Program Files/STM32CubeIDE_1.17.0/STM32CubeIDE/plugins/com.st.stm32cube.ide.mcu.externaltools.gnu-tools-for-stm32.12.3.rel1.win32_1.1.0.202410251130/tools/bin/../lib/gcc/arm-none-eabi/12.3.1/../../../../arm-none-eabi/lib/thumb/v7-m/nofp\libc_nano.a(libc_a-nano-svfprintf.o)
                0x080095e4                _svfiprintf_r
                0x080095e4                _svfprintf_r
 .text._printf_common
                0x080097dc       0xe4 D:/Program Files/STM32CubeIDE_1.17.0/STM32CubeIDE/plugins/com.st.stm32cube.ide.mcu.externaltools.gnu-tools-for-stm32.12.3.rel1.win32_1.1.0.202410251130/tools/bin/../lib/gcc/arm-none-eabi/12.3.1/../../../../arm-none-eabi/lib/thumb/v7-m/nofp\libc_nano.a(libc_a-nano-vfprintf_i.o)
                0x080097dc                _printf_common
 .text._printf_i
                0x080098c0      0x240 D:/Program Files/STM32CubeIDE_1.17.0/STM32CubeIDE/plugins/com.st.stm32cube.ide.mcu.externaltools.gnu-tools-for-stm32.12.3.rel1.win32_1.1.0.202410251130/tools/bin/../lib/gcc/arm-none-eabi/12.3.1/../../../../arm-none-eabi/lib/thumb/v7-m/nofp\libc_nano.a(libc_a-nano-vfprintf_i.o)
                0x080098c0                _printf_i
 .text.memmove  0x08009b00       0x34 D:/Program Files/STM32CubeIDE_1.17.0/STM32CubeIDE/plugins/com.st.stm32cube.ide.mcu.externaltools.gnu-tools-for-stm32.12.3.rel1.win32_1.1.0.202410251130/tools/bin/../lib/gcc/arm-none-eabi/12.3.1/../../../../arm-none-eabi/lib/thumb/v7-m/nofp\libc_nano.a(libc_a-memmove.o)
                0x08009b00                memmove
 .text._sbrk_r  0x08009b34       0x20 D:/Program Files/STM32CubeIDE_1.17.0/STM32CubeIDE/plugins/com.st.stm32cube.ide.mcu.externaltools.gnu-tools-for-stm32.12.3.rel1.win32_1.1.0.202410251130/tools/bin/../lib/gcc/arm-none-eabi/12.3.1/../../../../arm-none-eabi/lib/thumb/v7-m/nofp\libc_nano.a(libc_a-sbrkr.o)
                0x08009b34                _sbrk_r
 .text.memchr   0x08009b54       0x1c D:/Program Files/STM32CubeIDE_1.17.0/STM32CubeIDE/plugins/com.st.stm32cube.ide.mcu.externaltools.gnu-tools-for-stm32.12.3.rel1.win32_1.1.0.202410251130/tools/bin/../lib/gcc/arm-none-eabi/12.3.1/../../../../arm-none-eabi/lib/thumb/v7-m/nofp\libc_nano.a(libc_a-memchr-stub.o)
                0x08009b54                memchr
 .text.memcpy   0x08009b70       0x1c D:/Program Files/STM32CubeIDE_1.17.0/STM32CubeIDE/plugins/com.st.stm32cube.ide.mcu.externaltools.gnu-tools-for-stm32.12.3.rel1.win32_1.1.0.202410251130/tools/bin/../lib/gcc/arm-none-eabi/12.3.1/../../../../arm-none-eabi/lib/thumb/v7-m/nofp\libc_nano.a(libc_a-memcpy-stub.o)
                0x08009b70                memcpy
 .text._realloc_r
                0x08009b8c       0x5c D:/Program Files/STM32CubeIDE_1.17.0/STM32CubeIDE/plugins/com.st.stm32cube.ide.mcu.externaltools.gnu-tools-for-stm32.12.3.rel1.win32_1.1.0.202410251130/tools/bin/../lib/gcc/arm-none-eabi/12.3.1/../../../../arm-none-eabi/lib/thumb/v7-m/nofp\libc_nano.a(libc_a-reallocr.o)
                0x08009b8c                _realloc_r
 .text._malloc_usable_size_r
                0x08009be8       0x10 D:/Program Files/STM32CubeIDE_1.17.0/STM32CubeIDE/plugins/com.st.stm32cube.ide.mcu.externaltools.gnu-tools-for-stm32.12.3.rel1.win32_1.1.0.202410251130/tools/bin/../lib/gcc/arm-none-eabi/12.3.1/../../../../arm-none-eabi/lib/thumb/v7-m/nofp\libc_nano.a(libc_a-msizer.o)
                0x08009be8                _malloc_usable_size_r
 *(.glue_7)
 .glue_7        0x08009bf8        0x0 linker stubs
 *(.glue_7t)
 .glue_7t       0x08009bf8        0x0 linker stubs
 *(.eh_frame)
 .eh_frame      0x08009bf8        0x0 D:/Program Files/STM32CubeIDE_1.17.0/STM32CubeIDE/plugins/com.st.stm32cube.ide.mcu.externaltools.gnu-tools-for-stm32.12.3.rel1.win32_1.1.0.202410251130/tools/bin/../lib/gcc/arm-none-eabi/12.3.1/thumb/v7-m/nofp/crtbegin.o
 *(.init)
 .init          0x08009bf8        0x4 D:/Program Files/STM32CubeIDE_1.17.0/STM32CubeIDE/plugins/com.st.stm32cube.ide.mcu.externaltools.gnu-tools-for-stm32.12.3.rel1.win32_1.1.0.202410251130/tools/bin/../lib/gcc/arm-none-eabi/12.3.1/thumb/v7-m/nofp/crti.o
                0x08009bf8                _init
 .init          0x08009bfc        0x8 D:/Program Files/STM32CubeIDE_1.17.0/STM32CubeIDE/plugins/com.st.stm32cube.ide.mcu.externaltools.gnu-tools-for-stm32.12.3.rel1.win32_1.1.0.202410251130/tools/bin/../lib/gcc/arm-none-eabi/12.3.1/thumb/v7-m/nofp/crtn.o
 *(.fini)
 .fini          0x08009c04        0x4 D:/Program Files/STM32CubeIDE_1.17.0/STM32CubeIDE/plugins/com.st.stm32cube.ide.mcu.externaltools.gnu-tools-for-stm32.12.3.rel1.win32_1.1.0.202410251130/tools/bin/../lib/gcc/arm-none-eabi/12.3.1/thumb/v7-m/nofp/crti.o
                0x08009c04                _fini
 .fini          0x08009c08        0x8 D:/Program Files/STM32CubeIDE_1.17.0/STM32CubeIDE/plugins/com.st.stm32cube.ide.mcu.externaltools.gnu-tools-for-stm32.12.3.rel1.win32_1.1.0.202410251130/tools/bin/../lib/gcc/arm-none-eabi/12.3.1/thumb/v7-m/nofp/crtn.o
                0x08009c10                        . = ALIGN (0x4)
                0x08009c10                        _etext = .

.vfp11_veneer   0x08009c10        0x0
 .vfp11_veneer  0x08009c10        0x0 linker stubs

.v4_bx          0x08009c10        0x0
 .v4_bx         0x08009c10        0x0 linker stubs

.iplt           0x08009c10        0x0
 .iplt          0x08009c10        0x0 D:/Program Files/STM32CubeIDE_1.17.0/STM32CubeIDE/plugins/com.st.stm32cube.ide.mcu.externaltools.gnu-tools-for-stm32.12.3.rel1.win32_1.1.0.202410251130/tools/bin/../lib/gcc/arm-none-eabi/12.3.1/thumb/v7-m/nofp/crtbegin.o

.rodata         0x08009c10       0xdc
                0x08009c10                        . = ALIGN (0x4)
 *(.rodata)
 .rodata        0x08009c10       0x20 ./src/ap/ap.o
 .rodata        0x08009c30       0x46 ./src/lib/baram/USB_DEVICE/App/usbd_desc.o
 *(.rodata*)
 *fill*         0x08009c76        0x2 
 .rodata.AHBPrescTable
                0x08009c78       0x10 ./src/bsp/system_stm32f1xx.o
                0x08009c78                AHBPrescTable
 .rodata.APBPrescTable
                0x08009c88        0x8 ./src/bsp/system_stm32f1xx.o
                0x08009c88                APBPrescTable
 .rodata.aPLLMULFactorTable.1
                0x08009c90       0x10 ./src/lib/baram/Drivers/STM32F1xx_HAL_Driver/Src/stm32f1xx_hal_rcc.o
 .rodata.aPredivFactorTable.0
                0x08009ca0        0x2 ./src/lib/baram/Drivers/STM32F1xx_HAL_Driver/Src/stm32f1xx_hal_rcc.o
 *fill*         0x08009ca2        0x2 
 .rodata.aPLLMULFactorTable.1
                0x08009ca4       0x10 ./src/lib/baram/Drivers/STM32F1xx_HAL_Driver/Src/stm32f1xx_hal_rcc_ex.o
 .rodata.aPredivFactorTable.0
                0x08009cb4        0x2 ./src/lib/baram/Drivers/STM32F1xx_HAL_Driver/Src/stm32f1xx_hal_rcc_ex.o
 .rodata._svfprintf_r.str1.1
                0x08009cb6       0x11 D:/Program Files/STM32CubeIDE_1.17.0/STM32CubeIDE/plugins/com.st.stm32cube.ide.mcu.externaltools.gnu-tools-for-stm32.12.3.rel1.win32_1.1.0.202410251130/tools/bin/../lib/gcc/arm-none-eabi/12.3.1/../../../../arm-none-eabi/lib/thumb/v7-m/nofp\libc_nano.a(libc_a-nano-svfprintf.o)
 .rodata._printf_i.str1.1
                0x08009cc7       0x22 D:/Program Files/STM32CubeIDE_1.17.0/STM32CubeIDE/plugins/com.st.stm32cube.ide.mcu.externaltools.gnu-tools-for-stm32.12.3.rel1.win32_1.1.0.202410251130/tools/bin/../lib/gcc/arm-none-eabi/12.3.1/../../../../arm-none-eabi/lib/thumb/v7-m/nofp\libc_nano.a(libc_a-nano-vfprintf_i.o)
                0x08009cec                        . = ALIGN (0x4)
 *fill*         0x08009ce9        0x3 

.ARM.extab      0x08009cec        0x0
                0x08009cec                        . = ALIGN (0x4)
 *(.ARM.extab* .gnu.linkonce.armextab.*)
                0x08009cec                        . = ALIGN (0x4)

.ARM            0x08009cec        0x0
                0x08009cec                        . = ALIGN (0x4)
                0x08009cec                        __exidx_start = .
 *(.ARM.exidx*)
                0x08009cec                        __exidx_end = .
                0x08009cec                        . = ALIGN (0x4)

.preinit_array  0x08009cec        0x0
                0x08009cec                        . = ALIGN (0x4)
                0x08009cec                        PROVIDE (__preinit_array_start = .)
 *(.preinit_array*)
                0x08009cec                        PROVIDE (__preinit_array_end = .)
                0x08009cec                        . = ALIGN (0x4)

.init_array     0x08009cec        0x4
                0x08009cec                        . = ALIGN (0x4)
                0x08009cec                        PROVIDE (__init_array_start = .)
 *(SORT_BY_NAME(.init_array.*))
 *(.init_array*)
 .init_array    0x08009cec        0x4 D:/Program Files/STM32CubeIDE_1.17.0/STM32CubeIDE/plugins/com.st.stm32cube.ide.mcu.externaltools.gnu-tools-for-stm32.12.3.rel1.win32_1.1.0.202410251130/tools/bin/../lib/gcc/arm-none-eabi/12.3.1/thumb/v7-m/nofp/crtbegin.o
                0x08009cf0                        PROVIDE (__init_array_end = .)
                0x08009cf0                        . = ALIGN (0x4)

.fini_array     0x08009cf0        0x4
                0x08009cf0                        . = ALIGN (0x4)
                [!provide]                        PROVIDE (__fini_array_start = .)
 *(SORT_BY_NAME(.fini_array.*))
 *(.fini_array*)
 .fini_array    0x08009cf0        0x4 D:/Program Files/STM32CubeIDE_1.17.0/STM32CubeIDE/plugins/com.st.stm32cube.ide.mcu.externaltools.gnu-tools-for-stm32.12.3.rel1.win32_1.1.0.202410251130/tools/bin/../lib/gcc/arm-none-eabi/12.3.1/thumb/v7-m/nofp/crtbegin.o
                [!provide]                        PROVIDE (__fini_array_end = .)
                0x08009cf4                        . = ALIGN (0x4)
                0x08009cf4                        _sidata = LOADADDR (.data)

.rel.dyn        0x08009cf4        0x0
 .rel.iplt      0x08009cf4        0x0 D:/Program Files/STM32CubeIDE_1.17.0/STM32CubeIDE/plugins/com.st.stm32cube.ide.mcu.externaltools.gnu-tools-for-stm32.12.3.rel1.win32_1.1.0.202410251130/tools/bin/../lib/gcc/arm-none-eabi/12.3.1/thumb/v7-m/nofp/crtbegin.o

.data           0x20000000      0x1e0 load address 0x08009cf4
                0x20000000                        . = ALIGN (0x4)
                0x20000000                        _sdata = .
 *(.data)
 *(.data*)
 .data.SystemCoreClock
                0x20000000        0x4 ./src/bsp/system_stm32f1xx.o
                0x20000000                SystemCoreClock
 .data.led_tbl  0x20000004        0x8 ./src/hw/driver/led.o
                0x20000004                led_tbl
 .data.uwTickPrio
                0x2000000c        0x4 ./src/lib/baram/Drivers/STM32F1xx_HAL_Driver/Src/stm32f1xx_hal.o
                0x2000000c                uwTickPrio
 .data.uwTickFreq
                0x20000010        0x1 ./src/lib/baram/Drivers/STM32F1xx_HAL_Driver/Src/stm32f1xx_hal.o
                0x20000010                uwTickFreq
 *fill*         0x20000011        0x3 
 .data.USBD_CDC_DeviceQualifierDesc
                0x20000014        0xa ./src/lib/baram/Middlewares/ST/STM32_USB_Device_Library/Class/CDC/Src/usbd_cdc.o
 *fill*         0x2000001e        0x2 
 .data.USBD_CDC
                0x20000020       0x38 ./src/lib/baram/Middlewares/ST/STM32_USB_Device_Library/Class/CDC/Src/usbd_cdc.o
                0x20000020                USBD_CDC
 .data.USBD_CDC_CfgHSDesc
                0x20000058       0x43 ./src/lib/baram/Middlewares/ST/STM32_USB_Device_Library/Class/CDC/Src/usbd_cdc.o
                0x20000058                USBD_CDC_CfgHSDesc
 *fill*         0x2000009b        0x1 
 .data.USBD_CDC_CfgFSDesc
                0x2000009c       0x43 ./src/lib/baram/Middlewares/ST/STM32_USB_Device_Library/Class/CDC/Src/usbd_cdc.o
                0x2000009c                USBD_CDC_CfgFSDesc
 *fill*         0x200000df        0x1 
 .data.USBD_CDC_OtherSpeedCfgDesc
                0x200000e0       0x43 ./src/lib/baram/Middlewares/ST/STM32_USB_Device_Library/Class/CDC/Src/usbd_cdc.o
                0x200000e0                USBD_CDC_OtherSpeedCfgDesc
 *fill*         0x20000123        0x1 
 .data.LineCoding
                0x20000124        0x8 ./src/lib/baram/USB_DEVICE/App/usbd_cdc_if.o
                0x20000124                LineCoding
 .data.rx_len   0x2000012c        0x4 ./src/lib/baram/USB_DEVICE/App/usbd_cdc_if.o
                0x2000012c                rx_len
 .data.USBD_Interface_fops_FS
                0x20000130       0x10 ./src/lib/baram/USB_DEVICE/App/usbd_cdc_if.o
                0x20000130                USBD_Interface_fops_FS
 .data.FS_Desc  0x20000140       0x1c ./src/lib/baram/USB_DEVICE/App/usbd_desc.o
                0x20000140                FS_Desc
 .data.USBD_FS_DeviceDesc
                0x2000015c       0x12 ./src/lib/baram/USB_DEVICE/App/usbd_desc.o
                0x2000015c                USBD_FS_DeviceDesc
 *fill*         0x2000016e        0x2 
 .data.USBD_LangIDDesc
                0x20000170        0x4 ./src/lib/baram/USB_DEVICE/App/usbd_desc.o
                0x20000170                USBD_LangIDDesc
 .data.USBD_StringSerial
                0x20000174       0x1a ./src/lib/baram/USB_DEVICE/App/usbd_desc.o
                0x20000174                USBD_StringSerial
 *fill*         0x2000018e        0x2 
 .data._impure_ptr
                0x20000190        0x4 D:/Program Files/STM32CubeIDE_1.17.0/STM32CubeIDE/plugins/com.st.stm32cube.ide.mcu.externaltools.gnu-tools-for-stm32.12.3.rel1.win32_1.1.0.202410251130/tools/bin/../lib/gcc/arm-none-eabi/12.3.1/../../../../arm-none-eabi/lib/thumb/v7-m/nofp\libc_nano.a(libc_a-impure.o)
                0x20000190                _impure_ptr
 .data._impure_data
                0x20000194       0x4c D:/Program Files/STM32CubeIDE_1.17.0/STM32CubeIDE/plugins/com.st.stm32cube.ide.mcu.externaltools.gnu-tools-for-stm32.12.3.rel1.win32_1.1.0.202410251130/tools/bin/../lib/gcc/arm-none-eabi/12.3.1/../../../../arm-none-eabi/lib/thumb/v7-m/nofp\libc_nano.a(libc_a-impure.o)
                0x20000194                _impure_data
 *(.RamFunc)
 *(.RamFunc*)
                0x200001e0                        . = ALIGN (0x4)
                0x200001e0                        _edata = .

.igot.plt       0x200001e0        0x0 load address 0x08009ed4
 .igot.plt      0x200001e0        0x0 D:/Program Files/STM32CubeIDE_1.17.0/STM32CubeIDE/plugins/com.st.stm32cube.ide.mcu.externaltools.gnu-tools-for-stm32.12.3.rel1.win32_1.1.0.202410251130/tools/bin/../lib/gcc/arm-none-eabi/12.3.1/thumb/v7-m/nofp/crtbegin.o
                0x200001e0                        . = ALIGN (0x4)

.bss            0x200001e0     0x12bc load address 0x08009ed4
                0x200001e0                        _sbss = .
                0x200001e0                        __bss_start__ = _sbss
 *(.bss)
 .bss           0x200001e0       0x1c D:/Program Files/STM32CubeIDE_1.17.0/STM32CubeIDE/plugins/com.st.stm32cube.ide.mcu.externaltools.gnu-tools-for-stm32.12.3.rel1.win32_1.1.0.202410251130/tools/bin/../lib/gcc/arm-none-eabi/12.3.1/thumb/v7-m/nofp/crtbegin.o
 *(.bss*)
 .bss.__sbrk_heap_end
                0x200001fc        0x4 ./src/bsp/sysmem.o
 .bss.reset_count
                0x20000200        0x4 ./src/hw/driver/reset.o
 .bss.hrtc      0x20000204       0x14 ./src/hw/driver/rtc.o
 .bss.is_open   0x20000218        0x2 ./src/hw/driver/uart.o
 *fill*         0x2000021a        0x2 
 .bss.qbuffer   0x2000021c       0x20 ./src/hw/driver/uart.o
 .bss.rx_buf    0x2000023c      0x100 ./src/hw/driver/uart.o
 .bss.rx_data   0x2000033c        0x2 ./src/hw/driver/uart.o
 *fill*         0x2000033e        0x2 
 .bss.huart1    0x20000340       0x48 ./src/hw/driver/uart.o
                0x20000340                huart1
 .bss.uwTick    0x20000388        0x4 ./src/lib/baram/Drivers/STM32F1xx_HAL_Driver/Src/stm32f1xx_hal.o
                0x20000388                uwTick
 .bss.cfgidx.0  0x2000038c        0x1 ./src/lib/baram/Middlewares/ST/STM32_USB_Device_Library/Core/Src/usbd_ctlreq.o
 *fill*         0x2000038d        0x3 
 .bss.hUsbDeviceFS
                0x20000390      0x2c4 ./src/lib/baram/USB_DEVICE/App/usb_device.o
                0x20000390                hUsbDeviceFS
 .bss.rx_in     0x20000654        0x4 ./src/lib/baram/USB_DEVICE/App/usbd_cdc_if.o
                0x20000654                rx_in
 .bss.rx_out    0x20000658        0x4 ./src/lib/baram/USB_DEVICE/App/usbd_cdc_if.o
                0x20000658                rx_out
 .bss.rx_buf    0x2000065c      0x200 ./src/lib/baram/USB_DEVICE/App/usbd_cdc_if.o
                0x2000065c                rx_buf
 .bss.UserRxBufferFS
                0x2000085c      0x200 ./src/lib/baram/USB_DEVICE/App/usbd_cdc_if.o
                0x2000085c                UserRxBufferFS
 .bss.UserTxBufferFS
                0x20000a5c      0x200 ./src/lib/baram/USB_DEVICE/App/usbd_cdc_if.o
                0x20000a5c                UserTxBufferFS
 .bss.USBD_StrDesc
                0x20000c5c      0x200 ./src/lib/baram/USB_DEVICE/App/usbd_desc.o
                0x20000c5c                USBD_StrDesc
 .bss.hpcd_USB_FS
                0x20000e5c      0x2d8 ./src/lib/baram/USB_DEVICE/Target/usbd_conf.o
                0x20000e5c                hpcd_USB_FS
 .bss.mem.0     0x20001134      0x220 ./src/lib/baram/USB_DEVICE/Target/usbd_conf.o
 .bss.__sf      0x20001354      0x138 D:/Program Files/STM32CubeIDE_1.17.0/STM32CubeIDE/plugins/com.st.stm32cube.ide.mcu.externaltools.gnu-tools-for-stm32.12.3.rel1.win32_1.1.0.202410251130/tools/bin/../lib/gcc/arm-none-eabi/12.3.1/../../../../arm-none-eabi/lib/thumb/v7-m/nofp\libc_nano.a(libc_a-findfp.o)
                0x20001354                __sf
 .bss.errno     0x2000148c        0x4 D:/Program Files/STM32CubeIDE_1.17.0/STM32CubeIDE/plugins/com.st.stm32cube.ide.mcu.externaltools.gnu-tools-for-stm32.12.3.rel1.win32_1.1.0.202410251130/tools/bin/../lib/gcc/arm-none-eabi/12.3.1/../../../../arm-none-eabi/lib/thumb/v7-m/nofp\libc_nano.a(libc_a-reent.o)
                0x2000148c                errno
 .bss.__lock___malloc_recursive_mutex
                0x20001490        0x1 D:/Program Files/STM32CubeIDE_1.17.0/STM32CubeIDE/plugins/com.st.stm32cube.ide.mcu.externaltools.gnu-tools-for-stm32.12.3.rel1.win32_1.1.0.202410251130/tools/bin/../lib/gcc/arm-none-eabi/12.3.1/../../../../arm-none-eabi/lib/thumb/v7-m/nofp\libc_nano.a(libc_a-lock.o)
                0x20001490                __lock___malloc_recursive_mutex
 *fill*         0x20001491        0x3 
 .bss.__malloc_sbrk_start
                0x20001494        0x4 D:/Program Files/STM32CubeIDE_1.17.0/STM32CubeIDE/plugins/com.st.stm32cube.ide.mcu.externaltools.gnu-tools-for-stm32.12.3.rel1.win32_1.1.0.202410251130/tools/bin/../lib/gcc/arm-none-eabi/12.3.1/../../../../arm-none-eabi/lib/thumb/v7-m/nofp\libc_nano.a(libc_a-mallocr.o)
                0x20001494                __malloc_sbrk_start
 .bss.__malloc_free_list
                0x20001498        0x4 D:/Program Files/STM32CubeIDE_1.17.0/STM32CubeIDE/plugins/com.st.stm32cube.ide.mcu.externaltools.gnu-tools-for-stm32.12.3.rel1.win32_1.1.0.202410251130/tools/bin/../lib/gcc/arm-none-eabi/12.3.1/../../../../arm-none-eabi/lib/thumb/v7-m/nofp\libc_nano.a(libc_a-mallocr.o)
                0x20001498                __malloc_free_list
 *(COMMON)
                0x2000149c                        . = ALIGN (0x4)
                0x2000149c                        _ebss = .
                0x2000149c                        __bss_end__ = _ebss

._user_heap_stack
                0x2000149c      0x604 load address 0x08009ed4
                0x200014a0                        . = ALIGN (0x8)
 *fill*         0x2000149c        0x4 
                [!provide]                        PROVIDE (end = .)
                0x200014a0                        PROVIDE (_end = .)
                0x200016a0                        . = (. + _Min_Heap_Size)
 *fill*         0x200014a0      0x200 
                0x20001aa0                        . = (. + _Min_Stack_Size)
 *fill*         0x200016a0      0x400 
                0x20001aa0                        . = ALIGN (0x8)

/DISCARD/
 libc.a(*)
 libm.a(*)
 libgcc.a(*)

.ARM.attributes
                0x00000000       0x29
 *(.ARM.attributes)
 .ARM.attributes
                0x00000000       0x1d D:/Program Files/STM32CubeIDE_1.17.0/STM32CubeIDE/plugins/com.st.stm32cube.ide.mcu.externaltools.gnu-tools-for-stm32.12.3.rel1.win32_1.1.0.202410251130/tools/bin/../lib/gcc/arm-none-eabi/12.3.1/thumb/v7-m/nofp/crti.o
 .ARM.attributes
                0x0000001d       0x2d D:/Program Files/STM32CubeIDE_1.17.0/STM32CubeIDE/plugins/com.st.stm32cube.ide.mcu.externaltools.gnu-tools-for-stm32.12.3.rel1.win32_1.1.0.202410251130/tools/bin/../lib/gcc/arm-none-eabi/12.3.1/thumb/v7-m/nofp/crtbegin.o
 .ARM.attributes
                0x0000004a       0x2d ./src/ap/ap.o
 .ARM.attributes
                0x00000077       0x2d ./src/bsp/bsp.o
 .ARM.attributes
                0x000000a4       0x2d ./src/bsp/stm32f1xx_hal_msp.o
 .ARM.attributes
                0x000000d1       0x2d ./src/bsp/stm32f1xx_it.o
 .ARM.attributes
                0x000000fe       0x2d ./src/bsp/sysmem.o
 .ARM.attributes
                0x0000012b       0x2d ./src/bsp/system_stm32f1xx.o
 .ARM.attributes
                0x00000158       0x21 ./src/bsp/startup/startup_stm32f103c8tx.o
 .ARM.attributes
                0x00000179       0x2d ./src/common/core/qbuffer.o
 .ARM.attributes
                0x000001a6       0x2d ./src/hw/driver/led.o
 .ARM.attributes
                0x000001d3       0x2d ./src/hw/driver/reset.o
 .ARM.attributes
                0x00000200       0x2d ./src/hw/driver/rtc.o
 .ARM.attributes
                0x0000022d       0x2d ./src/hw/driver/uart.o
 .ARM.attributes
                0x0000025a       0x2d ./src/hw/driver/usb.o
 .ARM.attributes
                0x00000287       0x2d ./src/hw/hw.o
 .ARM.attributes
                0x000002b4       0x2d ./src/lib/baram/Drivers/STM32F1xx_HAL_Driver/Src/stm32f1xx_hal.o
 .ARM.attributes
                0x000002e1       0x2d ./src/lib/baram/Drivers/STM32F1xx_HAL_Driver/Src/stm32f1xx_hal_cortex.o
 .ARM.attributes
                0x0000030e       0x2d ./src/lib/baram/Drivers/STM32F1xx_HAL_Driver/Src/stm32f1xx_hal_dma.o
 .ARM.attributes
                0x0000033b       0x2d ./src/lib/baram/Drivers/STM32F1xx_HAL_Driver/Src/stm32f1xx_hal_gpio.o
 .ARM.attributes
                0x00000368       0x2d ./src/lib/baram/Drivers/STM32F1xx_HAL_Driver/Src/stm32f1xx_hal_pcd.o
 .ARM.attributes
                0x00000395       0x2d ./src/lib/baram/Drivers/STM32F1xx_HAL_Driver/Src/stm32f1xx_hal_pcd_ex.o
 .ARM.attributes
                0x000003c2       0x2d ./src/lib/baram/Drivers/STM32F1xx_HAL_Driver/Src/stm32f1xx_hal_pwr.o
 .ARM.attributes
                0x000003ef       0x2d ./src/lib/baram/Drivers/STM32F1xx_HAL_Driver/Src/stm32f1xx_hal_rcc.o
 .ARM.attributes
                0x0000041c       0x2d ./src/lib/baram/Drivers/STM32F1xx_HAL_Driver/Src/stm32f1xx_hal_rcc_ex.o
 .ARM.attributes
                0x00000449       0x2d ./src/lib/baram/Drivers/STM32F1xx_HAL_Driver/Src/stm32f1xx_hal_rtc.o
 .ARM.attributes
                0x00000476       0x2d ./src/lib/baram/Drivers/STM32F1xx_HAL_Driver/Src/stm32f1xx_hal_rtc_ex.o
 .ARM.attributes
                0x000004a3       0x2d ./src/lib/baram/Drivers/STM32F1xx_HAL_Driver/Src/stm32f1xx_hal_uart.o
 .ARM.attributes
                0x000004d0       0x2d ./src/lib/baram/Drivers/STM32F1xx_HAL_Driver/Src/stm32f1xx_ll_usb.o
 .ARM.attributes
                0x000004fd       0x2d ./src/lib/baram/Middlewares/ST/STM32_USB_Device_Library/Class/CDC/Src/usbd_cdc.o
 .ARM.attributes
                0x0000052a       0x2d ./src/lib/baram/Middlewares/ST/STM32_USB_Device_Library/Core/Src/usbd_core.o
 .ARM.attributes
                0x00000557       0x2d ./src/lib/baram/Middlewares/ST/STM32_USB_Device_Library/Core/Src/usbd_ctlreq.o
 .ARM.attributes
                0x00000584       0x2d ./src/lib/baram/Middlewares/ST/STM32_USB_Device_Library/Core/Src/usbd_ioreq.o
 .ARM.attributes
                0x000005b1       0x2d ./src/lib/baram/USB_DEVICE/App/usb_device.o
 .ARM.attributes
                0x000005de       0x2d ./src/lib/baram/USB_DEVICE/App/usbd_cdc_if.o
 .ARM.attributes
                0x0000060b       0x2d ./src/lib/baram/USB_DEVICE/App/usbd_desc.o
 .ARM.attributes
                0x00000638       0x2d ./src/lib/baram/USB_DEVICE/Target/usbd_conf.o
 .ARM.attributes
                0x00000665       0x2d ./src/main.o
 .ARM.attributes
                0x00000692       0x2d D:/Program Files/STM32CubeIDE_1.17.0/STM32CubeIDE/plugins/com.st.stm32cube.ide.mcu.externaltools.gnu-tools-for-stm32.12.3.rel1.win32_1.1.0.202410251130/tools/bin/../lib/gcc/arm-none-eabi/12.3.1/../../../../arm-none-eabi/lib/thumb/v7-m/nofp\libc_nano.a(libc_a-findfp.o)
 .ARM.attributes
                0x000006bf       0x2d D:/Program Files/STM32CubeIDE_1.17.0/STM32CubeIDE/plugins/com.st.stm32cube.ide.mcu.externaltools.gnu-tools-for-stm32.12.3.rel1.win32_1.1.0.202410251130/tools/bin/../lib/gcc/arm-none-eabi/12.3.1/../../../../arm-none-eabi/lib/thumb/v7-m/nofp\libc_nano.a(libc_a-vsnprintf.o)
 .ARM.attributes
                0x000006ec       0x2d D:/Program Files/STM32CubeIDE_1.17.0/STM32CubeIDE/plugins/com.st.stm32cube.ide.mcu.externaltools.gnu-tools-for-stm32.12.3.rel1.win32_1.1.0.202410251130/tools/bin/../lib/gcc/arm-none-eabi/12.3.1/../../../../arm-none-eabi/lib/thumb/v7-m/nofp\libc_nano.a(libc_a-memset.o)
 .ARM.attributes
                0x00000719       0x2d D:/Program Files/STM32CubeIDE_1.17.0/STM32CubeIDE/plugins/com.st.stm32cube.ide.mcu.externaltools.gnu-tools-for-stm32.12.3.rel1.win32_1.1.0.202410251130/tools/bin/../lib/gcc/arm-none-eabi/12.3.1/../../../../arm-none-eabi/lib/thumb/v7-m/nofp\libc_nano.a(libc_a-reent.o)
 .ARM.attributes
                0x00000746       0x2d D:/Program Files/STM32CubeIDE_1.17.0/STM32CubeIDE/plugins/com.st.stm32cube.ide.mcu.externaltools.gnu-tools-for-stm32.12.3.rel1.win32_1.1.0.202410251130/tools/bin/../lib/gcc/arm-none-eabi/12.3.1/../../../../arm-none-eabi/lib/thumb/v7-m/nofp\libc_nano.a(libc_a-impure.o)
 .ARM.attributes
                0x00000773       0x2d D:/Program Files/STM32CubeIDE_1.17.0/STM32CubeIDE/plugins/com.st.stm32cube.ide.mcu.externaltools.gnu-tools-for-stm32.12.3.rel1.win32_1.1.0.202410251130/tools/bin/../lib/gcc/arm-none-eabi/12.3.1/../../../../arm-none-eabi/lib/thumb/v7-m/nofp\libc_nano.a(libc_a-errno.o)
 .ARM.attributes
                0x000007a0       0x2d D:/Program Files/STM32CubeIDE_1.17.0/STM32CubeIDE/plugins/com.st.stm32cube.ide.mcu.externaltools.gnu-tools-for-stm32.12.3.rel1.win32_1.1.0.202410251130/tools/bin/../lib/gcc/arm-none-eabi/12.3.1/../../../../arm-none-eabi/lib/thumb/v7-m/nofp\libc_nano.a(libc_a-init.o)
 .ARM.attributes
                0x000007cd       0x2d D:/Program Files/STM32CubeIDE_1.17.0/STM32CubeIDE/plugins/com.st.stm32cube.ide.mcu.externaltools.gnu-tools-for-stm32.12.3.rel1.win32_1.1.0.202410251130/tools/bin/../lib/gcc/arm-none-eabi/12.3.1/../../../../arm-none-eabi/lib/thumb/v7-m/nofp\libc_nano.a(libc_a-lock.o)
 .ARM.attributes
                0x000007fa       0x2d D:/Program Files/STM32CubeIDE_1.17.0/STM32CubeIDE/plugins/com.st.stm32cube.ide.mcu.externaltools.gnu-tools-for-stm32.12.3.rel1.win32_1.1.0.202410251130/tools/bin/../lib/gcc/arm-none-eabi/12.3.1/../../../../arm-none-eabi/lib/thumb/v7-m/nofp\libc_nano.a(libc_a-freer.o)
 .ARM.attributes
                0x00000827       0x2d D:/Program Files/STM32CubeIDE_1.17.0/STM32CubeIDE/plugins/com.st.stm32cube.ide.mcu.externaltools.gnu-tools-for-stm32.12.3.rel1.win32_1.1.0.202410251130/tools/bin/../lib/gcc/arm-none-eabi/12.3.1/../../../../arm-none-eabi/lib/thumb/v7-m/nofp\libc_nano.a(libc_a-mallocr.o)
 .ARM.attributes
                0x00000854       0x2d D:/Program Files/STM32CubeIDE_1.17.0/STM32CubeIDE/plugins/com.st.stm32cube.ide.mcu.externaltools.gnu-tools-for-stm32.12.3.rel1.win32_1.1.0.202410251130/tools/bin/../lib/gcc/arm-none-eabi/12.3.1/../../../../arm-none-eabi/lib/thumb/v7-m/nofp\libc_nano.a(libc_a-mlock.o)
 .ARM.attributes
                0x00000881       0x2d D:/Program Files/STM32CubeIDE_1.17.0/STM32CubeIDE/plugins/com.st.stm32cube.ide.mcu.externaltools.gnu-tools-for-stm32.12.3.rel1.win32_1.1.0.202410251130/tools/bin/../lib/gcc/arm-none-eabi/12.3.1/../../../../arm-none-eabi/lib/thumb/v7-m/nofp\libc_nano.a(libc_a-nano-svfprintf.o)
 .ARM.attributes
                0x000008ae       0x2d D:/Program Files/STM32CubeIDE_1.17.0/STM32CubeIDE/plugins/com.st.stm32cube.ide.mcu.externaltools.gnu-tools-for-stm32.12.3.rel1.win32_1.1.0.202410251130/tools/bin/../lib/gcc/arm-none-eabi/12.3.1/../../../../arm-none-eabi/lib/thumb/v7-m/nofp\libc_nano.a(libc_a-nano-vfprintf_i.o)
 .ARM.attributes
                0x000008db       0x2d D:/Program Files/STM32CubeIDE_1.17.0/STM32CubeIDE/plugins/com.st.stm32cube.ide.mcu.externaltools.gnu-tools-for-stm32.12.3.rel1.win32_1.1.0.202410251130/tools/bin/../lib/gcc/arm-none-eabi/12.3.1/../../../../arm-none-eabi/lib/thumb/v7-m/nofp\libc_nano.a(libc_a-memmove.o)
 .ARM.attributes
                0x00000908       0x2d D:/Program Files/STM32CubeIDE_1.17.0/STM32CubeIDE/plugins/com.st.stm32cube.ide.mcu.externaltools.gnu-tools-for-stm32.12.3.rel1.win32_1.1.0.202410251130/tools/bin/../lib/gcc/arm-none-eabi/12.3.1/../../../../arm-none-eabi/lib/thumb/v7-m/nofp\libc_nano.a(libc_a-sbrkr.o)
 .ARM.attributes
                0x00000935       0x2d D:/Program Files/STM32CubeIDE_1.17.0/STM32CubeIDE/plugins/com.st.stm32cube.ide.mcu.externaltools.gnu-tools-for-stm32.12.3.rel1.win32_1.1.0.202410251130/tools/bin/../lib/gcc/arm-none-eabi/12.3.1/../../../../arm-none-eabi/lib/thumb/v7-m/nofp\libc_nano.a(libc_a-memchr-stub.o)
 .ARM.attributes
                0x00000962       0x2d D:/Program Files/STM32CubeIDE_1.17.0/STM32CubeIDE/plugins/com.st.stm32cube.ide.mcu.externaltools.gnu-tools-for-stm32.12.3.rel1.win32_1.1.0.202410251130/tools/bin/../lib/gcc/arm-none-eabi/12.3.1/../../../../arm-none-eabi/lib/thumb/v7-m/nofp\libc_nano.a(libc_a-memcpy-stub.o)
 .ARM.attributes
                0x0000098f       0x2d D:/Program Files/STM32CubeIDE_1.17.0/STM32CubeIDE/plugins/com.st.stm32cube.ide.mcu.externaltools.gnu-tools-for-stm32.12.3.rel1.win32_1.1.0.202410251130/tools/bin/../lib/gcc/arm-none-eabi/12.3.1/../../../../arm-none-eabi/lib/thumb/v7-m/nofp\libc_nano.a(libc_a-reallocr.o)
 .ARM.attributes
                0x000009bc       0x2d D:/Program Files/STM32CubeIDE_1.17.0/STM32CubeIDE/plugins/com.st.stm32cube.ide.mcu.externaltools.gnu-tools-for-stm32.12.3.rel1.win32_1.1.0.202410251130/tools/bin/../lib/gcc/arm-none-eabi/12.3.1/../../../../arm-none-eabi/lib/thumb/v7-m/nofp\libc_nano.a(libc_a-msizer.o)
 .ARM.attributes
                0x000009e9       0x1d D:/Program Files/STM32CubeIDE_1.17.0/STM32CubeIDE/plugins/com.st.stm32cube.ide.mcu.externaltools.gnu-tools-for-stm32.12.3.rel1.win32_1.1.0.202410251130/tools/bin/../lib/gcc/arm-none-eabi/12.3.1/thumb/v7-m/nofp/crtn.o
OUTPUT(baram.elf elf32-littlearm)
LOAD linker stubs
LOAD D:/Program Files/STM32CubeIDE_1.17.0/STM32CubeIDE/plugins/com.st.stm32cube.ide.mcu.externaltools.gnu-tools-for-stm32.12.3.rel1.win32_1.1.0.202410251130/tools/bin/../lib/gcc/arm-none-eabi/12.3.1/../../../../arm-none-eabi/lib/thumb/v7-m/nofp\libc.a
LOAD D:/Program Files/STM32CubeIDE_1.17.0/STM32CubeIDE/plugins/com.st.stm32cube.ide.mcu.externaltools.gnu-tools-for-stm32.12.3.rel1.win32_1.1.0.202410251130/tools/bin/../lib/gcc/arm-none-eabi/12.3.1/../../../../arm-none-eabi/lib/thumb/v7-m/nofp\libm.a
LOAD D:/Program Files/STM32CubeIDE_1.17.0/STM32CubeIDE/plugins/com.st.stm32cube.ide.mcu.externaltools.gnu-tools-for-stm32.12.3.rel1.win32_1.1.0.202410251130/tools/bin/../lib/gcc/arm-none-eabi/12.3.1/thumb/v7-m/nofp\libgcc.a

.debug_info     0x00000000    0x13128
 .debug_info    0x00000000      0x1a4 ./src/ap/ap.o
 .debug_info    0x000001a4      0x448 ./src/bsp/bsp.o
 .debug_info    0x000005ec      0x1f8 ./src/bsp/stm32f1xx_hal_msp.o
 .debug_info    0x000007e4      0xa60 ./src/bsp/stm32f1xx_it.o
 .debug_info    0x00001244      0x168 ./src/bsp/sysmem.o
 .debug_info    0x000013ac      0x21b ./src/bsp/system_stm32f1xx.o
 .debug_info    0x000015c7       0x30 ./src/bsp/startup/startup_stm32f103c8tx.o
 .debug_info    0x000015f7      0x2a1 ./src/common/core/qbuffer.o
 .debug_info    0x00001898      0x31f ./src/hw/driver/led.o
 .debug_info    0x00001bb7      0x1c1 ./src/hw/driver/reset.o
 .debug_info    0x00001d78      0x493 ./src/hw/driver/rtc.o
 .debug_info    0x0000220b      0xd8b ./src/hw/driver/uart.o
 .debug_info    0x00002f96      0x222 ./src/hw/driver/usb.o
 .debug_info    0x000031b8       0xd7 ./src/hw/hw.o
 .debug_info    0x0000328f      0x704 ./src/lib/baram/Drivers/STM32F1xx_HAL_Driver/Src/stm32f1xx_hal.o
 .debug_info    0x00003993      0xa87 ./src/lib/baram/Drivers/STM32F1xx_HAL_Driver/Src/stm32f1xx_hal_cortex.o
 .debug_info    0x0000441a      0x6d2 ./src/lib/baram/Drivers/STM32F1xx_HAL_Driver/Src/stm32f1xx_hal_dma.o
 .debug_info    0x00004aec      0x5ab ./src/lib/baram/Drivers/STM32F1xx_HAL_Driver/Src/stm32f1xx_hal_gpio.o
 .debug_info    0x00005097     0x16dc ./src/lib/baram/Drivers/STM32F1xx_HAL_Driver/Src/stm32f1xx_hal_pcd.o
 .debug_info    0x00006773      0x6c3 ./src/lib/baram/Drivers/STM32F1xx_HAL_Driver/Src/stm32f1xx_hal_pcd_ex.o
 .debug_info    0x00006e36      0x628 ./src/lib/baram/Drivers/STM32F1xx_HAL_Driver/Src/stm32f1xx_hal_pwr.o
 .debug_info    0x0000745e      0x7d5 ./src/lib/baram/Drivers/STM32F1xx_HAL_Driver/Src/stm32f1xx_hal_rcc.o
 .debug_info    0x00007c33      0x3c0 ./src/lib/baram/Drivers/STM32F1xx_HAL_Driver/Src/stm32f1xx_hal_rcc_ex.o
 .debug_info    0x00007ff3      0xc73 ./src/lib/baram/Drivers/STM32F1xx_HAL_Driver/Src/stm32f1xx_hal_rtc.o
 .debug_info    0x00008c66      0x6a7 ./src/lib/baram/Drivers/STM32F1xx_HAL_Driver/Src/stm32f1xx_hal_rtc_ex.o
 .debug_info    0x0000930d     0x2eed ./src/lib/baram/Drivers/STM32F1xx_HAL_Driver/Src/stm32f1xx_hal_uart.o
 .debug_info    0x0000c1fa     0x17ae ./src/lib/baram/Drivers/STM32F1xx_HAL_Driver/Src/stm32f1xx_ll_usb.o
 .debug_info    0x0000d9a8     0x1043 ./src/lib/baram/Middlewares/ST/STM32_USB_Device_Library/Class/CDC/Src/usbd_cdc.o
 .debug_info    0x0000e9eb      0xa52 ./src/lib/baram/Middlewares/ST/STM32_USB_Device_Library/Core/Src/usbd_core.o
 .debug_info    0x0000f43d      0x91c ./src/lib/baram/Middlewares/ST/STM32_USB_Device_Library/Core/Src/usbd_ctlreq.o
 .debug_info    0x0000fd59      0x6a0 ./src/lib/baram/Middlewares/ST/STM32_USB_Device_Library/Core/Src/usbd_ioreq.o
 .debug_info    0x000103f9      0x63d ./src/lib/baram/USB_DEVICE/App/usb_device.o
 .debug_info    0x00010a36      0x99a ./src/lib/baram/USB_DEVICE/App/usbd_cdc_if.o
 .debug_info    0x000113d0      0x44a ./src/lib/baram/USB_DEVICE/App/usbd_desc.o
 .debug_info    0x0001181a     0x1864 ./src/lib/baram/USB_DEVICE/Target/usbd_conf.o
 .debug_info    0x0001307e       0xaa ./src/main.o

.debug_abbrev   0x00000000     0x4135
 .debug_abbrev  0x00000000       0xec ./src/ap/ap.o
 .debug_abbrev  0x000000ec      0x1d5 ./src/bsp/bsp.o
 .debug_abbrev  0x000002c1       0xdb ./src/bsp/stm32f1xx_hal_msp.o
 .debug_abbrev  0x0000039c      0x1bb ./src/bsp/stm32f1xx_it.o
 .debug_abbrev  0x00000557       0xbc ./src/bsp/sysmem.o
 .debug_abbrev  0x00000613      0x13f ./src/bsp/system_stm32f1xx.o
 .debug_abbrev  0x00000752       0x24 ./src/bsp/startup/startup_stm32f103c8tx.o
 .debug_abbrev  0x00000776      0x108 ./src/common/core/qbuffer.o
 .debug_abbrev  0x0000087e      0x198 ./src/hw/driver/led.o
 .debug_abbrev  0x00000a16      0x114 ./src/hw/driver/reset.o
 .debug_abbrev  0x00000b2a      0x1c5 ./src/hw/driver/rtc.o
 .debug_abbrev  0x00000cef      0x2a1 ./src/hw/driver/uart.o
 .debug_abbrev  0x00000f90      0x14d ./src/hw/driver/usb.o
 .debug_abbrev  0x000010dd       0x6e ./src/hw/hw.o
 .debug_abbrev  0x0000114b      0x201 ./src/lib/baram/Drivers/STM32F1xx_HAL_Driver/Src/stm32f1xx_hal.o
 .debug_abbrev  0x0000134c      0x2f8 ./src/lib/baram/Drivers/STM32F1xx_HAL_Driver/Src/stm32f1xx_hal_cortex.o
 .debug_abbrev  0x00001644      0x20b ./src/lib/baram/Drivers/STM32F1xx_HAL_Driver/Src/stm32f1xx_hal_dma.o
 .debug_abbrev  0x0000184f      0x1ca ./src/lib/baram/Drivers/STM32F1xx_HAL_Driver/Src/stm32f1xx_hal_gpio.o
 .debug_abbrev  0x00001a19      0x2d6 ./src/lib/baram/Drivers/STM32F1xx_HAL_Driver/Src/stm32f1xx_hal_pcd.o
 .debug_abbrev  0x00001cef      0x189 ./src/lib/baram/Drivers/STM32F1xx_HAL_Driver/Src/stm32f1xx_hal_pcd_ex.o
 .debug_abbrev  0x00001e78      0x1f6 ./src/lib/baram/Drivers/STM32F1xx_HAL_Driver/Src/stm32f1xx_hal_pwr.o
 .debug_abbrev  0x0000206e      0x2b3 ./src/lib/baram/Drivers/STM32F1xx_HAL_Driver/Src/stm32f1xx_hal_rcc.o
 .debug_abbrev  0x00002321      0x188 ./src/lib/baram/Drivers/STM32F1xx_HAL_Driver/Src/stm32f1xx_hal_rcc_ex.o
 .debug_abbrev  0x000024a9      0x23a ./src/lib/baram/Drivers/STM32F1xx_HAL_Driver/Src/stm32f1xx_hal_rtc.o
 .debug_abbrev  0x000026e3      0x22b ./src/lib/baram/Drivers/STM32F1xx_HAL_Driver/Src/stm32f1xx_hal_rtc_ex.o
 .debug_abbrev  0x0000290e      0x2f8 ./src/lib/baram/Drivers/STM32F1xx_HAL_Driver/Src/stm32f1xx_hal_uart.o
 .debug_abbrev  0x00002c06      0x1de ./src/lib/baram/Drivers/STM32F1xx_HAL_Driver/Src/stm32f1xx_ll_usb.o
 .debug_abbrev  0x00002de4      0x2d3 ./src/lib/baram/Middlewares/ST/STM32_USB_Device_Library/Class/CDC/Src/usbd_cdc.o
 .debug_abbrev  0x000030b7      0x24a ./src/lib/baram/Middlewares/ST/STM32_USB_Device_Library/Core/Src/usbd_core.o
 .debug_abbrev  0x00003301      0x26b ./src/lib/baram/Middlewares/ST/STM32_USB_Device_Library/Core/Src/usbd_ctlreq.o
 .debug_abbrev  0x0000356c      0x192 ./src/lib/baram/Middlewares/ST/STM32_USB_Device_Library/Core/Src/usbd_ioreq.o
 .debug_abbrev  0x000036fe      0x18d ./src/lib/baram/USB_DEVICE/App/usb_device.o
 .debug_abbrev  0x0000388b      0x33a ./src/lib/baram/USB_DEVICE/App/usbd_cdc_if.o
 .debug_abbrev  0x00003bc5      0x1ff ./src/lib/baram/USB_DEVICE/App/usbd_desc.o
 .debug_abbrev  0x00003dc4      0x316 ./src/lib/baram/USB_DEVICE/Target/usbd_conf.o
 .debug_abbrev  0x000040da       0x5b ./src/main.o

.debug_aranges  0x00000000     0x1158
 .debug_aranges
                0x00000000       0x28 ./src/ap/ap.o
 .debug_aranges
                0x00000028       0x40 ./src/bsp/bsp.o
 .debug_aranges
                0x00000068       0x20 ./src/bsp/stm32f1xx_hal_msp.o
 .debug_aranges
                0x00000088       0x70 ./src/bsp/stm32f1xx_it.o
 .debug_aranges
                0x000000f8       0x20 ./src/bsp/sysmem.o
 .debug_aranges
                0x00000118       0x28 ./src/bsp/system_stm32f1xx.o
 .debug_aranges
                0x00000140       0x28 ./src/bsp/startup/startup_stm32f103c8tx.o
 .debug_aranges
                0x00000168       0x48 ./src/common/core/qbuffer.o
 .debug_aranges
                0x000001b0       0x38 ./src/hw/driver/led.o
 .debug_aranges
                0x000001e8       0x28 ./src/hw/driver/reset.o
 .debug_aranges
                0x00000210       0x40 ./src/hw/driver/rtc.o
 .debug_aranges
                0x00000250       0x70 ./src/hw/driver/uart.o
 .debug_aranges
                0x000002c0       0x20 ./src/hw/driver/usb.o
 .debug_aranges
                0x000002e0       0x20 ./src/hw/hw.o
 .debug_aranges
                0x00000300       0xe0 ./src/lib/baram/Drivers/STM32F1xx_HAL_Driver/Src/stm32f1xx_hal.o
 .debug_aranges
                0x000003e0      0x100 ./src/lib/baram/Drivers/STM32F1xx_HAL_Driver/Src/stm32f1xx_hal_cortex.o
 .debug_aranges
                0x000004e0       0x80 ./src/lib/baram/Drivers/STM32F1xx_HAL_Driver/Src/stm32f1xx_hal_dma.o
 .debug_aranges
                0x00000560       0x58 ./src/lib/baram/Drivers/STM32F1xx_HAL_Driver/Src/stm32f1xx_hal_gpio.o
 .debug_aranges
                0x000005b8      0x140 ./src/lib/baram/Drivers/STM32F1xx_HAL_Driver/Src/stm32f1xx_hal_pcd.o
 .debug_aranges
                0x000006f8       0x38 ./src/lib/baram/Drivers/STM32F1xx_HAL_Driver/Src/stm32f1xx_hal_pcd_ex.o
 .debug_aranges
                0x00000730       0xa8 ./src/lib/baram/Drivers/STM32F1xx_HAL_Driver/Src/stm32f1xx_hal_pwr.o
 .debug_aranges
                0x000007d8       0x90 ./src/lib/baram/Drivers/STM32F1xx_HAL_Driver/Src/stm32f1xx_hal_rcc.o
 .debug_aranges
                0x00000868       0x30 ./src/lib/baram/Drivers/STM32F1xx_HAL_Driver/Src/stm32f1xx_hal_rcc_ex.o
 .debug_aranges
                0x00000898       0xf8 ./src/lib/baram/Drivers/STM32F1xx_HAL_Driver/Src/stm32f1xx_hal_rtc.o
 .debug_aranges
                0x00000990       0x88 ./src/lib/baram/Drivers/STM32F1xx_HAL_Driver/Src/stm32f1xx_hal_rtc_ex.o
 .debug_aranges
                0x00000a18      0x208 ./src/lib/baram/Drivers/STM32F1xx_HAL_Driver/Src/stm32f1xx_hal_uart.o
 .debug_aranges
                0x00000c20       0xf8 ./src/lib/baram/Drivers/STM32F1xx_HAL_Driver/Src/stm32f1xx_ll_usb.o
 .debug_aranges
                0x00000d18       0x90 ./src/lib/baram/Middlewares/ST/STM32_USB_Device_Library/Class/CDC/Src/usbd_cdc.o
 .debug_aranges
                0x00000da8       0xb8 ./src/lib/baram/Middlewares/ST/STM32_USB_Device_Library/Core/Src/usbd_core.o
 .debug_aranges
                0x00000e60       0x88 ./src/lib/baram/Middlewares/ST/STM32_USB_Device_Library/Core/Src/usbd_ctlreq.o
 .debug_aranges
                0x00000ee8       0x50 ./src/lib/baram/Middlewares/ST/STM32_USB_Device_Library/Core/Src/usbd_ioreq.o
 .debug_aranges
                0x00000f38       0x20 ./src/lib/baram/USB_DEVICE/App/usb_device.o
 .debug_aranges
                0x00000f58       0x68 ./src/lib/baram/USB_DEVICE/App/usbd_cdc_if.o
 .debug_aranges
                0x00000fc0       0x60 ./src/lib/baram/USB_DEVICE/App/usbd_desc.o
 .debug_aranges
                0x00001020      0x118 ./src/lib/baram/USB_DEVICE/Target/usbd_conf.o
 .debug_aranges
                0x00001138       0x20 ./src/main.o

.debug_rnglists
                0x00000000      0xcd0
 .debug_rnglists
                0x00000000       0x19 ./src/ap/ap.o
 .debug_rnglists
                0x00000019       0x2c ./src/bsp/bsp.o
 .debug_rnglists
                0x00000045       0x13 ./src/bsp/stm32f1xx_hal_msp.o
 .debug_rnglists
                0x00000058       0x4f ./src/bsp/stm32f1xx_it.o
 .debug_rnglists
                0x000000a7       0x13 ./src/bsp/sysmem.o
 .debug_rnglists
                0x000000ba       0x1a ./src/bsp/system_stm32f1xx.o
 .debug_rnglists
                0x000000d4       0x19 ./src/bsp/startup/startup_stm32f103c8tx.o
 .debug_rnglists
                0x000000ed       0x31 ./src/common/core/qbuffer.o
 .debug_rnglists
                0x0000011e       0x25 ./src/hw/driver/led.o
 .debug_rnglists
                0x00000143       0x19 ./src/hw/driver/reset.o
 .debug_rnglists
                0x0000015c       0x2b ./src/hw/driver/rtc.o
 .debug_rnglists
                0x00000187       0x51 ./src/hw/driver/uart.o
 .debug_rnglists
                0x000001d8       0x13 ./src/hw/driver/usb.o
 .debug_rnglists
                0x000001eb       0x13 ./src/hw/hw.o
 .debug_rnglists
                0x000001fe       0xa3 ./src/lib/baram/Drivers/STM32F1xx_HAL_Driver/Src/stm32f1xx_hal.o
 .debug_rnglists