Archive member included to satisfy reference by file (symbol)

D:/Program Files/STM32CubeIDE_1.17.0/STM32CubeIDE/plugins/com.st.stm32cube.ide.mcu.externaltools.gnu-tools-for-stm32.12.3.rel1.win32_1.1.0.202410251130/tools/bin/../lib/gcc/arm-none-eabi/12.3.1/../../../../arm-none-eabi/lib/thumb/v7-m/nofp\libc_nano.a(libc_a-exit.o)
                              D:/Program Files/STM32CubeIDE_1.17.0/STM32CubeIDE/plugins/com.st.stm32cube.ide.mcu.externaltools.gnu-tools-for-stm32.12.3.rel1.win32_1.1.0.202410251130/tools/bin/../lib/gcc/arm-none-eabi/12.3.1/../../../../arm-none-eabi/lib/thumb/v7-m/nofp/crt0.o (exit)
D:/Program Files/STM32CubeIDE_1.17.0/STM32CubeIDE/plugins/com.st.stm32cube.ide.mcu.externaltools.gnu-tools-for-stm32.12.3.rel1.win32_1.1.0.202410251130/tools/bin/../lib/gcc/arm-none-eabi/12.3.1/../../../../arm-none-eabi/lib/thumb/v7-m/nofp\libc_nano.a(libc_a-findfp.o)
                              D:/Program Files/STM32CubeIDE_1.17.0/STM32CubeIDE/plugins/com.st.stm32cube.ide.mcu.externaltools.gnu-tools-for-stm32.12.3.rel1.win32_1.1.0.202410251130/tools/bin/../lib/gcc/arm-none-eabi/12.3.1/../../../../arm-none-eabi/lib/thumb/v7-m/nofp\libc_nano.a(libc_a-exit.o) (__stdio_exit_handler)
D:/Program Files/STM32CubeIDE_1.17.0/STM32CubeIDE/plugins/com.st.stm32cube.ide.mcu.externaltools.gnu-tools-for-stm32.12.3.rel1.win32_1.1.0.202410251130/tools/bin/../lib/gcc/arm-none-eabi/12.3.1/../../../../arm-none-eabi/lib/thumb/v7-m/nofp\libc_nano.a(libc_a-fwalk.o)
                              D:/Program Files/STM32CubeIDE_1.17.0/STM32CubeIDE/plugins/com.st.stm32cube.ide.mcu.externaltools.gnu-tools-for-stm32.12.3.rel1.win32_1.1.0.202410251130/tools/bin/../lib/gcc/arm-none-eabi/12.3.1/../../../../arm-none-eabi/lib/thumb/v7-m/nofp\libc_nano.a(libc_a-findfp.o) (_fwalk_sglue)
D:/Program Files/STM32CubeIDE_1.17.0/STM32CubeIDE/plugins/com.st.stm32cube.ide.mcu.externaltools.gnu-tools-for-stm32.12.3.rel1.win32_1.1.0.202410251130/tools/bin/../lib/gcc/arm-none-eabi/12.3.1/../../../../arm-none-eabi/lib/thumb/v7-m/nofp\libc_nano.a(libc_a-stdio.o)
                              D:/Program Files/STM32CubeIDE_1.17.0/STM32CubeIDE/plugins/com.st.stm32cube.ide.mcu.externaltools.gnu-tools-for-stm32.12.3.rel1.win32_1.1.0.202410251130/tools/bin/../lib/gcc/arm-none-eabi/12.3.1/../../../../arm-none-eabi/lib/thumb/v7-m/nofp\libc_nano.a(libc_a-findfp.o) (__sread)
D:/Program Files/STM32CubeIDE_1.17.0/STM32CubeIDE/plugins/com.st.stm32cube.ide.mcu.externaltools.gnu-tools-for-stm32.12.3.rel1.win32_1.1.0.202410251130/tools/bin/../lib/gcc/arm-none-eabi/12.3.1/../../../../arm-none-eabi/lib/thumb/v7-m/nofp\libc_nano.a(libc_a-vsnprintf.o)
                              ./src/hw/driver/uart.o (vsnprintf)
D:/Program Files/STM32CubeIDE_1.17.0/STM32CubeIDE/plugins/com.st.stm32cube.ide.mcu.externaltools.gnu-tools-for-stm32.12.3.rel1.win32_1.1.0.202410251130/tools/bin/../lib/gcc/arm-none-eabi/12.3.1/../../../../arm-none-eabi/lib/thumb/v7-m/nofp\libc_nano.a(libc_a-memset.o)
                              D:/Program Files/STM32CubeIDE_1.17.0/STM32CubeIDE/plugins/com.st.stm32cube.ide.mcu.externaltools.gnu-tools-for-stm32.12.3.rel1.win32_1.1.0.202410251130/tools/bin/../lib/gcc/arm-none-eabi/12.3.1/../../../../arm-none-eabi/lib/thumb/v7-m/nofp/crt0.o (memset)
D:/Program Files/STM32CubeIDE_1.17.0/STM32CubeIDE/plugins/com.st.stm32cube.ide.mcu.externaltools.gnu-tools-for-stm32.12.3.rel1.win32_1.1.0.202410251130/tools/bin/../lib/gcc/arm-none-eabi/12.3.1/../../../../arm-none-eabi/lib/thumb/v7-m/nofp\libc_nano.a(libc_a-closer.o)
                              D:/Program Files/STM32CubeIDE_1.17.0/STM32CubeIDE/plugins/com.st.stm32cube.ide.mcu.externaltools.gnu-tools-for-stm32.12.3.rel1.win32_1.1.0.202410251130/tools/bin/../lib/gcc/arm-none-eabi/12.3.1/../../../../arm-none-eabi/lib/thumb/v7-m/nofp\libc_nano.a(libc_a-stdio.o) (_close_r)
D:/Program Files/STM32CubeIDE_1.17.0/STM32CubeIDE/plugins/com.st.stm32cube.ide.mcu.externaltools.gnu-tools-for-stm32.12.3.rel1.win32_1.1.0.202410251130/tools/bin/../lib/gcc/arm-none-eabi/12.3.1/../../../../arm-none-eabi/lib/thumb/v7-m/nofp\libc_nano.a(libc_a-reent.o)
                              D:/Program Files/STM32CubeIDE_1.17.0/STM32CubeIDE/plugins/com.st.stm32cube.ide.mcu.externaltools.gnu-tools-for-stm32.12.3.rel1.win32_1.1.0.202410251130/tools/bin/../lib/gcc/arm-none-eabi/12.3.1/../../../../arm-none-eabi/lib/thumb/v7-m/nofp\libc_nano.a(libc_a-closer.o) (errno)
D:/Program Files/STM32CubeIDE_1.17.0/STM32CubeIDE/plugins/com.st.stm32cube.ide.mcu.externaltools.gnu-tools-for-stm32.12.3.rel1.win32_1.1.0.202410251130/tools/bin/../lib/gcc/arm-none-eabi/12.3.1/../../../../arm-none-eabi/lib/thumb/v7-m/nofp\libc_nano.a(libc_a-impure.o)
                              D:/Program Files/STM32CubeIDE_1.17.0/STM32CubeIDE/plugins/com.st.stm32cube.ide.mcu.externaltools.gnu-tools-for-stm32.12.3.rel1.win32_1.1.0.202410251130/tools/bin/../lib/gcc/arm-none-eabi/12.3.1/../../../../arm-none-eabi/lib/thumb/v7-m/nofp\libc_nano.a(libc_a-vsnprintf.o) (_impure_ptr)
[...]
Memory Configuration

Name             Origin             Length             Attributes
RAM              0x20000000         0x00005000         xrw
FLASH            0x08000000         0x00010000         xr
*default*        0x00000000         0xffffffff

Linker script and memory map

LOAD D:/Program Files/STM32CubeIDE_1.17.0/STM32CubeIDE/plugins/com.st.stm32cube.ide.mcu.externaltools.gnu-tools-for-stm32.12.3.rel1.win32_1.1.0.202410251130/tools/bin/../lib/gcc/arm-none-eabi/12.3.1/thumb/v7-m/nofp/crti.o
LOAD D:/Program Files/STM32CubeIDE_1.17.0/STM32CubeIDE/plugins/com.st.stm32cube.ide.mcu.externaltools.gnu-tools-for-stm32.12.3.rel1.win32_1.1.0.202410251130/tools/bin/../lib/gcc/arm-none-eabi/12.3.1/thumb/v7-m/nofp/crtbegin.o
LOAD D:/Program Files/STM32CubeIDE_1.17.0/STM32CubeIDE/plugins/com.st.stm32cube.ide.mcu.externaltools.gnu-tools-for-stm32.12.3.rel1.win32_1.1.0.202410251130/tools/bin/../lib/gcc/arm-none-eabi/12.3.1/../../../../arm-none-eabi/lib/thumb/v7-m/nofp/crt0.o
LOAD ./src/ap/ap.o
LOAD ./src/bsp/bsp.o
LOAD ./src/bsp/stm32f1xx_hal_msp.o
LOAD ./src/bsp/stm32f1xx_it.o
LOAD ./src/bsp/syscalls.o
LOAD ./src/bsp/sysmem.o
LOAD ./src/bsp/system_stm32f1xx.o
LOAD ./src/bsp/startup/startup_stm32f103c8tx.o
LOAD ./src/hw/driver/led.o
LOAD ./src/hw/driver/reset.o
LOAD ./src/hw/driver/rtc.o
LOAD ./src/hw/driver/uart.o
LOAD ./src/hw/driver/usb.o
LOAD ./src/hw/hw.o
LOAD ./src/lib/baram/Drivers/STM32F1xx_HAL_Driver/Src/stm32f1xx_hal.o
LOAD ./src/lib/baram/Drivers/STM32F1xx_HAL_Driver/Src/stm32f1xx_hal_cortex.o
LOAD ./src/lib/baram/Drivers/STM32F1xx_HAL_Driver/Src/stm32f1xx_hal_dma.o
LOAD ./src/lib/baram/Drivers/STM32F1xx_HAL_Driver/Src/stm32f1xx_hal_exti.o
LOAD ./src/lib/baram/Drivers/STM32F1xx_HAL_Driver/Src/stm32f1xx_hal_flash.o
LOAD ./src/lib/baram/Drivers/STM32F1xx_HAL_Driver/Src/stm32f1xx_hal_flash_ex.o
LOAD ./src/lib/baram/Drivers/STM32F1xx_HAL_Driver/Src/stm32f1xx_hal_gpio.o
LOAD ./src/lib/baram/Drivers/STM32F1xx_HAL_Driver/Src/stm32f1xx_hal_gpio_ex.o
LOAD ./src/lib/baram/Drivers/STM32F1xx_HAL_Driver/Src/stm32f1xx_hal_pcd.o
LOAD ./src/lib/baram/Drivers/STM32F1xx_HAL_Driver/Src/stm32f1xx_hal_pcd_ex.o
LOAD ./src/lib/baram/Drivers/STM32F1xx_HAL_Driver/Src/stm32f1xx_hal_pwr.o
LOAD ./src/lib/baram/Drivers/STM32F1xx_HAL_Driver/Src/stm32f1xx_hal_rcc.o
LOAD ./src/lib/baram/Drivers/STM32F1xx_HAL_Driver/Src/stm32f1xx_hal_rcc_ex.o
LOAD ./src/lib/baram/Drivers/STM32F1xx_HAL_Driver/Src/stm32f1xx_hal_rtc.o
LOAD ./src/lib/baram/Drivers/STM32F1xx_HAL_Driver/Src/stm32f1xx_hal_rtc_ex.o
LOAD ./src/lib/baram/Drivers/STM32F1xx_HAL_Driver/Src/stm32f1xx_ll_usb.o
LOAD ./src/lib/baram/Middlewares/ST/STM32_USB_Device_Library/Class/CDC/Src/usbd_cdc.o
LOAD ./src/lib/baram/Middlewares/ST/STM32_USB_Device_Library/Core/Src/usbd_core.o
LOAD ./src/lib/baram/Middlewares/ST/STM32_USB_Device_Library/Core/Src/usbd_ctlreq.o
LOAD ./src/lib/baram/Middlewares/ST/STM32_USB_Device_Library/Core/Src/usbd_ioreq.o
LOAD ./src/lib/baram/USB_DEVICE/App/usb_device.o
LOAD ./src/lib/baram/USB_DEVICE/App/usbd_cdc_if.o
LOAD ./src/lib/baram/USB_DEVICE/App/usbd_desc.o
LOAD ./src/lib/baram/USB_DEVICE/Target/usbd_conf.o
LOAD ./src/main.o
START GROUP
LOAD D:/Program Files/STM32CubeIDE_1.17.0/STM32CubeIDE/plugins/com.st.stm32cube.ide.mcu.externaltools.gnu-tools-for-stm32.12.3.rel1.win32_1.1.0.202410251130/tools/bin/../lib/gcc/arm-none-eabi/12.3.1/../../../../arm-none-eabi/lib/thumb/v7-m/nofp\libc_nano.a
LOAD D:/Program Files/STM32CubeIDE_1.17.0/STM32CubeIDE/plugins/com.st.stm32cube.ide.mcu.externaltools.gnu-tools-for-stm32.12.3.rel1.win32_1.1.0.202410251130/tools/bin/../lib/gcc/arm-none-eabi/12.3.1/../../../../arm-none-eabi/lib/thumb/v7-m/nofp\libm.a
END GROUP
START GROUP
LOAD D:/Program Files/STM32CubeIDE_1.17.0/STM32CubeIDE/plugins/com.st.stm32cube.ide.mcu.externaltools.gnu-tools-for-stm32.12.3.rel1.win32_1.1.0.202410251130/tools/bin/../lib/gcc/arm-none-eabi/12.3.1/thumb/v7-m/nofp\libgcc.a
LOAD D:/Program Files/STM32CubeIDE_1.17.0/STM32CubeIDE/plugins/com.st.stm32cube.ide.mcu.externaltools.gnu-tools-for-stm32.12.3.rel1.win32_1.1.0.202410251130/tools/bin/../lib/gcc/arm-none-eabi/12.3.1/../../../../arm-none-eabi/lib/thumb/v7-m/nofp\libc_nano.a
END GROUP
START GROUP
LOAD D:/Program Files/STM32CubeIDE_1.17.0/STM32CubeIDE/plugins/com.st.stm32cube.ide.mcu.externaltools.gnu-tools-for-stm32.12.3.rel1.win32_1.1.0.202410251130/tools/bin/../lib/gcc/arm-none-eabi/12.3.1/thumb/v7-m/nofp\libgcc.a
LOAD D:/Program Files/STM32CubeIDE_1.17.0/STM32CubeIDE/plugins/com.st.stm32cube.ide.mcu.externaltools.gnu-tools-for-stm32.12.3.rel1.win32_1.1.0.202410251130/tools/bin/../lib/gcc/arm-none-eabi/12.3.1/../../../../arm-none-eabi/lib/thumb/v7-m/nofp\libc_nano.a
LOAD D:/Program Files/STM32CubeIDE_1.17.0/STM32CubeIDE/plugins/com.st.stm32cube.ide.mcu.externaltools.gnu-tools-for-stm32.12.3.rel1.win32_1.1.0.202410251130/tools/bin/../lib/gcc/arm-none-eabi/12.3.1/../../../../arm-none-eabi/lib/thumb/v7-m/nofp\libnosys.a
END GROUP
START GROUP
LOAD D:/Program Files/STM32CubeIDE_1.17.0/STM32CubeIDE/plugins/com.st.stm32cube.ide.mcu.externaltools.gnu-tools-for-stm32.12.3.rel1.win32_1.1.0.202410251130/tools/bin/../lib/gcc/arm-none-eabi/12.3.1/thumb/v7-m/nofp\libgcc.a
LOAD D:/Program Files/STM32CubeIDE_1.17.0/STM32CubeIDE/plugins/com.st.stm32cube.ide.mcu.externaltools.gnu-tools-for-stm32.12.3.rel1.win32_1.1.0.202410251130/tools/bin/../lib/gcc/arm-none-eabi/12.3.1/../../../../arm-none-eabi/lib/thumb/v7-m/nofp\libc_nano.a
LOAD D:/Program Files/STM32CubeIDE_1.17.0/STM32CubeIDE/plugins/com.st.stm32cube.ide.mcu.externaltools.gnu-tools-for-stm32.12.3.rel1.win32_1.1.0.202410251130/tools/bin/../lib/gcc/arm-none-eabi/12.3.1/../../../../arm-none-eabi/lib/thumb/v7-m/nofp\libnosys.a
END GROUP
LOAD D:/Program Files/STM32CubeIDE_1.17.0/STM32CubeIDE/plugins/com.st.stm32cube.ide.mcu.externaltools.gnu-tools-for-stm32.12.3.rel1.win32_1.1.0.202410251130/tools/bin/../lib/gcc/arm-none-eabi/12.3.1/thumb/v7-m/nofp/crtend.o
LOAD D:/Program Files/STM32CubeIDE_1.17.0/STM32CubeIDE/plugins/com.st.stm32cube.ide.mcu.externaltools.gnu-tools-for-stm32.12.3.rel1.win32_1.1.0.202410251130/tools/bin/../lib/gcc/arm-none-eabi/12.3.1/thumb/v7-m/nofp/crtn.o
                0x20005000                        _estack = (ORIGIN (RAM) + LENGTH (RAM))
                0x00000200                        _Min_Heap_Size = 0x200
                0x00000400                        _Min_Stack_Size = 0x400

.isr_vector     0x08000000      0x10c
                0x08000000                        . = ALIGN (0x4)
 *(.isr_vector)
 .isr_vector    0x08000000      0x10c ./src/bsp/startup/startup_stm32f103c8tx.o
                0x08000000                g_pfnVectors
                0x0800010c                        . = ALIGN (0x4)

.text           0x0800010c     0x89e8
                0x0800010c                        . = ALIGN (0x4)
 *(.text)
 .text          0x0800010c       0x40 D:/Program Files/STM32CubeIDE_1.17.0/STM32CubeIDE/plugins/com.st.stm32cube.ide.mcu.externaltools.gnu-tools-for-stm32.12.3.rel1.win32_1.1.0.202410251130/tools/bin/../lib/gcc/arm-none-eabi/12.3.1/thumb/v7-m/nofp/crtbegin.o
 *(.text*)
 .text.apInit   0x0800014c       0x12 ./src/ap/ap.o
                0x0800014c                apInit
 *fill*         0x0800015e        0x2 
 .text.apMain   0x08000160       0xac ./src/ap/ap.o
                0x08000160                apMain
 .text.bspInit  0x0800020c       0x64 ./src/bsp/bsp.o
                0x0800020c                bspInit
 .text.delay    0x08000270       0x16 ./src/bsp/bsp.o
                0x08000270                delay
 .text.millis   0x08000286        0xe ./src/bsp/bsp.o
                0x08000286                millis
 .text.SystemClock_Config
                0x08000294       0xbe ./src/bsp/bsp.o
                0x08000294                SystemClock_Config
 .text.Error_Handler
                0x08000352        0xc ./src/bsp/bsp.o
                0x08000352                Error_Handler
 *fill*         0x0800035e        0x2 
 .text.HAL_MspInit
                0x08000360       0x64 ./src/bsp/stm32f1xx_hal_msp.o
                0x08000360                HAL_MspInit
 .text.NMI_Handler
                0x080003c4        0x8 ./src/bsp/stm32f1xx_it.o
                0x080003c4                NMI_Handler
 .text.HardFault_Handler
                0x080003cc        0x8 ./src/bsp/stm32f1xx_it.o
                0x080003cc                HardFault_Handler
 .text.MemManage_Handler
                0x080003d4        0x8 ./src/bsp/stm32f1xx_it.o
                0x080003d4                MemManage_Handler
 .text.BusFault_Handler
                0x080003dc        0x8 ./src/bsp/stm32f1xx_it.o
                0x080003dc                BusFault_Handler
 .text.UsageFault_Handler
                0x080003e4        0x8 ./src/bsp/stm32f1xx_it.o
                0x080003e4                UsageFault_Handler
 .text.SVC_Handler
                0x080003ec        0xc ./src/bsp/stm32f1xx_it.o
                0x080003ec                SVC_Handler
 .text.DebugMon_Handler
                0x080003f8        0xc ./src/bsp/stm32f1xx_it.o
                0x080003f8                DebugMon_Handler
 .text.PendSV_Handler
                0x08000404        0xc ./src/bsp/stm32f1xx_it.o
                0x08000404                PendSV_Handler
 .text.SysTick_Handler
                0x08000410        0xc ./src/bsp/stm32f1xx_it.o
                0x08000410                SysTick_Handler
 .text.USB_LP_CAN1_RX0_IRQHandler
                0x0800041c       0x14 ./src/bsp/stm32f1xx_it.o
                0x0800041c                USB_LP_CAN1_RX0_IRQHandler
 .text._sbrk    0x08000430       0x6c ./src/bsp/sysmem.o
                0x08000430                _sbrk
 .text.SystemInit
                0x0800049c        0xc ./src/bsp/system_stm32f1xx.o
                0x0800049c                SystemInit
 .text.Reset_Handler
                0x080004a8       0x48 ./src/bsp/startup/startup_stm32f103c8tx.o
                0x080004a8                Reset_Handler
 .text.Default_Handler
                0x080004f0        0x2 ./src/bsp/startup/startup_stm32f103c8tx.o
                0x080004f0                RTC_Alarm_IRQHandler
                0x080004f0                EXTI2_IRQHandler
                0x080004f0                TIM1_CC_IRQHandler
                0x080004f0                PVD_IRQHandler
                0x080004f0                EXTI3_IRQHandler
                0x080004f0                EXTI0_IRQHandler
                0x080004f0                I2C2_EV_IRQHandler
                0x080004f0                ADC1_2_IRQHandler
                0x080004f0                SPI1_IRQHandler
                0x080004f0                TAMPER_IRQHandler
                0x080004f0                DMA1_Channel4_IRQHandler
                0x080004f0                USART3_IRQHandler
                0x080004f0                RTC_IRQHandler
                0x080004f0                DMA1_Channel7_IRQHandler
                0x080004f0                CAN1_RX1_IRQHandler
                0x080004f0                TIM4_IRQHandler
                0x080004f0                I2C1_EV_IRQHandler
                0x080004f0                DMA1_Channel6_IRQHandler
                0x080004f0                TIM3_IRQHandler
                0x080004f0                RCC_IRQHandler
                0x080004f0                TIM1_TRG_COM_IRQHandler
                0x080004f0                DMA1_Channel1_IRQHandler
                0x080004f0                Default_Handler
                0x080004f0                EXTI15_10_IRQHandler
                0x080004f0                EXTI9_5_IRQHandler
                0x080004f0                SPI2_IRQHandler
                0x080004f0                DMA1_Channel5_IRQHandler
                0x080004f0                EXTI4_IRQHandler
                0x080004f0                USB_HP_CAN1_TX_IRQHandler
                0x080004f0                DMA1_Channel3_IRQHandler
                0x080004f0                TIM1_UP_IRQHandler
                0x080004f0                WWDG_IRQHandler
                0x080004f0                TIM2_IRQHandler
                0x080004f0                TIM1_BRK_IRQHandler
                0x080004f0                EXTI1_IRQHandler
                0x080004f0                USART2_IRQHandler
                0x080004f0                I2C2_ER_IRQHandler
                0x080004f0                DMA1_Channel2_IRQHandler
                0x080004f0                CAN1_SCE_IRQHandler
                0x080004f0                FLASH_IRQHandler
                0x080004f0                USART1_IRQHandler
                0x080004f0                I2C1_ER_IRQHandler
                0x080004f0                USBWakeUp_IRQHandler
 *fill*         0x080004f2        0x2 
 .text.ledInit  0x080004f4       0x7c ./src/hw/driver/led.o
                0x080004f4                ledInit
 .text.ledOff   0x08000570       0x40 ./src/hw/driver/led.o
                0x08000570                ledOff
 .text.ledToggle
                0x080005b0       0x38 ./src/hw/driver/led.o
                0x080005b0                ledToggle
 .text.resetInit
                0x080005e8       0x58 ./src/hw/driver/reset.o
                0x080005e8                resetInit
 .text.resetGetCount
                0x08000640       0x14 ./src/hw/driver/reset.o
                0x08000640                resetGetCount
 .text.rtcInit  0x08000654       0x40 ./src/hw/driver/rtc.o
                0x08000654                rtcInit
 .text.rtcBackupRegWrite
                0x08000694       0x20 ./src/hw/driver/rtc.o
                0x08000694                rtcBackupRegWrite
 .text.rtcBackupRegRead
                0x080006b4       0x20 ./src/hw/driver/rtc.o
                0x080006b4                rtcBackupRegRead
 .text.HAL_RTC_MspInit
                0x080006d4       0x48 ./src/hw/driver/rtc.o
                0x080006d4                HAL_RTC_MspInit
 .text.uartInit
                0x0800071c       0x34 ./src/hw/driver/uart.o
                0x0800071c                uartInit
 .text.uartOpen
                0x08000750       0x34 ./src/hw/driver/uart.o
                0x08000750                uartOpen
 .text.uartAvailable
                0x08000784       0x26 ./src/hw/driver/uart.o
                0x08000784                uartAvailable
 .text.uartRead
                0x080007aa       0x28 ./src/hw/driver/uart.o
                0x080007aa                uartRead
 .text.uartWrite
                0x080007d2       0x30 ./src/hw/driver/uart.o
                0x080007d2                uartWrite
 .text.uartPrintf
                0x08000802       0x70 ./src/hw/driver/uart.o
                0x08000802                uartPrintf
 .text.uartGetBaud
                0x08000872       0x26 ./src/hw/driver/uart.o
                0x08000872                uartGetBaud
 .text.usbInit  0x08000898       0x70 ./src/hw/driver/usb.o
                0x08000898                usbInit
 .text.hwInit   0x08000908       0x20 ./src/hw/hw.o
                0x08000908                hwInit
 .text.HAL_Init
                0x08000928       0x2c ./src/lib/baram/Drivers/STM32F1xx_HAL_Driver/Src/stm32f1xx_hal.o
                0x08000928                HAL_Init
 .text.HAL_InitTick
                0x08000954       0x60 ./src/lib/baram/Drivers/STM32F1xx_HAL_Driver/Src/stm32f1xx_hal.o
                0x08000954                HAL_InitTick
 .text.HAL_IncTick
                0x080009b4       0x24 ./src/lib/baram/Drivers/STM32F1xx_HAL_Driver/Src/stm32f1xx_hal.o
                0x080009b4                HAL_IncTick
 .text.HAL_GetTick
                0x080009d8       0x14 ./src/lib/baram/Drivers/STM32F1xx_HAL_Driver/Src/stm32f1xx_hal.o
                0x080009d8                HAL_GetTick
 .text.HAL_Delay
                0x080009ec       0x48 ./src/lib/baram/Drivers/STM32F1xx_HAL_Driver/Src/stm32f1xx_hal.o
                0x080009ec                HAL_Delay
 .text.__NVIC_SetPriorityGrouping
                0x08000a34       0x48 ./src/lib/baram/Drivers/STM32F1xx_HAL_Driver/Src/stm32f1xx_hal_cortex.o
 .text.__NVIC_GetPriorityGrouping
                0x08000a7c       0x1c ./src/lib/baram/Drivers/STM32F1xx_HAL_Driver/Src/stm32f1xx_hal_cortex.o
 .text.__NVIC_EnableIRQ
                0x08000a98       0x38 ./src/lib/baram/Drivers/STM32F1xx_HAL_Driver/Src/stm32f1xx_hal_cortex.o
 .text.__NVIC_SetPriority
                0x08000ad0       0x54 ./src/lib/baram/Drivers/STM32F1xx_HAL_Driver/Src/stm32f1xx_hal_cortex.o
 .text.NVIC_EncodePriority
                0x08000b24       0x64 ./src/lib/baram/Drivers/STM32F1xx_HAL_Driver/Src/stm32f1xx_hal_cortex.o
 .text.SysTick_Config
                0x08000b88       0x44 ./src/lib/baram/Drivers/STM32F1xx_HAL_Driver/Src/stm32f1xx_hal_cortex.o
 .text.HAL_NVIC_SetPriorityGrouping
                0x08000bcc       0x16 ./src/lib/baram/Drivers/STM32F1xx_HAL_Driver/Src/stm32f1xx_hal_cortex.o
                0x08000bcc                HAL_NVIC_SetPriorityGrouping
 .text.HAL_NVIC_SetPriority
                0x08000be2       0x38 ./src/lib/baram/Drivers/STM32F1xx_HAL_Driver/Src/stm32f1xx_hal_cortex.o
                0x08000be2                HAL_NVIC_SetPriority
 .text.HAL_NVIC_EnableIRQ
                0x08000c1a       0x1c ./src/lib/baram/Drivers/STM32F1xx_HAL_Driver/Src/stm32f1xx_hal_cortex.o
                0x08000c1a                HAL_NVIC_EnableIRQ
 .text.HAL_SYSTICK_Config
                0x08000c36       0x18 ./src/lib/baram/Drivers/STM32F1xx_HAL_Driver/Src/stm32f1xx_hal_cortex.o
                0x08000c36                HAL_SYSTICK_Config
 *fill*         0x08000c4e        0x2 
 .text.HAL_GPIO_Init
                0x08000c50      0x308 ./src/lib/baram/Drivers/STM32F1xx_HAL_Driver/Src/stm32f1xx_hal_gpio.o
                0x08000c50                HAL_GPIO_Init
 .text.HAL_GPIO_WritePin
                0x08000f58       0x30 ./src/lib/baram/Drivers/STM32F1xx_HAL_Driver/Src/stm32f1xx_hal_gpio.o
                0x08000f58                HAL_GPIO_WritePin
 .text.HAL_GPIO_TogglePin
                0x08000f88       0x32 ./src/lib/baram/Drivers/STM32F1xx_HAL_Driver/Src/stm32f1xx_hal_gpio.o
                0x08000f88                HAL_GPIO_TogglePin
 .text.HAL_PCD_Init
                0x08000fba      0x1ec ./src/lib/baram/Drivers/STM32F1xx_HAL_Driver/Src/stm32f1xx_hal_pcd.o
                0x08000fba                HAL_PCD_Init
 .text.HAL_PCD_Start
                0x080011a6       0x4c ./src/lib/baram/Drivers/STM32F1xx_HAL_Driver/Src/stm32f1xx_hal_pcd.o
                0x080011a6                HAL_PCD_Start
 .text.HAL_PCD_IRQHandler
                0x080011f2      0x260 ./src/lib/baram/Drivers/STM32F1xx_HAL_Driver/Src/stm32f1xx_hal_pcd.o
                0x080011f2                HAL_PCD_IRQHandler
 .text.HAL_PCD_SetAddress
                0x08001452       0x48 ./src/lib/baram/Drivers/STM32F1xx_HAL_Driver/Src/stm32f1xx_hal_pcd.o
                0x08001452                HAL_PCD_SetAddress
 .text.HAL_PCD_EP_Open
                0x0800149a       0xba ./src/lib/baram/Drivers/STM32F1xx_HAL_Driver/Src/stm32f1xx_hal_pcd.o
                0x0800149a                HAL_PCD_EP_Open
 .text.HAL_PCD_EP_Close
                0x08001554       0x90 ./src/lib/baram/Drivers/STM32F1xx_HAL_Driver/Src/stm32f1xx_hal_pcd.o
                0x08001554                HAL_PCD_EP_Close
 .text.HAL_PCD_EP_Receive
                0x080015e4       0x62 ./src/lib/baram/Drivers/STM32F1xx_HAL_Driver/Src/stm32f1xx_hal_pcd.o
                0x080015e4                HAL_PCD_EP_Receive
 .text.HAL_PCD_EP_GetRxCount
                0x08001646       0x2e ./src/lib/baram/Drivers/STM32F1xx_HAL_Driver/Src/stm32f1xx_hal_pcd.o
                0x08001646                HAL_PCD_EP_GetRxCount
 .text.HAL_PCD_EP_Transmit
                0x08001674       0x6e ./src/lib/baram/Drivers/STM32F1xx_HAL_Driver/Src/stm32f1xx_hal_pcd.o
                0x08001674                HAL_PCD_EP_Transmit
 .text.HAL_PCD_EP_SetStall
                0x080016e2       0xc0 ./src/lib/baram/Drivers/STM32F1xx_HAL_Driver/Src/stm32f1xx_hal_pcd.o
                0x080016e2                HAL_PCD_EP_SetStall
 .text.HAL_PCD_EP_ClrStall
                0x080017a2       0xa8 ./src/lib/baram/Drivers/STM32F1xx_HAL_Driver/Src/stm32f1xx_hal_pcd.o
                0x080017a2                HAL_PCD_EP_ClrStall
 .text.PCD_EP_ISR_Handler
                0x0800184a      0x79e ./src/lib/baram/Drivers/STM32F1xx_HAL_Driver/Src/stm32f1xx_hal_pcd.o
 .text.HAL_PCD_EP_DB_Receive
                0x08001fe8      0x21a ./src/lib/baram/Drivers/STM32F1xx_HAL_Driver/Src/stm32f1xx_hal_pcd.o
 .text.HAL_PCD_EP_DB_Transmit
                0x08002202      0x7f4 ./src/lib/baram/Drivers/STM32F1xx_HAL_Driver/Src/stm32f1xx_hal_pcd.o
 .text.HAL_PCDEx_PMAConfig
                0x080029f6       0x84 ./src/lib/baram/Drivers/STM32F1xx_HAL_Driver/Src/stm32f1xx_hal_pcd_ex.o
                0x080029f6                HAL_PCDEx_PMAConfig
 *fill*         0x08002a7a        0x2 
 .text.HAL_PWR_EnableBkUpAccess
                0x08002a7c       0x18 ./src/lib/baram/Drivers/STM32F1xx_HAL_Driver/Src/stm32f1xx_hal_pwr.o
                0x08002a7c                HAL_PWR_EnableBkUpAccess
 .text.HAL_RCC_OscConfig
                0x08002a94      0x504 ./src/lib/baram/Drivers/STM32F1xx_HAL_Driver/Src/stm32f1xx_hal_rcc.o
                0x08002a94                HAL_RCC_OscConfig
 .text.HAL_RCC_ClockConfig
                0x08002f98      0x1d4 ./src/lib/baram/Drivers/STM32F1xx_HAL_Driver/Src/stm32f1xx_hal_rcc.o
                0x08002f98                HAL_RCC_ClockConfig
 .text.HAL_RCC_GetSysClockFreq
                0x0800316c       0xa8 ./src/lib/baram/Drivers/STM32F1xx_HAL_Driver/Src/stm32f1xx_hal_rcc.o
                0x0800316c                HAL_RCC_GetSysClockFreq
 .text.HAL_RCC_GetHCLKFreq
                0x08003214       0x14 ./src/lib/baram/Drivers/STM32F1xx_HAL_Driver/Src/stm32f1xx_hal_rcc.o
                0x08003214                HAL_RCC_GetHCLKFreq
 .text.HAL_RCC_GetPCLK2Freq
                0x08003228       0x28 ./src/lib/baram/Drivers/STM32F1xx_HAL_Driver/Src/stm32f1xx_hal_rcc.o
                0x08003228                HAL_RCC_GetPCLK2Freq
 .text.RCC_Delay
                0x08003250       0x3c ./src/lib/baram/Drivers/STM32F1xx_HAL_Driver/Src/stm32f1xx_hal_rcc.o
 .text.HAL_RCCEx_PeriphCLKConfig
                0x0800328c      0x16c ./src/lib/baram/Drivers/STM32F1xx_HAL_Driver/Src/stm32f1xx_hal_rcc_ex.o
                0x0800328c                HAL_RCCEx_PeriphCLKConfig
 .text.HAL_RCCEx_GetPeriphCLKFreq
                0x080033f8      0x16c ./src/lib/baram/Drivers/STM32F1xx_HAL_Driver/Src/stm32f1xx_hal_rcc_ex.o
                0x080033f8                HAL_RCCEx_GetPeriphCLKFreq
 .text.HAL_RTC_Init
                0x08003564      0x118 ./src/lib/baram/Drivers/STM32F1xx_HAL_Driver/Src/stm32f1xx_hal_rtc.o
                0x08003564                HAL_RTC_Init
 .text.HAL_RTC_WaitForSynchro
                0x0800367c       0x5a ./src/lib/baram/Drivers/STM32F1xx_HAL_Driver/Src/stm32f1xx_hal_rtc.o
                0x0800367c                HAL_RTC_WaitForSynchro
 .text.RTC_EnterInitMode
                0x080036d6       0x50 ./src/lib/baram/Drivers/STM32F1xx_HAL_Driver/Src/stm32f1xx_hal_rtc.o
 .text.RTC_ExitInitMode
                0x08003726       0x50 ./src/lib/baram/Drivers/STM32F1xx_HAL_Driver/Src/stm32f1xx_hal_rtc.o
 *fill*         0x08003776        0x2 
 .text.HAL_RTCEx_BKUPWrite
                0x08003778       0x34 ./src/lib/baram/Drivers/STM32F1xx_HAL_Driver/Src/stm32f1xx_hal_rtc_ex.o
                0x08003778                HAL_RTCEx_BKUPWrite
 .text.HAL_RTCEx_BKUPRead
                0x080037ac       0x38 ./src/lib/baram/Drivers/STM32F1xx_HAL_Driver/Src/stm32f1xx_hal_rtc_ex.o
                0x080037ac                HAL_RTCEx_BKUPRead
 .text.USB_CoreInit
                0x080037e4       0x1a ./src/lib/baram/Drivers/STM32F1xx_HAL_Driver/Src/stm32f1xx_ll_usb.o
                0x080037e4                USB_CoreInit
 .text.USB_EnableGlobalInt
                0x080037fe       0x2c ./src/lib/baram/Drivers/STM32F1xx_HAL_Driver/Src/stm32f1xx_ll_usb.o
                0x080037fe                USB_EnableGlobalInt
 .text.USB_DisableGlobalInt
                0x0800382a       0x34 ./src/lib/baram/Drivers/STM32F1xx_HAL_Driver/Src/stm32f1xx_ll_usb.o
                0x0800382a                USB_DisableGlobalInt
 .text.USB_SetCurrentMode
                0x0800385e       0x18 ./src/lib/baram/Drivers/STM32F1xx_HAL_Driver/Src/stm32f1xx_ll_usb.o
                0x0800385e                USB_SetCurrentMode
 .text.USB_DevInit
                0x08003876       0x3a ./src/lib/baram/Drivers/STM32F1xx_HAL_Driver/Src/stm32f1xx_ll_usb.o
                0x08003876                USB_DevInit
 .text.USB_ActivateEndpoint
                0x080038b0      0x780 ./src/lib/baram/Drivers/STM32F1xx_HAL_Driver/Src/stm32f1xx_ll_usb.o
                0x080038b0                USB_ActivateEndpoint
 .text.USB_DeactivateEndpoint
                0x08004030      0x3d8 ./src/lib/baram/Drivers/STM32F1xx_HAL_Driver/Src/stm32f1xx_ll_usb.o
                0x08004030                USB_DeactivateEndpoint
 .text.USB_EPStartXfer
                0x08004408     0x1762 ./src/lib/baram/Drivers/STM32F1xx_HAL_Driver/Src/stm32f1xx_ll_usb.o
                0x08004408                USB_EPStartXfer
 .text.USB_EPSetStall
                0x08005b6a       0xa0 ./src/lib/baram/Drivers/STM32F1xx_HAL_Driver/Src/stm32f1xx_ll_usb.o
                0x08005b6a                USB_EPSetStall
 .text.USB_EPClearStall
                0x08005c0a      0x15a ./src/lib/baram/Drivers/STM32F1xx_HAL_Driver/Src/stm32f1xx_ll_usb.o
                0x08005c0a                USB_EPClearStall
 .text.USB_SetDevAddress
                0x08005d64       0x26 ./src/lib/baram/Drivers/STM32F1xx_HAL_Driver/Src/stm32f1xx_ll_usb.o
                0x08005d64                USB_SetDevAddress
 .text.USB_DevConnect
                0x08005d8a       0x14 ./src/lib/baram/Drivers/STM32F1xx_HAL_Driver/Src/stm32f1xx_ll_usb.o
                0x08005d8a                USB_DevConnect
 .text.USB_DevDisconnect
                0x08005d9e       0x14 ./src/lib/baram/Drivers/STM32F1xx_HAL_Driver/Src/stm32f1xx_ll_usb.o
                0x08005d9e                USB_DevDisconnect
 .text.USB_ReadInterrupts
                0x08005db2       0x1e ./src/lib/baram/Drivers/STM32F1xx_HAL_Driver/Src/stm32f1xx_ll_usb.o
                0x08005db2                USB_ReadInterrupts
 .text.USB_EP0_OutStart
                0x08005dd0       0x16 ./src/lib/baram/Drivers/STM32F1xx_HAL_Driver/Src/stm32f1xx_ll_usb.o
                0x08005dd0                USB_EP0_OutStart
 .text.USB_WritePMA
                0x08005de6       0x8a ./src/lib/baram/Drivers/STM32F1xx_HAL_Driver/Src/stm32f1xx_ll_usb.o
                0x08005de6                USB_WritePMA
 .text.USB_ReadPMA
                0x08005e70       0x9e ./src/lib/baram/Drivers/STM32F1xx_HAL_Driver/Src/stm32f1xx_ll_usb.o
                0x08005e70                USB_ReadPMA
 .text.USBD_CDC_Init
                0x08005f0e       0xf4 ./src/lib/baram/Middlewares/ST/STM32_USB_Device_Library/Class/CDC/Src/usbd_cdc.o
 .text.USBD_CDC_DeInit
                0x08006002       0x6e ./src/lib/baram/Middlewares/ST/STM32_USB_Device_Library/Class/CDC/Src/usbd_cdc.o
 .text.USBD_CDC_Setup
                0x08006070      0x146 ./src/lib/baram/Middlewares/ST/STM32_USB_Device_Library/Class/CDC/Src/usbd_cdc.o
 .text.USBD_CDC_DataIn
                0x080061b6       0xa6 ./src/lib/baram/Middlewares/ST/STM32_USB_Device_Library/Class/CDC/Src/usbd_cdc.o
 .text.USBD_CDC_DataOut
                0x0800625c       0x56 ./src/lib/baram/Middlewares/ST/STM32_USB_Device_Library/Class/CDC/Src/usbd_cdc.o
 .text.USBD_CDC_EP0_RxReady
                0x080062b2       0x4e ./src/lib/baram/Middlewares/ST/STM32_USB_Device_Library/Class/CDC/Src/usbd_cdc.o
 .text.USBD_CDC_GetFSCfgDesc
                0x08006300       0x20 ./src/lib/baram/Middlewares/ST/STM32_USB_Device_Library/Class/CDC/Src/usbd_cdc.o
 .text.USBD_CDC_GetHSCfgDesc
                0x08006320       0x20 ./src/lib/baram/Middlewares/ST/STM32_USB_Device_Library/Class/CDC/Src/usbd_cdc.o
 .text.USBD_CDC_GetOtherSpeedCfgDesc
                0x08006340       0x20 ./src/lib/baram/Middlewares/ST/STM32_USB_Device_Library/Class/CDC/Src/usbd_cdc.o
 .text.USBD_CDC_GetDeviceQualifierDescriptor
                0x08006360       0x20 ./src/lib/baram/Middlewares/ST/STM32_USB_Device_Library/Class/CDC/Src/usbd_cdc.o
                0x08006360                USBD_CDC_GetDeviceQualifierDescriptor
 .text.USBD_CDC_RegisterInterface
                0x08006380       0x2c ./src/lib/baram/Middlewares/ST/STM32_USB_Device_Library/Class/CDC/Src/usbd_cdc.o
                0x08006380                USBD_CDC_RegisterInterface
 .text.USBD_CDC_SetTxBuffer
                0x080063ac       0x32 ./src/lib/baram/Middlewares/ST/STM32_USB_Device_Library/Class/CDC/Src/usbd_cdc.o
                0x080063ac                USBD_CDC_SetTxBuffer
 .text.USBD_CDC_SetRxBuffer
                0x080063de       0x26 ./src/lib/baram/Middlewares/ST/STM32_USB_Device_Library/Class/CDC/Src/usbd_cdc.o
                0x080063de                USBD_CDC_SetRxBuffer
 .text.USBD_CDC_TransmitPacket
                0x08006404       0x5e ./src/lib/baram/Middlewares/ST/STM32_USB_Device_Library/Class/CDC/Src/usbd_cdc.o
                0x08006404                USBD_CDC_TransmitPacket
 .text.USBD_CDC_ReceivePacket
                0x08006462       0x54 ./src/lib/baram/Middlewares/ST/STM32_USB_Device_Library/Class/CDC/Src/usbd_cdc.o
                0x08006462                USBD_CDC_ReceivePacket
 .text.USBD_Init
                0x080064b6       0x56 ./src/lib/baram/Middlewares/ST/STM32_USB_Device_Library/Core/Src/usbd_core.o
                0x080064b6                USBD_Init
 .text.USBD_RegisterClass
                0x0800650c       0x32 ./src/lib/baram/Middlewares/ST/STM32_USB_Device_Library/Core/Src/usbd_core.o
                0x0800650c                USBD_RegisterClass
 .text.USBD_Start
                0x0800653e       0x18 ./src/lib/baram/Middlewares/ST/STM32_USB_Device_Library/Core/Src/usbd_core.o
                0x0800653e                USBD_Start
 .text.USBD_RunTestMode
                0x08006556       0x14 ./src/lib/baram/Middlewares/ST/STM32_USB_Device_Library/Core/Src/usbd_core.o
                0x08006556                USBD_RunTestMode
 .text.USBD_SetClassConfig
                0x0800656a       0x3e ./src/lib/baram/Middlewares/ST/STM32_USB_Device_Library/Core/Src/usbd_core.o
                0x0800656a                USBD_SetClassConfig
 .text.USBD_ClrClassConfig
                0x080065a8       0x26 ./src/lib/baram/Middlewares/ST/STM32_USB_Device_Library/Core/Src/usbd_core.o
                0x080065a8                USBD_ClrClassConfig
 .text.USBD_LL_SetupStage
                0x080065ce       0x9a ./src/lib/baram/Middlewares/ST/STM32_USB_Device_Library/Core/Src/usbd_core.o
                0x080065ce                USBD_LL_SetupStage
 .text.USBD_LL_DataOutStage
                0x08006668       0xe2 ./src/lib/baram/Middlewares/ST/STM32_USB_Device_Library/Core/Src/usbd_core.o
                0x08006668                USBD_LL_DataOutStage
 .text.USBD_LL_DataInStage
                0x0800674a      0x14a ./src/lib/baram/Middlewares/ST/STM32_USB_Device_Library/Core/Src/usbd_core.o
                0x0800674a                USBD_LL_DataInStage
 .text.USBD_LL_Reset
                0x08006894       0x82 ./src/lib/baram/Middlewares/ST/STM32_USB_Device_Library/Core/Src/usbd_core.o
                0x08006894                USBD_LL_Reset
 .text.USBD_LL_SetSpeed
                0x08006916       0x1e ./src/lib/baram/Middlewares/ST/STM32_USB_Device_Library/Core/Src/usbd_core.o
                0x08006916                USBD_LL_SetSpeed
 .text.USBD_LL_Suspend
                0x08006934       0x28 ./src/lib/baram/Middlewares/ST/STM32_USB_Device_Library/Core/Src/usbd_core.o
                0x08006934                USBD_LL_Suspend
 .text.USBD_LL_Resume
                0x0800695c       0x2a ./src/lib/baram/Middlewares/ST/STM32_USB_Device_Library/Core/Src/usbd_core.o
                0x0800695c                USBD_LL_Resume
 .text.USBD_LL_SOF
                0x08006986       0x34 ./src/lib/baram/Middlewares/ST/STM32_USB_Device_Library/Core/Src/usbd_core.o
                0x08006986                USBD_LL_SOF
 *fill*         0x080069ba        0x2 
 .text.USBD_StdDevReq
                0x080069bc       0xd4 ./src/lib/baram/Middlewares/ST/STM32_USB_Device_Library/Core/Src/usbd_ctlreq.o
                0x080069bc                USBD_StdDevReq
 .text.USBD_StdItfReq
                0x08006a90       0x90 ./src/lib/baram/Middlewares/ST/STM32_USB_Device_Library/Core/Src/usbd_ctlreq.o
                0x08006a90                USBD_StdItfReq
 .text.USBD_StdEPReq
                0x08006b20      0x2c6 ./src/lib/baram/Middlewares/ST/STM32_USB_Device_Library/Core/Src/usbd_ctlreq.o
                0x08006b20                USBD_StdEPReq
 *fill*         0x08006de6        0x2 
 .text.USBD_GetDescriptor
                0x08006de8      0x2d0 ./src/lib/baram/Middlewares/ST/STM32_USB_Device_Library/Core/Src/usbd_ctlreq.o
 .text.USBD_SetAddress
                0x080070b8       0x86 ./src/lib/baram/Middlewares/ST/STM32_USB_Device_Library/Core/Src/usbd_ctlreq.o
 *fill*         0x0800713e        0x2 
 .text.USBD_SetConfig
                0x08007140      0x11c ./src/lib/baram/Middlewares/ST/STM32_USB_Device_Library/Core/Src/usbd_ctlreq.o
 .text.USBD_GetConfig
                0x0800725c       0x6a ./src/lib/baram/Middlewares/ST/STM32_USB_Device_Library/Core/Src/usbd_ctlreq.o
 .text.USBD_GetStatus
                0x080072c6       0x66 ./src/lib/baram/Middlewares/ST/STM32_USB_Device_Library/Core/Src/usbd_ctlreq.o
 .text.USBD_SetFeature
                0x0800732c       0x28 ./src/lib/baram/Middlewares/ST/STM32_USB_Device_Library/Core/Src/usbd_ctlreq.o
 .text.USBD_ClrFeature
                0x08007354       0x42 ./src/lib/baram/Middlewares/ST/STM32_USB_Device_Library/Core/Src/usbd_ctlreq.o
 .text.USBD_ParseSetupRequest
                0x08007396       0x72 ./src/lib/baram/Middlewares/ST/STM32_USB_Device_Library/Core/Src/usbd_ctlreq.o
                0x08007396                USBD_ParseSetupRequest
 .text.USBD_CtlError
                0x08007408       0x22 ./src/lib/baram/Middlewares/ST/STM32_USB_Device_Library/Core/Src/usbd_ctlreq.o
                0x08007408                USBD_CtlError
 .text.USBD_GetString
                0x0800742a       0x84 ./src/lib/baram/Middlewares/ST/STM32_USB_Device_Library/Core/Src/usbd_ctlreq.o
                0x0800742a                USBD_GetString
 .text.USBD_GetLen
                0x080074ae       0x2e ./src/lib/baram/Middlewares/ST/STM32_USB_Device_Library/Core/Src/usbd_ctlreq.o
 .text.USBD_CtlSendData
                0x080074dc       0x38 ./src/lib/baram/Middlewares/ST/STM32_USB_Device_Library/Core/Src/usbd_ioreq.o
                0x080074dc                USBD_CtlSendData
 .text.USBD_CtlContinueSendData
                0x08007514       0x24 ./src/lib/baram/Middlewares/ST/STM32_USB_Device_Library/Core/Src/usbd_ioreq.o
                0x08007514                USBD_CtlContinueSendData
 .text.USBD_CtlPrepareRx
                0x08007538       0x3c ./src/lib/baram/Middlewares/ST/STM32_USB_Device_Library/Core/Src/usbd_ioreq.o
                0x08007538                USBD_CtlPrepareRx
 .text.USBD_CtlContinueRx
                0x08007574       0x24 ./src/lib/baram/Middlewares/ST/STM32_USB_Device_Library/Core/Src/usbd_ioreq.o
                0x08007574                USBD_CtlContinueRx
 .text.USBD_CtlSendStatus
                0x08007598       0x26 ./src/lib/baram/Middlewares/ST/STM32_USB_Device_Library/Core/Src/usbd_ioreq.o
                0x08007598                USBD_CtlSendStatus
 .text.USBD_CtlReceiveStatus
                0x080075be       0x26 ./src/lib/baram/Middlewares/ST/STM32_USB_Device_Library/Core/Src/usbd_ioreq.o
                0x080075be                USBD_CtlReceiveStatus
 .text.MX_USB_DEVICE_Init
                0x080075e4       0x60 ./src/lib/baram/USB_DEVICE/App/usb_device.o
                0x080075e4                MX_USB_DEVICE_Init
 .text.cdcAvailable
                0x08007644       0x38 ./src/lib/baram/USB_DEVICE/App/usbd_cdc_if.o
                0x08007644                cdcAvailable
 .text.cdcRead  0x0800767c       0x50 ./src/lib/baram/USB_DEVICE/App/usbd_cdc_if.o
                0x0800767c                cdcRead
 .text.cdcDataIn
                0x080076cc       0x54 ./src/lib/baram/USB_DEVICE/App/usbd_cdc_if.o
                0x080076cc                cdcDataIn
 .text.cdcWrite
                0x08007720       0x50 ./src/lib/baram/USB_DEVICE/App/usbd_cdc_if.o
                0x08007720                cdcWrite
 .text.cdcGetBaud
                0x08007770       0x14 ./src/lib/baram/USB_DEVICE/App/usbd_cdc_if.o
                0x08007770                cdcGetBaud
 .text.CDC_Init_FS
                0x08007784       0x28 ./src/lib/baram/USB_DEVICE/App/usbd_cdc_if.o
 .text.CDC_DeInit_FS
                0x080077ac        0xe ./src/lib/baram/USB_DEVICE/App/usbd_cdc_if.o
 *fill*         0x080077ba        0x2 
 .text.CDC_Control_FS
                0x080077bc      0x170 ./src/lib/baram/USB_DEVICE/App/usbd_cdc_if.o
 .text.CDC_Receive_FS
                0x0800792c       0x4c ./src/lib/baram/USB_DEVICE/App/usbd_cdc_if.o
 .text.CDC_Transmit_FS
                0x08007978       0x4c ./src/lib/baram/USB_DEVICE/App/usbd_cdc_if.o
                0x08007978                CDC_Transmit_FS
 .text.USBD_FS_DeviceDescriptor
                0x080079c4       0x24 ./src/lib/baram/USB_DEVICE/App/usbd_desc.o
                0x080079c4                USBD_FS_DeviceDescriptor
 .text.USBD_FS_LangIDStrDescriptor
                0x080079e8       0x24 ./src/lib/baram/USB_DEVICE/App/usbd_desc.o
                0x080079e8                USBD_FS_LangIDStrDescriptor
 .text.USBD_FS_ProductStrDescriptor
                0x08007a0c       0x3c ./src/lib/baram/USB_DEVICE/App/usbd_desc.o
                0x08007a0c                USBD_FS_ProductStrDescriptor
 .text.USBD_FS_ManufacturerStrDescriptor
                0x08007a48       0x28 ./src/lib/baram/USB_DEVICE/App/usbd_desc.o
                0x08007a48                USBD_FS_ManufacturerStrDescriptor
 .text.USBD_FS_SerialStrDescriptor
                0x08007a70       0x24 ./src/lib/baram/USB_DEVICE/App/usbd_desc.o
                0x08007a70                USBD_FS_SerialStrDescriptor
 .text.USBD_FS_ConfigStrDescriptor
                0x08007a94       0x3c ./src/lib/baram/USB_DEVICE/App/usbd_desc.o
                0x08007a94                USBD_FS_ConfigStrDescriptor
 .text.USBD_FS_InterfaceStrDescriptor
                0x08007ad0       0x3c ./src/lib/baram/USB_DEVICE/App/usbd_desc.o
                0x08007ad0                USBD_FS_InterfaceStrDescriptor
 .text.Get_SerialNum
                0x08007b0c       0x58 ./src/lib/baram/USB_DEVICE/App/usbd_desc.o
 .text.IntToUnicode
                0x08007b64       0x7c ./src/lib/baram/USB_DEVICE/App/usbd_desc.o
 .text.HAL_PCD_MspInit
                0x08007be0       0x4c ./src/lib/baram/USB_DEVICE/Target/usbd_conf.o
                0x08007be0                HAL_PCD_MspInit
 .text.HAL_PCD_SetupStageCallback
                0x08007c2c       0x24 ./src/lib/baram/USB_DEVICE/Target/usbd_conf.o
                0x08007c2c                HAL_PCD_SetupStageCallback
 .text.HAL_PCD_DataOutStageCallback
                0x08007c50       0x36 ./src/lib/baram/USB_DEVICE/Target/usbd_conf.o
                0x08007c50                HAL_PCD_DataOutStageCallback
 .text.HAL_PCD_DataInStageCallback
                0x08007c86       0x34 ./src/lib/baram/USB_DEVICE/Target/usbd_conf.o
                0x08007c86                HAL_PCD_DataInStageCallback
 .text.HAL_PCD_SOFCallback
                0x08007cba       0x1c ./src/lib/baram/USB_DEVICE/Target/usbd_conf.o
                0x08007cba                HAL_PCD_SOFCallback
 .text.HAL_PCD_ResetCallback
                0x08007cd6       0x3c ./src/lib/baram/USB_DEVICE/Target/usbd_conf.o
                0x08007cd6                HAL_PCD_ResetCallback
 *fill*         0x08007d12        0x2 
 .text.HAL_PCD_SuspendCallback
                0x08007d14       0x34 ./src/lib/baram/USB_DEVICE/Target/usbd_conf.o
                0x08007d14                HAL_PCD_SuspendCallback
 .text.HAL_PCD_ResumeCallback
                0x08007d48       0x1c ./src/lib/baram/USB_DEVICE/Target/usbd_conf.o
                0x08007d48                HAL_PCD_ResumeCallback
 .text.USBD_LL_Init
                0x08007d64       0xb4 ./src/lib/baram/USB_DEVICE/Target/usbd_conf.o
                0x08007d64                USBD_LL_Init
 .text.USBD_LL_Start
                0x08007e18       0x36 ./src/lib/baram/USB_DEVICE/Target/usbd_conf.o
                0x08007e18                USBD_LL_Start
 .text.USBD_LL_OpenEP
                0x08007e4e       0x4c ./src/lib/baram/USB_DEVICE/Target/usbd_conf.o
                0x08007e4e                USBD_LL_OpenEP
 .text.USBD_LL_CloseEP
                0x08007e9a       0x3e ./src/lib/baram/USB_DEVICE/Target/usbd_conf.o
                0x08007e9a                USBD_LL_CloseEP
 .text.USBD_LL_StallEP
                0x08007ed8       0x3e ./src/lib/baram/USB_DEVICE/Target/usbd_conf.o
                0x08007ed8                USBD_LL_StallEP
 .text.USBD_LL_ClearStallEP
                0x08007f16       0x3e ./src/lib/baram/USB_DEVICE/Target/usbd_conf.o
                0x08007f16                USBD_LL_ClearStallEP
 .text.USBD_LL_IsStallEP
                0x08007f54       0x56 ./src/lib/baram/USB_DEVICE/Target/usbd_conf.o
                0x08007f54                USBD_LL_IsStallEP
 .text.USBD_LL_SetUSBAddress
                0x08007faa       0x3e ./src/lib/baram/USB_DEVICE/Target/usbd_conf.o
                0x08007faa                USBD_LL_SetUSBAddress
 .text.USBD_LL_Transmit
                0x08007fe8       0x46 ./src/lib/baram/USB_DEVICE/Target/usbd_conf.o
                0x08007fe8                USBD_LL_Transmit
 .text.USBD_LL_PrepareReceive
                0x0800802e       0x46 ./src/lib/baram/USB_DEVICE/Target/usbd_conf.o
                0x0800802e                USBD_LL_PrepareReceive
 .text.USBD_LL_GetRxDataSize
                0x08008074       0x26 ./src/lib/baram/USB_DEVICE/Target/usbd_conf.o
                0x08008074                USBD_LL_GetRxDataSize
 *fill*         0x0800809a        0x2 
 .text.USBD_static_malloc
                0x0800809c       0x18 ./src/lib/baram/USB_DEVICE/Target/usbd_conf.o
                0x0800809c                USBD_static_malloc
 .text.USBD_static_free
                0x080080b4       0x12 ./src/lib/baram/USB_DEVICE/Target/usbd_conf.o
                0x080080b4                USBD_static_free
 .text.HAL_PCDEx_SetConnectionState
                0x080080c6       0x16 ./src/lib/baram/USB_DEVICE/Target/usbd_conf.o
                0x080080c6                HAL_PCDEx_SetConnectionState
 .text.USBD_Get_USB_Status
                0x080080dc       0x58 ./src/lib/baram/USB_DEVICE/Target/usbd_conf.o
 .text.main     0x08008134       0x16 ./src/main.o
                0x08008134                main
 .text._vsnprintf_r
                0x0800814a       0x56 D:/Program Files/STM32CubeIDE_1.17.0/STM32CubeIDE/plugins/com.st.stm32cube.ide.mcu.externaltools.gnu-tools-for-stm32.12.3.rel1.win32_1.1.0.202410251130/tools/bin/../lib/gcc/arm-none-eabi/12.3.1/../../../../arm-none-eabi/lib/thumb/v7-m/nofp\libc_nano.a(libc_a-vsnprintf.o)
                0x0800814a                _vsniprintf_r
                0x0800814a                _vsnprintf_r
 .text.vsnprintf
                0x080081a0       0x1c D:/Program Files/STM32CubeIDE_1.17.0/STM32CubeIDE/plugins/com.st.stm32cube.ide.mcu.externaltools.gnu-tools-for-stm32.12.3.rel1.win32_1.1.0.202410251130/tools/bin/../lib/gcc/arm-none-eabi/12.3.1/../../../../arm-none-eabi/lib/thumb/v7-m/nofp\libc_nano.a(libc_a-vsnprintf.o)
                0x080081a0                vsniprintf
                0x080081a0                vsnprintf
 .text.memset   0x080081bc       0x10 D:/Program Files/STM32CubeIDE_1.17.0/STM32CubeIDE/plugins/com.st.stm32cube.ide.mcu.externaltools.gnu-tools-for-stm32.12.3.rel1.win32_1.1.0.202410251130/tools/bin/../lib/gcc/arm-none-eabi/12.3.1/../../../../arm-none-eabi/lib/thumb/v7-m/nofp\libc_nano.a(libc_a-memset.o)
                0x080081bc                memset
 .text.__errno  0x080081cc        0xc D:/Program Files/STM32CubeIDE_1.17.0/STM32CubeIDE/plugins/com.st.stm32cube.ide.mcu.externaltools.gnu-tools-for-stm32.12.3.rel1.win32_1.1.0.202410251130/tools/bin/../lib/gcc/arm-none-eabi/12.3.1/../../../../arm-none-eabi/lib/thumb/v7-m/nofp\libc_nano.a(libc_a-errno.o)
                0x080081cc                __errno
 .text.__libc_init_array
                0x080081d8       0x48 D:/Program Files/STM32CubeIDE_1.17.0/STM32CubeIDE/plugins/com.st.stm32cube.ide.mcu.externaltools.gnu-tools-for-stm32.12.3.rel1.win32_1.1.0.202410251130/tools/bin/../lib/gcc/arm-none-eabi/12.3.1/../../../../arm-none-eabi/lib/thumb/v7-m/nofp\libc_nano.a(libc_a-init.o)
                0x080081d8                __libc_init_array
 .text.__retarget_lock_acquire_recursive
                0x08008220        0x2 D:/Program Files/STM32CubeIDE_1.17.0/STM32CubeIDE/plugins/com.st.stm32cube.ide.mcu.externaltools.gnu-tools-for-stm32.12.3.rel1.win32_1.1.0.202410251130/tools/bin/../lib/gcc/arm-none-eabi/12.3.1/../../../../arm-none-eabi/lib/thumb/v7-m/nofp\libc_nano.a(libc_a-lock.o)
                0x08008220                __retarget_lock_acquire_recursive
 .text.__retarget_lock_release_recursive
                0x08008222        0x2 D:/Program Files/STM32CubeIDE_1.17.0/STM32CubeIDE/plugins/com.st.stm32cube.ide.mcu.externaltools.gnu-tools-for-stm32.12.3.rel1.win32_1.1.0.202410251130/tools/bin/../lib/gcc/arm-none-eabi/12.3.1/../../../../arm-none-eabi/lib/thumb/v7-m/nofp\libc_nano.a(libc_a-lock.o)
                0x08008222                __retarget_lock_release_recursive
 .text._free_r  0x08008224       0x90 D:/Program Files/STM32CubeIDE_1.17.0/STM32CubeIDE/plugins/com.st.stm32cube.ide.mcu.externaltools.gnu-tools-for-stm32.12.3.rel1.win32_1.1.0.202410251130/tools/bin/../lib/gcc/arm-none-eabi/12.3.1/../../../../arm-none-eabi/lib/thumb/v7-m/nofp\libc_nano.a(libc_a-freer.o)
                0x08008224                _free_r
 .text.sbrk_aligned
                0x080082b4       0x44 D:/Program Files/STM32CubeIDE_1.17.0/STM32CubeIDE/plugins/com.st.stm32cube.ide.mcu.externaltools.gnu-tools-for-stm32.12.3.rel1.win32_1.1.0.202410251130/tools/bin/../lib/gcc/arm-none-eabi/12.3.1/../../../../arm-none-eabi/lib/thumb/v7-m/nofp\libc_nano.a(libc_a-mallocr.o)
 .text._malloc_r
                0x080082f8      0x100 D:/Program Files/STM32CubeIDE_1.17.0/STM32CubeIDE/plugins/com.st.stm32cube.ide.mcu.externaltools.gnu-tools-for-stm32.12.3.rel1.win32_1.1.0.202410251130/tools/bin/../lib/gcc/arm-none-eabi/12.3.1/../../../../arm-none-eabi/lib/thumb/v7-m/nofp\libc_nano.a(libc_a-mallocr.o)
                0x080082f8                _malloc_r
 .text.__malloc_lock
                0x080083f8        0xc D:/Program Files/STM32CubeIDE_1.17.0/STM32CubeIDE/plugins/com.st.stm32cube.ide.mcu.externaltools.gnu-tools-for-stm32.12.3.rel1.win32_1.1.0.202410251130/tools/bin/../lib/gcc/arm-none-eabi/12.3.1/../../../../arm-none-eabi/lib/thumb/v7-m/nofp\libc_nano.a(libc_a-mlock.o)
                0x080083f8                __malloc_lock
 .text.__malloc_unlock
                0x08008404        0xc D:/Program Files/STM32CubeIDE_1.17.0/STM32CubeIDE/plugins/com.st.stm32cube.ide.mcu.externaltools.gnu-tools-for-stm32.12.3.rel1.win32_1.1.0.202410251130/tools/bin/../lib/gcc/arm-none-eabi/12.3.1/../../../../arm-none-eabi/lib/thumb/v7-m/nofp\libc_nano.a(libc_a-mlock.o)
                0x08008404                __malloc_unlock
 .text.__ssputs_r
                0x08008410       0xb6 D:/Program Files/STM32CubeIDE_1.17.0/STM32CubeIDE/plugins/com.st.stm32cube.ide.mcu.externaltools.gnu-tools-for-stm32.12.3.rel1.win32_1.1.0.202410251130/tools/bin/../lib/gcc/arm-none-eabi/12.3.1/../../../../arm-none-eabi/lib/thumb/v7-m/nofp\libc_nano.a(libc_a-nano-svfprintf.o)
                0x08008410                __ssputs_r
 *fill*         0x080084c6        0x2 
 .text._svfprintf_r
                0x080084c8      0x1f8 D:/Program Files/STM32CubeIDE_1.17.0/STM32CubeIDE/plugins/com.st.stm32cube.ide.mcu.externaltools.gnu-tools-for-stm32.12.3.rel1.win32_1.1.0.202410251130/tools/bin/../lib/gcc/arm-none-eabi/12.3.1/../../../../arm-none-eabi/lib/thumb/v7-m/nofp\libc_nano.a(libc_a-nano-svfprintf.o)
                0x080084c8                _svfiprintf_r
                0x080084c8                _svfprintf_r
 .text._printf_common
                0x080086c0       0xe4 D:/Program Files/STM32CubeIDE_1.17.0/STM32CubeIDE/plugins/com.st.stm32cube.ide.mcu.externaltools.gnu-tools-for-stm32.12.3.rel1.win32_1.1.0.202410251130/tools/bin/../lib/gcc/arm-none-eabi/12.3.1/../../../../arm-none-eabi/lib/thumb/v7-m/nofp\libc_nano.a(libc_a-nano-vfprintf_i.o)
                0x080086c0                _printf_common
 .text._printf_i
                0x080087a4      0x240 D:/Program Files/STM32CubeIDE_1.17.0/STM32CubeIDE/plugins/com.st.stm32cube.ide.mcu.externaltools.gnu-tools-for-stm32.12.3.rel1.win32_1.1.0.202410251130/tools/bin/../lib/gcc/arm-none-eabi/12.3.1/../../../../arm-none-eabi/lib/thumb/v7-m/nofp\libc_nano.a(libc_a-nano-vfprintf_i.o)
                0x080087a4                _printf_i
 .text.memmove  0x080089e4       0x34 D:/Program Files/STM32CubeIDE_1.17.0/STM32CubeIDE/plugins/com.st.stm32cube.ide.mcu.externaltools.gnu-tools-for-stm32.12.3.rel1.win32_1.1.0.202410251130/tools/bin/../lib/gcc/arm-none-eabi/12.3.1/../../../../arm-none-eabi/lib/thumb/v7-m/nofp\libc_nano.a(libc_a-memmove.o)
                0x080089e4                memmove
 .text._sbrk_r  0x08008a18       0x20 D:/Program Files/STM32CubeIDE_1.17.0/STM32CubeIDE/plugins/com.st.stm32cube.ide.mcu.externaltools.gnu-tools-for-stm32.12.3.rel1.win32_1.1.0.202410251130/tools/bin/../lib/gcc/arm-none-eabi/12.3.1/../../../../arm-none-eabi/lib/thumb/v7-m/nofp\libc_nano.a(libc_a-sbrkr.o)
                0x08008a18                _sbrk_r
 .text.memchr   0x08008a38       0x1c D:/Program Files/STM32CubeIDE_1.17.0/STM32CubeIDE/plugins/com.st.stm32cube.ide.mcu.externaltools.gnu-tools-for-stm32.12.3.rel1.win32_1.1.0.202410251130/tools/bin/../lib/gcc/arm-none-eabi/12.3.1/../../../../arm-none-eabi/lib/thumb/v7-m/nofp\libc_nano.a(libc_a-memchr-stub.o)
                0x08008a38                memchr
 .text.memcpy   0x08008a54       0x1c D:/Program Files/STM32CubeIDE_1.17.0/STM32CubeIDE/plugins/com.st.stm32cube.ide.mcu.externaltools.gnu-tools-for-stm32.12.3.rel1.win32_1.1.0.202410251130/tools/bin/../lib/gcc/arm-none-eabi/12.3.1/../../../../arm-none-eabi/lib/thumb/v7-m/nofp\libc_nano.a(libc_a-memcpy-stub.o)
                0x08008a54                memcpy
 .text._realloc_r
                0x08008a70       0x5c D:/Program Files/STM32CubeIDE_1.17.0/STM32CubeIDE/plugins/com.st.stm32cube.ide.mcu.externaltools.gnu-tools-for-stm32.12.3.rel1.win32_1.1.0.202410251130/tools/bin/../lib/gcc/arm-none-eabi/12.3.1/../../../../arm-none-eabi/lib/thumb/v7-m/nofp\libc_nano.a(libc_a-reallocr.o)
                0x08008a70                _realloc_r
 .text._malloc_usable_size_r
                0x08008acc       0x10 D:/Program Files/STM32CubeIDE_1.17.0/STM32CubeIDE/plugins/com.st.stm32cube.ide.mcu.externaltools.gnu-tools-for-stm32.12.3.rel1.win32_1.1.0.202410251130/tools/bin/../lib/gcc/arm-none-eabi/12.3.1/../../../../arm-none-eabi/lib/thumb/v7-m/nofp\libc_nano.a(libc_a-msizer.o)
                0x08008acc                _malloc_usable_size_r
 *(.glue_7)
 .glue_7        0x08008adc        0x0 linker stubs
 *(.glue_7t)
 .glue_7t       0x08008adc        0x0 linker stubs
 *(.eh_frame)
 .eh_frame      0x08008adc        0x0 D:/Program Files/STM32CubeIDE_1.17.0/STM32CubeIDE/plugins/com.st.stm32cube.ide.mcu.externaltools.gnu-tools-for-stm32.12.3.rel1.win32_1.1.0.202410251130/tools/bin/../lib/gcc/arm-none-eabi/12.3.1/thumb/v7-m/nofp/crtbegin.o
 *(.init)
 .init          0x08008adc        0x4 D:/Program Files/STM32CubeIDE_1.17.0/STM32CubeIDE/plugins/com.st.stm32cube.ide.mcu.externaltools.gnu-tools-for-stm32.12.3.rel1.win32_1.1.0.202410251130/tools/bin/../lib/gcc/arm-none-eabi/12.3.1/thumb/v7-m/nofp/crti.o
                0x08008adc                _init
 .init          0x08008ae0        0x8 D:/Program Files/STM32CubeIDE_1.17.0/STM32CubeIDE/plugins/com.st.stm32cube.ide.mcu.externaltools.gnu-tools-for-stm32.12.3.rel1.win32_1.1.0.202410251130/tools/bin/../lib/gcc/arm-none-eabi/12.3.1/thumb/v7-m/nofp/crtn.o
 *(.fini)
 .fini          0x08008ae8        0x4 D:/Program Files/STM32CubeIDE_1.17.0/STM32CubeIDE/plugins/com.st.stm32cube.ide.mcu.externaltools.gnu-tools-for-stm32.12.3.rel1.win32_1.1.0.202410251130/tools/bin/../lib/gcc/arm-none-eabi/12.3.1/thumb/v7-m/nofp/crti.o
                0x08008ae8                _fini
 .fini          0x08008aec        0x8 D:/Program Files/STM32CubeIDE_1.17.0/STM32CubeIDE/plugins/com.st.stm32cube.ide.mcu.externaltools.gnu-tools-for-stm32.12.3.rel1.win32_1.1.0.202410251130/tools/bin/../lib/gcc/arm-none-eabi/12.3.1/thumb/v7-m/nofp/crtn.o
                0x08008af4                        . = ALIGN (0x4)
                0x08008af4                        _etext = .

.vfp11_veneer   0x08008af4        0x0
 .vfp11_veneer  0x08008af4        0x0 linker stubs

.v4_bx          0x08008af4        0x0
 .v4_bx         0x08008af4        0x0 linker stubs

.iplt           0x08008af4        0x0
 .iplt          0x08008af4        0x0 D:/Program Files/STM32CubeIDE_1.17.0/STM32CubeIDE/plugins/com.st.stm32cube.ide.mcu.externaltools.gnu-tools-for-stm32.12.3.rel1.win32_1.1.0.202410251130/tools/bin/../lib/gcc/arm-none-eabi/12.3.1/thumb/v7-m/nofp/crtbegin.o

.rodata         0x08008af4       0xf8
                0x08008af4                        . = ALIGN (0x4)
 *(.rodata)
 .rodata        0x08008af4       0x3a ./src/ap/ap.o
 *fill*         0x08008b2e        0x2 
 .rodata        0x08008b30       0x46 ./src/lib/baram/USB_DEVICE/App/usbd_desc.o
 *(.rodata*)
 *fill*         0x08008b76        0x2 
 .rodata.AHBPrescTable
                0x08008b78       0x10 ./src/bsp/system_stm32f1xx.o
                0x08008b78                AHBPrescTable
 .rodata.APBPrescTable
                0x08008b88        0x8 ./src/bsp/system_stm32f1xx.o
                0x08008b88                APBPrescTable
 .rodata.aPLLMULFactorTable.1
                0x08008b90       0x10 ./src/lib/baram/Drivers/STM32F1xx_HAL_Driver/Src/stm32f1xx_hal_rcc.o
 .rodata.aPredivFactorTable.0
                0x08008ba0        0x2 ./src/lib/baram/Drivers/STM32F1xx_HAL_Driver/Src/stm32f1xx_hal_rcc.o
 *fill*         0x08008ba2        0x2 
 .rodata.aPLLMULFactorTable.1
                0x08008ba4       0x10 ./src/lib/baram/Drivers/STM32F1xx_HAL_Driver/Src/stm32f1xx_hal_rcc_ex.o
 .rodata.aPredivFactorTable.0
                0x08008bb4        0x2 ./src/lib/baram/Drivers/STM32F1xx_HAL_Driver/Src/stm32f1xx_hal_rcc_ex.o
 .rodata._svfprintf_r.str1.1
                0x08008bb6       0x11 D:/Program Files/STM32CubeIDE_1.17.0/STM32CubeIDE/plugins/com.st.stm32cube.ide.mcu.externaltools.gnu-tools-for-stm32.12.3.rel1.win32_1.1.0.202410251130/tools/bin/../lib/gcc/arm-none-eabi/12.3.1/../../../../arm-none-eabi/lib/thumb/v7-m/nofp\libc_nano.a(libc_a-nano-svfprintf.o)
 .rodata._printf_i.str1.1
                0x08008bc7       0x22 D:/Program Files/STM32CubeIDE_1.17.0/STM32CubeIDE/plugins/com.st.stm32cube.ide.mcu.externaltools.gnu-tools-for-stm32.12.3.rel1.win32_1.1.0.202410251130/tools/bin/../lib/gcc/arm-none-eabi/12.3.1/../../../../arm-none-eabi/lib/thumb/v7-m/nofp\libc_nano.a(libc_a-nano-vfprintf_i.o)
                0x08008bec                        . = ALIGN (0x4)
 *fill*         0x08008be9        0x3 

.ARM.extab      0x08008bec        0x0
                0x08008bec                        . = ALIGN (0x4)
 *(.ARM.extab* .gnu.linkonce.armextab.*)
                0x08008bec                        . = ALIGN (0x4)

.ARM            0x08008bec        0x0
                0x08008bec                        . = ALIGN (0x4)
                0x08008bec                        __exidx_start = .
 *(.ARM.exidx*)
                0x08008bec                        __exidx_end = .
                0x08008bec                        . = ALIGN (0x4)

.preinit_array  0x08008bec        0x0
                0x08008bec                        . = ALIGN (0x4)
                0x08008bec                        PROVIDE (__preinit_array_start = .)
 *(.preinit_array*)
                0x08008bec                        PROVIDE (__preinit_array_end = .)
                0x08008bec                        . = ALIGN (0x4)

.init_array     0x08008bec        0x4
                0x08008bec                        . = ALIGN (0x4)
                0x08008bec                        PROVIDE (__init_array_start = .)
 *(SORT_BY_NAME(.init_array.*))
 *(.init_array*)
 .init_array    0x08008bec        0x4 D:/Program Files/STM32CubeIDE_1.17.0/STM32CubeIDE/plugins/com.st.stm32cube.ide.mcu.externaltools.gnu-tools-for-stm32.12.3.rel1.win32_1.1.0.202410251130/tools/bin/../lib/gcc/arm-none-eabi/12.3.1/thumb/v7-m/nofp/crtbegin.o
                0x08008bf0                        PROVIDE (__init_array_end = .)
                0x08008bf0                        . = ALIGN (0x4)

.fini_array     0x08008bf0        0x4
                0x08008bf0                        . = ALIGN (0x4)
                [!provide]                        PROVIDE (__fini_array_start = .)
 *(SORT_BY_NAME(.fini_array.*))
 *(.fini_array*)
 .fini_array    0x08008bf0        0x4 D:/Program Files/STM32CubeIDE_1.17.0/STM32CubeIDE/plugins/com.st.stm32cube.ide.mcu.externaltools.gnu-tools-for-stm32.12.3.rel1.win32_1.1.0.202410251130/tools/bin/../lib/gcc/arm-none-eabi/12.3.1/thumb/v7-m/nofp/crtbegin.o
                [!provide]                        PROVIDE (__fini_array_end = .)
                0x08008bf4                        . = ALIGN (0x4)
                0x08008bf4                        _sidata = LOADADDR (.data)

.rel.dyn        0x08008bf4        0x0
 .rel.iplt      0x08008bf4        0x0 D:/Program Files/STM32CubeIDE_1.17.0/STM32CubeIDE/plugins/com.st.stm32cube.ide.mcu.externaltools.gnu-tools-for-stm32.12.3.rel1.win32_1.1.0.202410251130/tools/bin/../lib/gcc/arm-none-eabi/12.3.1/thumb/v7-m/nofp/crtbegin.o

.data           0x20000000      0x1e0 load address 0x08008bf4
                0x20000000                        . = ALIGN (0x4)
                0x20000000                        _sdata = .
 *(.data)
 *(.data*)
 .data.SystemCoreClock
                0x20000000        0x4 ./src/bsp/system_stm32f1xx.o
                0x20000000                SystemCoreClock
 .data.led_tbl  0x20000004        0x8 ./src/hw/driver/led.o
                0x20000004                led_tbl
 .data.uwTickPrio
                0x2000000c        0x4 ./src/lib/baram/Drivers/STM32F1xx_HAL_Driver/Src/stm32f1xx_hal.o
                0x2000000c                uwTickPrio
 .data.uwTickFreq
                0x20000010        0x1 ./src/lib/baram/Drivers/STM32F1xx_HAL_Driver/Src/stm32f1xx_hal.o
                0x20000010                uwTickFreq
 *fill*         0x20000011        0x3 
 .data.USBD_CDC_DeviceQualifierDesc
                0x20000014        0xa ./src/lib/baram/Middlewares/ST/STM32_USB_Device_Library/Class/CDC/Src/usbd_cdc.o
 *fill*         0x2000001e        0x2 
 .data.USBD_CDC
                0x20000020       0x38 ./src/lib/baram/Middlewares/ST/STM32_USB_Device_Library/Class/CDC/Src/usbd_cdc.o
                0x20000020                USBD_CDC
 .data.USBD_CDC_CfgHSDesc
                0x20000058       0x43 ./src/lib/baram/Middlewares/ST/STM32_USB_Device_Library/Class/CDC/Src/usbd_cdc.o
                0x20000058                USBD_CDC_CfgHSDesc
 *fill*         0x2000009b        0x1 
 .data.USBD_CDC_CfgFSDesc
                0x2000009c       0x43 ./src/lib/baram/Middlewares/ST/STM32_USB_Device_Library/Class/CDC/Src/usbd_cdc.o
                0x2000009c                USBD_CDC_CfgFSDesc
 *fill*         0x200000df        0x1 
 .data.USBD_CDC_OtherSpeedCfgDesc
                0x200000e0       0x43 ./src/lib/baram/Middlewares/ST/STM32_USB_Device_Library/Class/CDC/Src/usbd_cdc.o
                0x200000e0                USBD_CDC_OtherSpeedCfgDesc
 *fill*         0x20000123        0x1 
 .data.LineCoding
                0x20000124        0x8 ./src/lib/baram/USB_DEVICE/App/usbd_cdc_if.o
                0x20000124                LineCoding
 .data.rx_len   0x2000012c        0x4 ./src/lib/baram/USB_DEVICE/App/usbd_cdc_if.o
                0x2000012c                rx_len
 .data.USBD_Interface_fops_FS
                0x20000130       0x10 ./src/lib/baram/USB_DEVICE/App/usbd_cdc_if.o
                0x20000130                USBD_Interface_fops_FS
 .data.FS_Desc  0x20000140       0x1c ./src/lib/baram/USB_DEVICE/App/usbd_desc.o
                0x20000140                FS_Desc
 .data.USBD_FS_DeviceDesc
                0x2000015c       0x12 ./src/lib/baram/USB_DEVICE/App/usbd_desc.o
                0x2000015c                USBD_FS_DeviceDesc
 *fill*         0x2000016e        0x2 
 .data.USBD_LangIDDesc
                0x20000170        0x4 ./src/lib/baram/USB_DEVICE/App/usbd_desc.o
                0x20000170                USBD_LangIDDesc
 .data.USBD_StringSerial
                0x20000174       0x1a ./src/lib/baram/USB_DEVICE/App/usbd_desc.o
                0x20000174                USBD_StringSerial
 *fill*         0x2000018e        0x2 
 .data._impure_ptr
                0x20000190        0x4 D:/Program Files/STM32CubeIDE_1.17.0/STM32CubeIDE/plugins/com.st.stm32cube.ide.mcu.externaltools.gnu-tools-for-stm32.12.3.rel1.win32_1.1.0.202410251130/tools/bin/../lib/gcc/arm-none-eabi/12.3.1/../../../../arm-none-eabi/lib/thumb/v7-m/nofp\libc_nano.a(libc_a-impure.o)
                0x20000190                _impure_ptr
 .data._impure_data
                0x20000194       0x4c D:/Program Files/STM32CubeIDE_1.17.0/STM32CubeIDE/plugins/com.st.stm32cube.ide.mcu.externaltools.gnu-tools-for-stm32.12.3.rel1.win32_1.1.0.202410251130/tools/bin/../lib/gcc/arm-none-eabi/12.3.1/../../../../arm-none-eabi/lib/thumb/v7-m/nofp\libc_nano.a(libc_a-impure.o)
                0x20000194                _impure_data
 *(.RamFunc)
 *(.RamFunc*)
                0x200001e0                        . = ALIGN (0x4)
                0x200001e0                        _edata = .

.igot.plt       0x200001e0        0x0 load address 0x08008dd4
 .igot.plt      0x200001e0        0x0 D:/Program Files/STM32CubeIDE_1.17.0/STM32CubeIDE/plugins/com.st.stm32cube.ide.mcu.externaltools.gnu-tools-for-stm32.12.3.rel1.win32_1.1.0.202410251130/tools/bin/../lib/gcc/arm-none-eabi/12.3.1/thumb/v7-m/nofp/crtbegin.o
                0x200001e0                        . = ALIGN (0x4)

.bss            0x200001e0     0x1150 load address 0x08008dd4
                0x200001e0                        _sbss = .
                0x200001e0                        __bss_start__ = _sbss
 *(.bss)
 .bss           0x200001e0       0x1c D:/Program Files/STM32CubeIDE_1.17.0/STM32CubeIDE/plugins/com.st.stm32cube.ide.mcu.externaltools.gnu-tools-for-stm32.12.3.rel1.win32_1.1.0.202410251130/tools/bin/../lib/gcc/arm-none-eabi/12.3.1/thumb/v7-m/nofp/crtbegin.o
 *(.bss*)
 .bss.__sbrk_heap_end
                0x200001fc        0x4 ./src/bsp/sysmem.o
 .bss.reset_count
                0x20000200        0x4 ./src/hw/driver/reset.o
 .bss.hrtc      0x20000204       0x14 ./src/hw/driver/rtc.o
 .bss.is_open   0x20000218        0x1 ./src/hw/driver/uart.o
 *fill*         0x20000219        0x3 
 .bss.uwTick    0x2000021c        0x4 ./src/lib/baram/Drivers/STM32F1xx_HAL_Driver/Src/stm32f1xx_hal.o
                0x2000021c                uwTick
 .bss.cfgidx.0  0x20000220        0x1 ./src/lib/baram/Middlewares/ST/STM32_USB_Device_Library/Core/Src/usbd_ctlreq.o
 *fill*         0x20000221        0x3 
 .bss.hUsbDeviceFS
                0x20000224      0x2c4 ./src/lib/baram/USB_DEVICE/App/usb_device.o
                0x20000224                hUsbDeviceFS
 .bss.rx_in     0x200004e8        0x4 ./src/lib/baram/USB_DEVICE/App/usbd_cdc_if.o
                0x200004e8                rx_in
 .bss.rx_out    0x200004ec        0x4 ./src/lib/baram/USB_DEVICE/App/usbd_cdc_if.o
                0x200004ec                rx_out
 .bss.rx_buf    0x200004f0      0x200 ./src/lib/baram/USB_DEVICE/App/usbd_cdc_if.o
                0x200004f0                rx_buf
 .bss.UserRxBufferFS
                0x200006f0      0x200 ./src/lib/baram/USB_DEVICE/App/usbd_cdc_if.o
                0x200006f0                UserRxBufferFS
 .bss.UserTxBufferFS
                0x200008f0      0x200 ./src/lib/baram/USB_DEVICE/App/usbd_cdc_if.o
                0x200008f0                UserTxBufferFS
 .bss.USBD_StrDesc
                0x20000af0      0x200 ./src/lib/baram/USB_DEVICE/App/usbd_desc.o
                0x20000af0                USBD_StrDesc
 .bss.hpcd_USB_FS
                0x20000cf0      0x2d8 ./src/lib/baram/USB_DEVICE/Target/usbd_conf.o
                0x20000cf0                hpcd_USB_FS
 .bss.mem.0     0x20000fc8      0x220 ./src/lib/baram/USB_DEVICE/Target/usbd_conf.o
 .bss.__sf      0x200011e8      0x138 D:/Program Files/STM32CubeIDE_1.17.0/STM32CubeIDE/plugins/com.st.stm32cube.ide.mcu.externaltools.gnu-tools-for-stm32.12.3.rel1.win32_1.1.0.202410251130/tools/bin/../lib/gcc/arm-none-eabi/12.3.1/../../../../arm-none-eabi/lib/thumb/v7-m/nofp\libc_nano.a(libc_a-findfp.o)
                0x200011e8                __sf
 .bss.errno     0x20001320        0x4 D:/Program Files/STM32CubeIDE_1.17.0/STM32CubeIDE/plugins/com.st.stm32cube.ide.mcu.externaltools.gnu-tools-for-stm32.12.3.rel1.win32_1.1.0.202410251130/tools/bin/../lib/gcc/arm-none-eabi/12.3.1/../../../../arm-none-eabi/lib/thumb/v7-m/nofp\libc_nano.a(libc_a-reent.o)
                0x20001320                errno
 .bss.__lock___malloc_recursive_mutex
                0x20001324        0x1 D:/Program Files/STM32CubeIDE_1.17.0/STM32CubeIDE/plugins/com.st.stm32cube.ide.mcu.externaltools.gnu-tools-for-stm32.12.3.rel1.win32_1.1.0.202410251130/tools/bin/../lib/gcc/arm-none-eabi/12.3.1/../../../../arm-none-eabi/lib/thumb/v7-m/nofp\libc_nano.a(libc_a-lock.o)
                0x20001324                __lock___malloc_recursive_mutex
 *fill*         0x20001325        0x3 
 .bss.__malloc_sbrk_start
                0x20001328        0x4 D:/Program Files/STM32CubeIDE_1.17.0/STM32CubeIDE/plugins/com.st.stm32cube.ide.mcu.externaltools.gnu-tools-for-stm32.12.3.rel1.win32_1.1.0.202410251130/tools/bin/../lib/gcc/arm-none-eabi/12.3.1/../../../../arm-none-eabi/lib/thumb/v7-m/nofp\libc_nano.a(libc_a-mallocr.o)
                0x20001328                __malloc_sbrk_start
 .bss.__malloc_free_list
                0x2000132c        0x4 D:/Program Files/STM32CubeIDE_1.17.0/STM32CubeIDE/plugins/com.st.stm32cube.ide.mcu.externaltools.gnu-tools-for-stm32.12.3.rel1.win32_1.1.0.202410251130/tools/bin/../lib/gcc/arm-none-eabi/12.3.1/../../../../arm-none-eabi/lib/thumb/v7-m/nofp\libc_nano.a(libc_a-mallocr.o)
                0x2000132c                __malloc_free_list
 *(COMMON)
                0x20001330                        . = ALIGN (0x4)
                0x20001330                        _ebss = .
                0x20001330                        __bss_end__ = _ebss

._user_heap_stack
                0x20001330      0x600 load address 0x08008dd4
                0x20001330                        . = ALIGN (0x8)
                [!provide]                        PROVIDE (end = .)
                0x20001330                        PROVIDE (_end = .)
                0x20001530                        . = (. + _Min_Heap_Size)
 *fill*         0x20001330      0x200 
                0x20001930                        . = (. + _Min_Stack_Size)
 *fill*         0x20001530      0x400 
                0x20001930                        . = ALIGN (0x8)

/DISCARD/
 libc.a(*)
 libm.a(*)
 libgcc.a(*)

.ARM.attributes
                0x00000000       0x29
 *(.ARM.attributes)
 .ARM.attributes
                0x00000000       0x1d D:/Program Files/STM32CubeIDE_1.17.0/STM32CubeIDE/plugins/com.st.stm32cube.ide.mcu.externaltools.gnu-tools-for-stm32.12.3.rel1.win32_1.1.0.202410251130/tools/bin/../lib/gcc/arm-none-eabi/12.3.1/thumb/v7-m/nofp/crti.o
 .ARM.attributes
                0x0000001d       0x2d D:/Program Files/STM32CubeIDE_1.17.0/STM32CubeIDE/plugins/com.st.stm32cube.ide.mcu.externaltools.gnu-tools-for-stm32.12.3.rel1.win32_1.1.0.202410251130/tools/bin/../lib/gcc/arm-none-eabi/12.3.1/thumb/v7-m/nofp/crtbegin.o
 .ARM.attributes
                0x0000004a       0x2d ./src/ap/ap.o
 .ARM.attributes
                0x00000077       0x2d ./src/bsp/bsp.o
 .ARM.attributes
                0x000000a4       0x2d ./src/bsp/stm32f1xx_hal_msp.o
 .ARM.attributes
                0x000000d1       0x2d ./src/bsp/stm32f1xx_it.o
 .ARM.attributes
                0x000000fe       0x2d ./src/bsp/sysmem.o
 .ARM.attributes
                0x0000012b       0x2d ./src/bsp/system_stm32f1xx.o
 .ARM.attributes
                0x00000158       0x21 ./src/bsp/startup/startup_stm32f103c8tx.o
 .ARM.attributes
                0x00000179       0x2d ./src/hw/driver/led.o
 .ARM.attributes
                0x000001a6       0x2d ./src/hw/driver/reset.o
 .ARM.attributes
                0x000001d3       0x2d ./src/hw/driver/rtc.o
 .ARM.attributes
                0x00000200       0x2d ./src/hw/driver/uart.o
 .ARM.attributes
                0x0000022d       0x2d ./src/hw/driver/usb.o
 .ARM.attributes
                0x0000025a       0x2d ./src/hw/hw.o
 .ARM.attributes
                0x00000287       0x2d ./src/lib/baram/Drivers/STM32F1xx_HAL_Driver/Src/stm32f1xx_hal.o
 .ARM.attributes
                0x000002b4       0x2d ./src/lib/baram/Drivers/STM32F1xx_HAL_Driver/Src/stm32f1xx_hal_cortex.o
 .ARM.attributes
                0x000002e1       0x2d ./src/lib/baram/Drivers/STM32F1xx_HAL_Driver/Src/stm32f1xx_hal_gpio.o
 .ARM.attributes
                0x0000030e       0x2d ./src/lib/baram/Drivers/STM32F1xx_HAL_Driver/Src/stm32f1xx_hal_pcd.o
 .ARM.attributes
                0x0000033b       0x2d ./src/lib/baram/Drivers/STM32F1xx_HAL_Driver/Src/stm32f1xx_hal_pcd_ex.o
 .ARM.attributes
                0x00000368       0x2d ./src/lib/baram/Drivers/STM32F1xx_HAL_Driver/Src/stm32f1xx_hal_pwr.o
 .ARM.attributes
                0x00000395       0x2d ./src/lib/baram/Drivers/STM32F1xx_HAL_Driver/Src/stm32f1xx_hal_rcc.o
 .ARM.attributes
                0x000003c2       0x2d ./src/lib/baram/Drivers/STM32F1xx_HAL_Driver/Src/stm32f1xx_hal_rcc_ex.o
 .ARM.attributes
                0x000003ef       0x2d ./src/lib/baram/Drivers/STM32F1xx_HAL_Driver/Src/stm32f1xx_hal_rtc.o
 .ARM.attributes
                0x0000041c       0x2d ./src/lib/baram/Drivers/STM32F1xx_HAL_Driver/Src/stm32f1xx_hal_rtc_ex.o
 .ARM.attributes
                0x00000449       0x2d ./src/lib/baram/Drivers/STM32F1xx_HAL_Driver/Src/stm32f1xx_ll_usb.o
 .ARM.attributes
                0x00000476       0x2d ./src/lib/baram/Middlewares/ST/STM32_USB_Device_Library/Class/CDC/Src/usbd_cdc.o
 .ARM.attributes
                0x000004a3       0x2d ./src/lib/baram/Middlewares/ST/STM32_USB_Device_Library/Core/Src/usbd_core.o
 .ARM.attributes
                0x000004d0       0x2d ./src/lib/baram/Middlewares/ST/STM32_USB_Device_Library/Core/Src/usbd_ctlreq.o
 .ARM.attributes
                0x000004fd       0x2d ./src/lib/baram/Middlewares/ST/STM32_USB_Device_Library/Core/Src/usbd_ioreq.o
 .ARM.attributes
                0x0000052a       0x2d ./src/lib/baram/USB_DEVICE/App/usb_device.o
 .ARM.attributes
                0x00000557       0x2d ./src/lib/baram/USB_DEVICE/App/usbd_cdc_if.o
 .ARM.attributes
                0x00000584       0x2d ./src/lib/baram/USB_DEVICE/App/usbd_desc.o
 .ARM.attributes
                0x000005b1       0x2d ./src/lib/baram/USB_DEVICE/Target/usbd_conf.o
 .ARM.attributes
                0x000005de       0x2d ./src/main.o
 .ARM.attributes
                0x0000060b       0x2d D:/Program Files/STM32CubeIDE_1.17.0/STM32CubeIDE/plugins/com.st.stm32cube.ide.mcu.externaltools.gnu-tools-for-stm32.12.3.rel1.win32_1.1.0.202410251130/tools/bin/../lib/gcc/arm-none-eabi/12.3.1/../../../../arm-none-eabi/lib/thumb/v7-m/nofp\libc_nano.a(libc_a-findfp.o)
 .ARM.attributes
                0x00000638       0x2d D:/Program Files/STM32CubeIDE_1.17.0/STM32CubeIDE/plugins/com.st.stm32cube.ide.mcu.externaltools.gnu-tools-for-stm32.12.3.rel1.win32_1.1.0.202410251130/tools/bin/../lib/gcc/arm-none-eabi/12.3.1/../../../../arm-none-eabi/lib/thumb/v7-m/nofp\libc_nano.a(libc_a-vsnprintf.o)
 .ARM.attributes
                0x00000665       0x2d D:/Program Files/STM32CubeIDE_1.17.0/STM32CubeIDE/plugins/com.st.stm32cube.ide.mcu.externaltools.gnu-tools-for-stm32.12.3.rel1.win32_1.1.0.202410251130/tools/bin/../lib/gcc/arm-none-eabi/12.3.1/../../../../arm-none-eabi/lib/thumb/v7-m/nofp\libc_nano.a(libc_a-memset.o)
 .ARM.attributes
                0x00000692       0x2d D:/Program Files/STM32CubeIDE_1.17.0/STM32CubeIDE/plugins/com.st.stm32cube.ide.mcu.externaltools.gnu-tools-for-stm32.12.3.rel1.win32_1.1.0.202410251130/tools/bin/../lib/gcc/arm-none-eabi/12.3.1/../../../../arm-none-eabi/lib/thumb/v7-m/nofp\libc_nano.a(libc_a-reent.o)
 .ARM.attributes
                0x000006bf       0x2d D:/Program Files/STM32CubeIDE_1.17.0/STM32CubeIDE/plugins/com.st.stm32cube.ide.mcu.externaltools.gnu-tools-for-stm32.12.3.rel1.win32_1.1.0.202410251130/tools/bin/../lib/gcc/arm-none-eabi/12.3.1/../../../../arm-none-eabi/lib/thumb/v7-m/nofp\libc_nano.a(libc_a-impure.o)
 .ARM.attributes
                0x000006ec       0x2d D:/Program Files/STM32CubeIDE_1.17.0/STM32CubeIDE/plugins/com.st.stm32cube.ide.mcu.externaltools.gnu-tools-for-stm32.12.3.rel1.win32_1.1.0.202410251130/tools/bin/../lib/gcc/arm-none-eabi/12.3.1/../../../../arm-none-eabi/lib/thumb/v7-m/nofp\libc_nano.a(libc_a-errno.o)
 .ARM.attributes
                0x00000719       0x2d D:/Program Files/STM32CubeIDE_1.17.0/STM32CubeIDE/plugins/com.st.stm32cube.ide.mcu.externaltools.gnu-tools-for-stm32.12.3.rel1.win32_1.1.0.202410251130/tools/bin/../lib/gcc/arm-none-eabi/12.3.1/../../../../arm-none-eabi/lib/thumb/v7-m/nofp\libc_nano.a(libc_a-init.o)
 .ARM.attributes
                0x00000746       0x2d D:/Program Files/STM32CubeIDE_1.17.0/STM32CubeIDE/plugins/com.st.stm32cube.ide.mcu.externaltools.gnu-tools-for-stm32.12.3.rel1.win32_1.1.0.202410251130/tools/bin/../lib/gcc/arm-none-eabi/12.3.1/../../../../arm-none-eabi/lib/thumb/v7-m/nofp\libc_nano.a(libc_a-lock.o)
 .ARM.attributes
                0x00000773       0x2d D:/Program Files/STM32CubeIDE_1.17.0/STM32CubeIDE/plugins/com.st.stm32cube.ide.mcu.externaltools.gnu-tools-for-stm32.12.3.rel1.win32_1.1.0.202410251130/tools/bin/../lib/gcc/arm-none-eabi/12.3.1/../../../../arm-none-eabi/lib/thumb/v7-m/nofp\libc_nano.a(libc_a-freer.o)
 .ARM.attributes
                0x000007a0       0x2d D:/Program Files/STM32CubeIDE_1.17.0/STM32CubeIDE/plugins/com.st.stm32cube.ide.mcu.externaltools.gnu-tools-for-stm32.12.3.rel1.win32_1.1.0.202410251130/tools/bin/../lib/gcc/arm-none-eabi/12.3.1/../../../../arm-none-eabi/lib/thumb/v7-m/nofp\libc_nano.a(libc_a-mallocr.o)
 .ARM.attributes
                0x000007cd       0x2d D:/Program Files/STM32CubeIDE_1.17.0/STM32CubeIDE/plugins/com.st.stm32cube.ide.mcu.externaltools.gnu-tools-for-stm32.12.3.rel1.win32_1.1.0.202410251130/tools/bin/../lib/gcc/arm-none-eabi/12.3.1/../../../../arm-none-eabi/lib/thumb/v7-m/nofp\libc_nano.a(libc_a-mlock.o)
 .ARM.attributes
                0x000007fa       0x2d D:/Program Files/STM32CubeIDE_1.17.0/STM32CubeIDE/plugins/com.st.stm32cube.ide.mcu.externaltools.gnu-tools-for-stm32.12.3.rel1.win32_1.1.0.202410251130/tools/bin/../lib/gcc/arm-none-eabi/12.3.1/../../../../arm-none-eabi/lib/thumb/v7-m/nofp\libc_nano.a(libc_a-nano-svfprintf.o)
 .ARM.attributes
                0x00000827       0x2d D:/Program Files/STM32CubeIDE_1.17.0/STM32CubeIDE/plugins/com.st.stm32cube.ide.mcu.externaltools.gnu-tools-for-stm32.12.3.rel1.win32_1.1.0.202410251130/tools/bin/../lib/gcc/arm-none-eabi/12.3.1/../../../../arm-none-eabi/lib/thumb/v7-m/nofp\libc_nano.a(libc_a-nano-vfprintf_i.o)
 .ARM.attributes
                0x00000854       0x2d D:/Program Files/STM32CubeIDE_1.17.0/STM32CubeIDE/plugins/com.st.stm32cube.ide.mcu.externaltools.gnu-tools-for-stm32.12.3.rel1.win32_1.1.0.202410251130/tools/bin/../lib/gcc/arm-none-eabi/12.3.1/../../../../arm-none-eabi/lib/thumb/v7-m/nofp\libc_nano.a(libc_a-memmove.o)
 .ARM.attributes
                0x00000881       0x2d D:/Program Files/STM32CubeIDE_1.17.0/STM32CubeIDE/plugins/com.st.stm32cube.ide.mcu.externaltools.gnu-tools-for-stm32.12.3.rel1.win32_1.1.0.202410251130/tools/bin/../lib/gcc/arm-none-eabi/12.3.1/../../../../arm-none-eabi/lib/thumb/v7-m/nofp\libc_nano.a(libc_a-sbrkr.o)
 .ARM.attributes
                0x000008ae       0x2d D:/Program Files/STM32CubeIDE_1.17.0/STM32CubeIDE/plugins/com.st.stm32cube.ide.mcu.externaltools.gnu-tools-for-stm32.12.3.rel1.win32_1.1.0.202410251130/tools/bin/../lib/gcc/arm-none-eabi/12.3.1/../../../../arm-none-eabi/lib/thumb/v7-m/nofp\libc_nano.a(libc_a-memchr-stub.o)
 .ARM.attributes
                0x000008db       0x2d D:/Program Files/STM32CubeIDE_1.17.0/STM32CubeIDE/plugins/com.st.stm32cube.ide.mcu.externaltools.gnu-tools-for-stm32.12.3.rel1.win32_1.1.0.202410251130/tools/bin/../lib/gcc/arm-none-eabi/12.3.1/../../../../arm-none-eabi/lib/thumb/v7-m/nofp\libc_nano.a(libc_a-memcpy-stub.o)
 .ARM.attributes
                0x00000908       0x2d D:/Program Files/STM32CubeIDE_1.17.0/STM32CubeIDE/plugins/com.st.stm32cube.ide.mcu.externaltools.gnu-tools-for-stm32.12.3.rel1.win32_1.1.0.202410251130/tools/bin/../lib/gcc/arm-none-eabi/12.3.1/../../../../arm-none-eabi/lib/thumb/v7-m/nofp\libc_nano.a(libc_a-reallocr.o)
 .ARM.attributes
                0x00000935       0x2d D:/Program Files/STM32CubeIDE_1.17.0/STM32CubeIDE/plugins/com.st.stm32cube.ide.mcu.externaltools.gnu-tools-for-stm32.12.3.rel1.win32_1.1.0.202410251130/tools/bin/../lib/gcc/arm-none-eabi/12.3.1/../../../../arm-none-eabi/lib/thumb/v7-m/nofp\libc_nano.a(libc_a-msizer.o)
 .ARM.attributes
                0x00000962       0x1d D:/Program Files/STM32CubeIDE_1.17.0/STM32CubeIDE/plugins/com.st.stm32cube.ide.mcu.externaltools.gnu-tools-for-stm32.12.3.rel1.win32_1.1.0.202410251130/tools/bin/../lib/gcc/arm-none-eabi/12.3.1/thumb/v7-m/nofp/crtn.o
OUTPUT(baram.elf elf32-littlearm)
LOAD linker stubs
LOAD D:/Program Files/STM32CubeIDE_1.17.0/STM32CubeIDE/plugins/com.st.stm32cube.ide.mcu.externaltools.gnu-tools-for-stm32.12.3.rel1.win32_1.1.0.202410251130/tools/bin/../lib/gcc/arm-none-eabi/12.3.1/../../../../arm-none-eabi/lib/thumb/v7-m/nofp\libc.a
LOAD D:/Program Files/STM32CubeIDE_1.17.0/STM32CubeIDE/plugins/com.st.stm32cube.ide.mcu.externaltools.gnu-tools-for-stm32.12.3.rel1.win32_1.1.0.202410251130/tools/bin/../lib/gcc/arm-none-eabi/12.3.1/../../../../arm-none-eabi/lib/thumb/v7-m/nofp\libm.a
LOAD D:/Program Files/STM32CubeIDE_1.17.0/STM32CubeIDE/plugins/com.st.stm32cube.ide.mcu.externaltools.gnu-tools-for-stm32.12.3.rel1.win32_1.1.0.202410251130/tools/bin/../lib/gcc/arm-none-eabi/12.3.1/thumb/v7-m/nofp\libgcc.a

.debug_info     0x00000000     0xea6f
 .debug_info    0x00000000      0x1c3 ./src/ap/ap.o
 .debug_info    0x000001c3      0x448 ./src/bsp/bsp.o
 .debug_info    0x0000060b      0x1f8 ./src/bsp/stm32f1xx_hal_msp.o
 .debug_info    0x00000803      0x609 ./src/bsp/stm32f1xx_it.o
 .debug_info    0x00000e0c      0x168 ./src/bsp/sysmem.o
 .debug_info    0x00000f74      0x21b ./src/bsp/system_stm32f1xx.o
 .debug_info    0x0000118f       0x30 ./src/bsp/startup/startup_stm32f103c8tx.o
 .debug_info    0x000011bf      0x31f ./src/hw/driver/led.o
 .debug_info    0x000014de      0x1c1 ./src/hw/driver/reset.o
 .debug_info    0x0000169f      0x493 ./src/hw/driver/rtc.o
 .debug_info    0x00001b32      0x36a ./src/hw/driver/uart.o
 .debug_info    0x00001e9c      0x222 ./src/hw/driver/usb.o
 .debug_info    0x000020be       0xd7 ./src/hw/hw.o
 .debug_info    0x00002195      0x704 ./src/lib/baram/Drivers/STM32F1xx_HAL_Driver/Src/stm32f1xx_hal.o
 .debug_info    0x00002899      0xa87 ./src/lib/baram/Drivers/STM32F1xx_HAL_Driver/Src/stm32f1xx_hal_cortex.o
 .debug_info    0x00003320      0x5ab ./src/lib/baram/Drivers/STM32F1xx_HAL_Driver/Src/stm32f1xx_hal_gpio.o
 .debug_info    0x000038cb     0x16dc ./src/lib/baram/Drivers/STM32F1xx_HAL_Driver/Src/stm32f1xx_hal_pcd.o
 .debug_info    0x00004fa7      0x6c3 ./src/lib/baram/Drivers/STM32F1xx_HAL_Driver/Src/stm32f1xx_hal_pcd_ex.o
 .debug_info    0x0000566a      0x628 ./src/lib/baram/Drivers/STM32F1xx_HAL_Driver/Src/stm32f1xx_hal_pwr.o
 .debug_info    0x00005c92      0x7d5 ./src/lib/baram/Drivers/STM32F1xx_HAL_Driver/Src/stm32f1xx_hal_rcc.o
 .debug_info    0x00006467      0x3c0 ./src/lib/baram/Drivers/STM32F1xx_HAL_Driver/Src/stm32f1xx_hal_rcc_ex.o
 .debug_info    0x00006827      0xc73 ./src/lib/baram/Drivers/STM32F1xx_HAL_Driver/Src/stm32f1xx_hal_rtc.o
 .debug_info    0x0000749a      0x6a7 ./src/lib/baram/Drivers/STM32F1xx_HAL_Driver/Src/stm32f1xx_hal_rtc_ex.o
 .debug_info    0x00007b41     0x17ae ./src/lib/baram/Drivers/STM32F1xx_HAL_Driver/Src/stm32f1xx_ll_usb.o
 .debug_info    0x000092ef     0x1043 ./src/lib/baram/Middlewares/ST/STM32_USB_Device_Library/Class/CDC/Src/usbd_cdc.o
 .debug_info    0x0000a332      0xa52 ./src/lib/baram/Middlewares/ST/STM32_USB_Device_Library/Core/Src/usbd_core.o
 .debug_info    0x0000ad84      0x91c ./src/lib/baram/Middlewares/ST/STM32_USB_Device_Library/Core/Src/usbd_ctlreq.o
 .debug_info    0x0000b6a0      0x6a0 ./src/lib/baram/Middlewares/ST/STM32_USB_Device_Library/Core/Src/usbd_ioreq.o
 .debug_info    0x0000bd40      0x63d ./src/lib/baram/USB_DEVICE/App/usb_device.o
 .debug_info    0x0000c37d      0x99a ./src/lib/baram/USB_DEVICE/App/usbd_cdc_if.o
 .debug_info    0x0000cd17      0x44a ./src/lib/baram/USB_DEVICE/App/usbd_desc.o
 .debug_info    0x0000d161     0x1864 ./src/lib/baram/USB_DEVICE/Target/usbd_conf.o
 .debug_info    0x0000e9c5       0xaa ./src/main.o

.debug_abbrev   0x00000000     0x39cf
 .debug_abbrev  0x00000000       0xe2 ./src/ap/ap.o
 .debug_abbrev  0x000000e2      0x1d5 ./src/bsp/bsp.o
 .debug_abbrev  0x000002b7       0xdb ./src/bsp/stm32f1xx_hal_msp.o
 .debug_abbrev  0x00000392      0x192 ./src/bsp/stm32f1xx_it.o
 .debug_abbrev  0x00000524       0xbc ./src/bsp/sysmem.o
 .debug_abbrev  0x000005e0      0x13f ./src/bsp/system_stm32f1xx.o
 .debug_abbrev  0x0000071f       0x24 ./src/bsp/startup/startup_stm32f103c8tx.o
 .debug_abbrev  0x00000743      0x198 ./src/hw/driver/led.o
 .debug_abbrev  0x000008db      0x114 ./src/hw/driver/reset.o
 .debug_abbrev  0x000009ef      0x1c5 ./src/hw/driver/rtc.o
 .debug_abbrev  0x00000bb4      0x179 ./src/hw/driver/uart.o
 .debug_abbrev  0x00000d2d      0x14d ./src/hw/driver/usb.o
 .debug_abbrev  0x00000e7a       0x6e ./src/hw/hw.o
 .debug_abbrev  0x00000ee8      0x201 ./src/lib/baram/Drivers/STM32F1xx_HAL_Driver/Src/stm32f1xx_hal.o
 .debug_abbrev  0x000010e9      0x2f8 ./src/lib/baram/Drivers/STM32F1xx_HAL_Driver/Src/stm32f1xx_hal_cortex.o
 .debug_abbrev  0x000013e1      0x1ca ./src/lib/baram/Drivers/STM32F1xx_HAL_Driver/Src/stm32f1xx_hal_gpio.o
 .debug_abbrev  0x000015ab      0x2d6 ./src/lib/baram/Drivers/STM32F1xx_HAL_Driver/Src/stm32f1xx_hal_pcd.o
 .debug_abbrev  0x00001881      0x189 ./src/lib/baram/Drivers/STM32F1xx_HAL_Driver/Src/stm32f1xx_hal_pcd_ex.o
 .debug_abbrev  0x00001a0a      0x1f6 ./src/lib/baram/Drivers/STM32F1xx_HAL_Driver/Src/stm32f1xx_hal_pwr.o
 .debug_abbrev  0x00001c00      0x2b3 ./src/lib/baram/Drivers/STM32F1xx_HAL_Driver/Src/stm32f1xx_hal_rcc.o
 .debug_abbrev  0x00001eb3      0x188 ./src/lib/baram/Drivers/STM32F1xx_HAL_Driver/Src/stm32f1xx_hal_rcc_ex.o
 .debug_abbrev  0x0000203b      0x23a ./src/lib/baram/Drivers/STM32F1xx_HAL_Driver/Src/stm32f1xx_hal_rtc.o
 .debug_abbrev  0x00002275      0x22b ./src/lib/baram/Drivers/STM32F1xx_HAL_Driver/Src/stm32f1xx_hal_rtc_ex.o
 .debug_abbrev  0x000024a0      0x1de ./src/lib/baram/Drivers/STM32F1xx_HAL_Driver/Src/stm32f1xx_ll_usb.o
 .debug_abbrev  0x0000267e      0x2d3 ./src/lib/baram/Middlewares/ST/STM32_USB_Device_Library/Class/CDC/Src/usbd_cdc.o
 .debug_abbrev  0x00002951      0x24a ./src/lib/baram/Middlewares/ST/STM32_USB_Device_Library/Core/Src/usbd_core.o
 .debug_abbrev  0x00002b9b      0x26b ./src/lib/baram/Middlewares/ST/STM32_USB_Device_Library/Core/Src/usbd_ctlreq.o
 .debug_abbrev  0x00002e06      0x192 ./src/lib/baram/Middlewares/ST/STM32_USB_Device_Library/Core/Src/usbd_ioreq.o
 .debug_abbrev  0x00002f98      0x18d ./src/lib/baram/USB_DEVICE/App/usb_device.o
 .debug_abbrev  0x00003125      0x33a ./src/lib/baram/USB_DEVICE/App/usbd_cdc_if.o
 .debug_abbrev  0x0000345f      0x1ff ./src/lib/baram/USB_DEVICE/App/usbd_desc.o
 .debug_abbrev  0x0000365e      0x316 ./src/lib/baram/USB_DEVICE/Target/usbd_conf.o
 .debug_abbrev  0x00003974       0x5b ./src/main.o

.debug_aranges  0x00000000      0xe60
 .debug_aranges
                0x00000000       0x28 ./src/ap/ap.o
 .debug_aranges
                0x00000028       0x40 ./src/bsp/bsp.o
 .debug_aranges
                0x00000068       0x20 ./src/bsp/stm32f1xx_hal_msp.o
 .debug_aranges
                0x00000088       0x68 ./src/bsp/stm32f1xx_it.o
 .debug_aranges
                0x000000f0       0x20 ./src/bsp/sysmem.o
 .debug_aranges
                0x00000110       0x28 ./src/bsp/system_stm32f1xx.o
 .debug_aranges
                0x00000138       0x28 ./src/bsp/startup/startup_stm32f103c8tx.o
 .debug_aranges
                0x00000160       0x38 ./src/hw/driver/led.o
 .debug_aranges
                0x00000198       0x28 ./src/hw/driver/reset.o
 .debug_aranges
                0x000001c0       0x40 ./src/hw/driver/rtc.o
 .debug_aranges
                0x00000200       0x50 ./src/hw/driver/uart.o
 .debug_aranges
                0x00000250       0x20 ./src/hw/driver/usb.o
 .debug_aranges
                0x00000270       0x20 ./src/hw/hw.o
 .debug_aranges
                0x00000290       0xe0 ./src/lib/baram/Drivers/STM32F1xx_HAL_Driver/Src/stm32f1xx_hal.o
 .debug_aranges
                0x00000370      0x100 ./src/lib/baram/Drivers/STM32F1xx_HAL_Driver/Src/stm32f1xx_hal_cortex.o
 .debug_aranges
                0x00000470       0x58 ./src/lib/baram/Drivers/STM32F1xx_HAL_Driver/Src/stm32f1xx_hal_gpio.o
 .debug_aranges
                0x000004c8      0x140 ./src/lib/baram/Drivers/STM32F1xx_HAL_Driver/Src/stm32f1xx_hal_pcd.o
 .debug_aranges
                0x00000608       0x38 ./src/lib/baram/Drivers/STM32F1xx_HAL_Driver/Src/stm32f1xx_hal_pcd_ex.o
 .debug_aranges
                0x00000640       0xa8 ./src/lib/baram/Drivers/STM32F1xx_HAL_Driver/Src/stm32f1xx_hal_pwr.o
 .debug_aranges
                0x000006e8       0x90 ./src/lib/baram/Drivers/STM32F1xx_HAL_Driver/Src/stm32f1xx_hal_rcc.o
 .debug_aranges
                0x00000778       0x30 ./src/lib/baram/Drivers/STM32F1xx_HAL_Driver/Src/stm32f1xx_hal_rcc_ex.o
 .debug_aranges
                0x000007a8       0xf8 ./src/lib/baram/Drivers/STM32F1xx_HAL_Driver/Src/stm32f1xx_hal_rtc.o
 .debug_aranges
                0x000008a0       0x88 ./src/lib/baram/Drivers/STM32F1xx_HAL_Driver/Src/stm32f1xx_hal_rtc_ex.o
 .debug_aranges
                0x00000928       0xf8 ./src/lib/baram/Drivers/STM32F1xx_HAL_Driver/Src/stm32f1xx_ll_usb.o
 .debug_aranges
                0x00000a20       0x90 ./src/lib/baram/Middlewares/ST/STM32_USB_Device_Library/Class/CDC/Src/usbd_cdc.o
 .debug_aranges
                0x00000ab0       0xb8 ./src/lib/baram/Middlewares/ST/STM32_USB_Device_Library/Core/Src/usbd_core.o
 .debug_aranges
                0x00000b68       0x88 ./src/lib/baram/Middlewares/ST/STM32_USB_Device_Library/Core/Src/usbd_ctlreq.o
 .debug_aranges
                0x00000bf0       0x50 ./src/lib/baram/Middlewares/ST/STM32_USB_Device_Library/Core/Src/usbd_ioreq.o
 .debug_aranges
                0x00000c40       0x20 ./src/lib/baram/USB_DEVICE/App/usb_device.o
 .debug_aranges
                0x00000c60       0x68 ./src/lib/baram/USB_DEVICE/App/usbd_cdc_if.o
 .debug_aranges
                0x00000cc8       0x60 ./src/lib/baram/USB_DEVICE/App/usbd_desc.o
 .debug_aranges
                0x00000d28      0x118 ./src/lib/baram/USB_DEVICE/Target/usbd_conf.o
 .debug_aranges
                0x00000e40       0x20 ./src/main.o

.debug_rnglists
                0x00000000      0xa60
 .debug_rnglists
                0x00000000       0x1a ./src/ap/ap.o
 .debug_rnglists
                0x0000001a       0x2c ./src/bsp/bsp.o
 .debug_rnglists
                0x00000046       0x13 ./src/bsp/stm32f1xx_hal_msp.o
 .debug_rnglists
                0x00000059       0x49 ./src/bsp/stm32f1xx_it.o
 .debug_rnglists
                0x000000a2       0x13 ./src/bsp/sysmem.o
 .debug_rnglists
                0x000000b5       0x1a ./src/bsp/system_stm32f1xx.o
 .debug_rnglists
                0x000000cf       0x19 ./src/bsp/startup/startup_stm32f103c8tx.o
 .debug_rnglists
                0x000000e8       0x25 ./src/hw/driver/led.o
 .debug_rnglists
                0x0000010d       0x19 ./src/hw/driver/reset.o
 .debug_rnglists
                0x00000126       0x2b ./src/hw/driver/rtc.o
 .debug_rnglists
                0x00000151       0x37 ./src/hw/driver/uart.o
 .debug_rnglists
                0x00000188       0x13 ./src/hw/driver/usb.o
 .debug_rnglists
                0x0000019b       0x13 ./src/hw/hw.o
 .debug_rnglists
                0x000001ae       0xa3 ./src/lib/baram/Drivers/STM32F1xx_HAL_Driver/Src/stm32f1xx_hal.o
 .debug_rnglists
                0x00000251       0xbb ./src/lib/baram/Drivers/STM32F1xx_HAL_Driver/Src/stm32f1xx_hal_cortex.o
 .debug_rnglists
                0x0000030c       0x3f ./src/lib/baram/Drivers/STM32F1xx_HAL_Driver/Src/stm32f1xx_hal_gpio.o
 .debug_rnglists
                0x0000034b       0xf4 ./src/lib/baram/Drivers/STM32F1xx_HAL_Driver/Src/stm32f1xx_hal_pcd.o
 .debug_rnglists
                0x0000043f       0x26 ./src/lib/baram/Drivers/STM32F1xx_HAL_Driver/Src/stm32f1xx_hal_pcd_ex.o
 .debug_rnglists
                0x00000465       0x7a ./src/lib/baram/Drivers/STM32F1xx_HAL_Driver/Src/stm32f1xx_hal_pwr.o
 .debug_rnglists
                0x000004df       0x6c ./src/lib/baram/Drivers/STM32F1xx_HAL_Driver/Src/stm32f1xx_hal_rcc.o
 .debug_rnglists
                0x0000054b       0x21 ./src/lib/baram/Drivers/STM32F1xx_HAL_Driver/Src/stm32f1xx_hal_rcc_ex.o
 .debug_rnglists
                0x0000056c       0xc1 ./src/lib/baram/Drivers/STM32F1xx_HAL_Driver/Src/stm32f1xx_hal_rtc.o
 .debug_rnglists
                0x0000062d       0x63 ./src/lib/baram/Drivers/STM32F1xx_HAL_Driver/Src/stm32f1xx_hal_rtc_ex.o
 .debug_rnglists
                0x00000690       0xbd ./src/lib/baram/Drivers/STM32F1xx_HAL_Driver/Src/stm32f1xx_ll_usb.o
 .debug_rnglists
                0x0000074d       0x6a ./src/lib/baram/Middlewares/ST/STM32_USB_Device_Library/Class/CDC/Src/usbd_cdc.o
 .debug_rnglists
                0x000007b7       0x89 ./src/lib/baram/Middlewares/ST/STM32_USB_Device_Library/Core/Src/usbd_core.o
 .debug_rnglists
                0x00000840       0x68 ./src/lib/baram/Middlewares/ST/STM32_USB_Device_Library/Core/Src/usbd_ctlreq.o
 .debug_rnglists
                0x000008a8       0x37 ./src/lib/baram/Middlewares/ST/STM32_USB_Device_Library/Core/Src/usbd_ioreq.o
 .debug_rnglists
                0x000008df       0x13 ./src/lib/baram/USB_DEVICE/App/usb_device.o
 .debug_rnglists
                0x000008f2       0x4a ./src/lib/baram/USB_DEVICE/App/usbd_cdc_if.o
 .debug_rnglists
                0x0000093c       0x43 ./src/lib/baram/USB_DEVICE/App/usbd_desc.o
 .debug_rnglists
                0x0000097f       0xce ./src/lib/baram/USB_DEVICE/Target/usbd_conf.o
 .debug_rnglists
                0x00000a4d       0x13 ./src/main.o

.debug_macro    0x00000000    0x1b7b3
 .debug_macro   0x00000000      0x318 ./src/ap/ap.o
 .debug_macro   0x00000318      0xa9c ./src/ap/ap.o
 .debug_macro   0x00000db4       0x22 ./src/ap/ap.o
 .debug_macro   0x00000dd6       0x22 ./src/ap/ap.o
 .debug_macro   0x00000df8       0x8e ./src/ap/ap.o
 .debug_macro   0x00000e86       0x51 ./src/ap/ap.o
 .debug_macro   0x00000ed7      0x103 ./src/ap/ap.o
 .debug_macro   0x00000fda       0x6a ./src/ap/ap.o
 .debug_macro   0x00001044      0x1df ./src/ap/ap.o
 .debug_macro   0x00001223       0x61 ./src/ap/ap.o
 .debug_macro   0x00001284       0x24 ./src/ap/ap.o
 .debug_macro   0x000012a8       0x43 ./src/ap/ap.o
 .debug_macro   0x000012eb       0x34 ./src/ap/ap.o
 .debug_macro   0x0000131f       0x16 ./src/ap/ap.o
 .debug_macro   0x00001335       0x9e ./src/ap/ap.o
 .debug_macro   0x000013d3      0x369 ./src/ap/ap.o
 .debug_macro   0x0000173c      0x10b ./src/ap/ap.o
 .debug_macro   0x00001847       0x10 ./src/ap/ap.o
 .debug_macro   0x00001857       0x16 ./src/ap/ap.o
 .debug_macro   0x0000186d       0x43 ./src/ap/ap.o
 .debug_macro   0x000018b0       0x34 ./src/ap/ap.o
 .debug_macro   0x000018e4       0x10 ./src/ap/ap.o
 .debug_macro   0x000018f4       0x58 ./src/ap/ap.o
 .debug_macro   0x0000194c       0x8e ./src/ap/ap.o
 .debug_macro   0x000019da       0x1c ./src/ap/ap.o
 .debug_macro   0x000019f6      0x177 ./src/ap/ap.o
 .debug_macro   0x00001b6d       0x16 ./src/ap/ap.o
 .debug_macro   0x00001b83       0x16 ./src/ap/ap.o
 .debug_macro   0x00001b99      0x146 ./src/ap/ap.o
 .debug_macro   0x00001cdf       0x4c ./src/ap/ap.o
 .debug_macro   0x00001d2b       0x34 ./src/ap/ap.o
 .debug_macro   0x00001d5f      0x21b ./src/ap/ap.o
 .debug_macro   0x00001f7a       0x2e ./src/ap/ap.o
 .debug_macro   0x00001fa8       0x22 ./src/ap/ap.o
 .debug_macro   0x00001fca       0x1c ./src/ap/ap.o
 .debug_macro   0x00001fe6       0x22 ./src/ap/ap.o
 .debug_macro   0x00002008       0xbd ./src/ap/ap.o
 .debug_macro   0x000020c5      0xd23 ./src/ap/ap.o
 .debug_macro   0x00002de8     0xe09e ./src/ap/ap.o
 .debug_macro   0x00010e86       0x6d ./src/ap/ap.o
 .debug_macro   0x00010ef3     0x34a2 ./src/ap/ap.o
 .debug_macro   0x00014395       0x56 ./src/ap/ap.o
 .debug_macro   0x000143eb      0x5bc ./src/ap/ap.o
 .debug_macro   0x000149a7      0x289 ./src/ap/ap.o
 .debug_macro   0x00014c30      0x1cb ./src/ap/ap.o
 .debug_macro   0x00014dfb      0x114 ./src/ap/ap.o
 .debug_macro   0x00014f0f      0x1b2 ./src/ap/ap.o
 .debug_macro   0x000150c1       0x27 ./src/ap/ap.o
 .debug_macro   0x000150e8      0x136 ./src/ap/ap.o
 .debug_macro   0x0001521e      0x1bc ./src/ap/ap.o
 .debug_macro   0x000153da       0x34 ./src/ap/ap.o
 .debug_macro   0x0001540e       0x3c ./src/ap/ap.o
 .debug_macro   0x0001544a       0x57 ./src/ap/ap.o
 .debug_macro   0x000154a1       0x87 ./src/ap/ap.o
 .debug_macro   0x00015528      0x240 ./src/ap/ap.o
 .debug_macro   0x00015768      0x140 ./src/ap/ap.o
 .debug_macro   0x000158a8      0x1ef ./src/ap/ap.o
 .debug_macro   0x00015a97       0xeb ./src/ap/ap.o
 .debug_macro   0x00015b82       0xb7 ./src/ap/ap.o
 .debug_macro   0x00015c39      0x242 ./src/ap/ap.o
 .debug_macro   0x00015e7b       0x83 ./src/ap/ap.o