../src/lib/baram/USB_DEVICE/App/usbd_cdc_if.c:261:15:CDC_DeInit_FS	0	static
../src/lib/baram/USB_DEVICE/App/usbd_cdc_if.c:276:15:CDC_Control_FS	0	static
../src/lib/baram/USB_DEVICE/App/usbd_cdc_if.c:247:15:CDC_Init_FS	8	static
../src/lib/baram/USB_DEVICE/App/usbd_cdc_if.c:34:10:cdcAvailable	0	static
../src/lib/baram/USB_DEVICE/App/usbd_cdc_if.c:43:9:cdcRead	8	static
../src/lib/baram/USB_DEVICE/App/usbd_cdc_if.c:57:6:cdcDataIn	0	static
../src/lib/baram/USB_DEVICE/App/usbd_cdc_if.c:371:15:CDC_Receive_FS	16	static
../src/lib/baram/USB_DEVICE/App/usbd_cdc_if.c:97:10:cdcGetBaud	0	static
../src/lib/baram/USB_DEVICE/App/usbd_cdc_if.c:102:9:USBD_CDC_SOF	16	static
../src/lib/baram/USB_DEVICE/App/usbd_cdc_if.c:412:9:CDC_Transmit_FS	8	static
../src/lib/baram/USB_DEVICE/App/usbd_cdc_if.c:70:10:cdcWrite	24	static
