../src/hw/driver/cli.c:534:6:cliToUpper	8	static
../src/hw/driver/cli.c:593:7:cliArgsGetStr	0	static
../src/hw/driver/cli.c:608:6:cliArgsIsStr	8	static
../src/hw/driver/cli.c:577:7:cliArgsGetFloat	0	static
../src/hw/driver/cli.c:561:9:cliArgsGetData	0	static
../src/hw/driver/cli.c:423:6:cliLineChange.constprop	16	static
../src/hw/driver/cli.c:119:6:cliOpen	8	static
../src/hw/driver/cli.c:129:6:cliOpenLog	8	static
../src/hw/driver/cli.c:145:6:cliLogClose	0	static
../src/hw/driver/cli.c:151:6:cliShowLog	24	static
../src/hw/driver/cli.c:521:6:cliPrintf	16	static
../src/hw/driver/cli.c:663:6:cliShowList	24	static
../src/hw/driver/cli.c:679:6:cliMemoryDump	48	static
../src/hw/driver/cli.c:178:6:cliMain	48	static
../src/hw/driver/cli.c:626:6:cliKeepLoop	8	static
../src/hw/driver/cli.c:640:6:cliAdd	16	static
../src/hw/driver/cli.c:95:6:cliInit	8	static
