../src/hw/driver/cli.c:550:6:cliToUpper	8	static
../src/hw/driver/cli.c:609:7:cliArgsGetStr	0	static
../src/hw/driver/cli.c:624:6:cliArgsIsStr	8	static
../src/hw/driver/cli.c:593:7:cliArgsGetFloat	0	static
../src/hw/driver/cli.c:577:9:cliArgsGetData	0	static
../src/hw/driver/cli.c:439:6:cliLineChange.constprop	16	static
../src/hw/driver/cli.c:119:6:cliOpen	8	static
../src/hw/driver/cli.c:129:6:cliOpenLog	8	static
../src/hw/driver/cli.c:145:6:cliLogClose	0	static
../src/hw/driver/cli.c:151:6:cliShowLog	24	static
../src/hw/driver/cli.c:193:10:cliAvailable	0	static
../src/hw/driver/cli.c:198:9:cliRead	0	static
../src/hw/driver/cli.c:203:10:cliWrite	0	static
../src/hw/driver/cli.c:537:6:cliPrintf	16	static
../src/hw/driver/cli.c:679:6:cliShowList	24	static
../src/hw/driver/cli.c:695:6:cliMemoryDump	48	static
../src/hw/driver/cli.c:178:6:cliMain	48	static
../src/hw/driver/cli.c:642:6:cliKeepLoop	8	static
../src/hw/driver/cli.c:656:6:cliAdd	16	static
../src/hw/driver/cli.c:95:6:cliInit	8	static
