../src/hw/driver/uart.c:22:6:uartInit	0	static
../src/hw/driver/uart.c:32:6:uartOpen	24	static
../src/hw/driver/uart.c:83:6:uartClose	0	static
../src/hw/driver/uart.c:88:10:uartAvailable	0	static
../src/hw/driver/uart.c:107:9:uartRead	16	static
../src/hw/driver/uart.c:125:10:uartWrite	8	static
../src/hw/driver/uart.c:148:10:uartPrintf	276	static
../src/hw/driver/uart.c:164:10:uartGetBaud	0	static
../src/hw/driver/uart.c:180:6:HAL_UART_ErrorCallback	0	static
../src/hw/driver/uart.c:187:6:HAL_UART_RxCpltCallback	0	static
../src/hw/driver/uart.c:199:6:HAL_UART_MspInit	40	static
../src/hw/driver/uart.c:252:6:HAL_UART_MspDeInit	8	static
