../Core/Lib/Src/ds18b20.c:33:9:isTemperSensorInit	4	static
../Core/Lib/Src/ds18b20.c:37:9:isBusy	8	static
../Core/Lib/Src/ds18b20.c:42:9:isConverting	4	static
../Core/Lib/Src/ds18b20.c:46:6:Ds18b20_Init_Simple	8	static
../Core/Lib/Src/ds18b20.c:71:6:Ds18b20_Init	16	static
../Core/Lib/Src/ds18b20.c:106:6:StartConverting	8	static
../Core/Lib/Src/ds18b20.c:113:6:checkConverting	8	static
../Core/Lib/Src/ds18b20.c:119:7:getTemper	8	static
../Core/Lib/Src/ds18b20.c:127:6:Ds18b20_ManualConvert	24	static
../Core/Lib/Src/ds18b20.c:236:9:DS18B20_Start	16	static
../Core/Lib/Src/ds18b20.c:253:6:DS18B20_StartAll	16	static
../Core/Lib/Src/ds18b20.c:263:6:DS18B20_Read	56	static
../Core/Lib/Src/ds18b20.c:368:9:DS18B20_GetResolution	24	static
../Core/Lib/Src/ds18b20.c:395:9:DS18B20_SetResolution	32	static
../Core/Lib/Src/ds18b20.c:460:9:DS18B20_Is	16	static
../Core/Lib/Src/ds18b20.c:469:9:DS18B20_SetAlarmLowTemperature	32	static
../Core/Lib/Src/ds18b20.c:520:9:DS18B20_SetAlarmHighTemperature	32	static
../Core/Lib/Src/ds18b20.c:571:9:DS18B20_DisableAlarmTemperature	24	static
../Core/Lib/Src/ds18b20.c:617:9:DS18B20_AlarmSearch	16	static
../Core/Lib/Src/ds18b20.c:623:9:DS18B20_AllDone	16	static
../Core/Lib/Src/ds18b20.c:629:7:getCurrentTemper	4	static
