04:18:46 **** Incremental Build of configuration Debug for project baram ****
make -j20 all 
arm-none-eabi-gcc "../src/lib/baram/USB_DEVICE/Target/usbd_conf.c" -mcpu=cortex-m3 -std=gnu11 -g3 -DSTM32F103xB -c -I"D:/A/baram/baram/src" -I"D:/A/baram/baram/src/ap" -I"D:/A/baram/baram/src/bsp" -I"D:/A/baram/baram/src/common" -I"D:/A/baram/baram/src/hw" -I"D:/A/baram/baram/src/lib" -I"D:/A/baram/baram/src/lib/baram/Drivers/CMSIS/Device/ST/STM32F1xx/Include" -I"D:/A/baram/baram/src/lib/baram/Drivers/CMSIS/Include" -I"D:/A/baram/baram/src/lib/baram/Drivers/STM32F1xx_HAL_Driver/Inc" -I"D:/A/baram/baram/src/common/hw/include" -I"D:/A/baram/baram/src/lib/baram/Middlewares/ST/STM32_USB_Device_Library/Class/CDC/Inc" -I"D:/A/baram/baram/src/lib/baram/Middlewares/ST/STM32_USB_Device_Library/Core/Inc" -I"D:/A/baram/baram/src/lib/baram/USB_DEVICE/App" -I"D:/A/baram/baram/src/lib/baram/USB_DEVICE/Target" -O0 -ffunction-sections -fdata-sections -Wall -fstack-usage -fcyclomatic-complexity -MMD -MP -MF"src/lib/baram/USB_DEVICE/Target/usbd_conf.d" -MT"src/lib/baram/USB_DEVICE/Target/usbd_conf.o" --specs=nano.specs -mfloat-abi=soft -mthumb -o "src/lib/baram/USB_DEVICE/Target/usbd_conf.o"
arm-none-eabi-gcc "../src/lib/baram/USB_DEVICE/App/usb_device.c" -mcpu=cortex-m3 -std=gnu11 -g3 -DSTM32F103xB -c -I"D:/A/baram/baram/src" -I"D:/A/baram/baram/src/ap" -I"D:/A/baram/baram/src/bsp" -I"D:/A/baram/baram/src/common" -I"D:/A/baram/baram/src/hw" -I"D:/A/baram/baram/src/lib" -I"D:/A/baram/baram/src/lib/baram/Drivers/CMSIS/Device/ST/STM32F1xx/Include" -I"D:/A/baram/baram/src/lib/baram/Drivers/CMSIS/Include" -I"D:/A/baram/baram/src/lib/baram/Drivers/STM32F1xx_HAL_Driver/Inc" -I"D:/A/baram/baram/src/common/hw/include" -I"D:/A/baram/baram/src/lib/baram/Middlewares/ST/STM32_USB_Device_Library/Class/CDC/Inc" -I"D:/A/baram/baram/src/lib/baram/Middlewares/ST/STM32_USB_Device_Library/Core/Inc" -I"D:/A/baram/baram/src/lib/baram/USB_DEVICE/App" -I"D:/A/baram/baram/src/lib/baram/USB_DEVICE/Target" -O0 -ffunction-sections -fdata-sections -Wall -fstack-usage -fcyclomatic-complexity -MMD -MP -MF"src/lib/baram/USB_DEVICE/App/usb_device.d" -MT"src/lib/baram/USB_DEVICE/App/usb_device.o" --specs=nano.specs -mfloat-abi=soft -mthumb -o "src/lib/baram/USB_DEVICE/App/usb_device.o"
arm-none-eabi-gcc "../src/lib/baram/USB_DEVICE/App/usbd_cdc_if.c" -mcpu=cortex-m3 -std=gnu11 -g3 -DSTM32F103xB -c -I"D:/A/baram/baram/src" -I"D:/A/baram/baram/src/ap" -I"D:/A/baram/baram/src/bsp" -I"D:/A/baram/baram/src/common" -I"D:/A/baram/baram/src/hw" -I"D:/A/baram/baram/src/lib" -I"D:/A/baram/baram/src/lib/baram/Drivers/CMSIS/Device/ST/STM32F1xx/Include" -I"D:/A/baram/baram/src/lib/baram/Drivers/CMSIS/Include" -I"D:/A/baram/baram/src/lib/baram/Drivers/STM32F1xx_HAL_Driver/Inc" -I"D:/A/baram/baram/src/common/hw/include" -I"D:/A/baram/baram/src/lib/baram/Middlewares/ST/STM32_USB_Device_Library/Class/CDC/Inc" -I"D:/A/baram/baram/src/lib/baram/Middlewares/ST/STM32_USB_Device_Library/Core/Inc" -I"D:/A/baram/baram/src/lib/baram/USB_DEVICE/App" -I"D:/A/baram/baram/src/lib/baram/USB_DEVICE/Target" -O0 -ffunction-sections -fdata-sections -Wall -fstack-usage -fcyclomatic-complexity -MMD -MP -MF"src/lib/baram/USB_DEVICE/App/usbd_cdc_if.d" -MT"src/lib/baram/USB_DEVICE/App/usbd_cdc_if.o" --specs=nano.specs -mfloat-abi=soft -mthumb -o "src/lib/baram/USB_DEVICE/App/usbd_cdc_if.o"
arm-none-eabi-gcc "../src/lib/baram/USB_DEVICE/App/usbd_desc.c" -mcpu=cortex-m3 -std=gnu11 -g3 -DSTM32F103xB -c -I"D:/A/baram/baram/src" -I"D:/A/baram/baram/src/ap" -I"D:/A/baram/baram/src/bsp" -I"D:/A/baram/baram/src/common" -I"D:/A/baram/baram/src/hw" -I"D:/A/baram/baram/src/lib" -I"D:/A/baram/baram/src/lib/baram/Drivers/CMSIS/Device/ST/STM32F1xx/Include" -I"D:/A/baram/baram/src/lib/baram/Drivers/CMSIS/Include" -I"D:/A/baram/baram/src/lib/baram/Drivers/STM32F1xx_HAL_Driver/Inc" -I"D:/A/baram/baram/src/common/hw/include" -I"D:/A/baram/baram/src/lib/baram/Middlewares/ST/STM32_USB_Device_Library/Class/CDC/Inc" -I"D:/A/baram/baram/src/lib/baram/Middlewares/ST/STM32_USB_Device_Library/Core/Inc" -I"D:/A/baram/baram/src/lib/baram/USB_DEVICE/App" -I"D:/A/baram/baram/src/lib/baram/USB_DEVICE/Target" -O0 -ffunction-sections -fdata-sections -Wall -fstack-usage -fcyclomatic-complexity -MMD -MP -MF"src/lib/baram/USB_DEVICE/App/usbd_desc.d" -MT"src/lib/baram/USB_DEVICE/App/usbd_desc.o" --specs=nano.specs -mfloat-abi=soft -mthumb -o "src/lib/baram/USB_DEVICE/App/usbd_desc.o"
arm-none-eabi-gcc "../src/lib/baram/Middlewares/ST/STM32_USB_Device_Library/Core/Src/usbd_core.c" -mcpu=cortex-m3 -std=gnu11 -g3 -DSTM32F103xB -c -I"D:/A/baram/baram/src" -I"D:/A/baram/baram/src/ap" -I"D:/A/baram/baram/src/bsp" -I"D:/A/baram/baram/src/common" -I"D:/A/baram/baram/src/hw" -I"D:/A/baram/baram/src/lib" -I"D:/A/baram/baram/src/lib/baram/Drivers/CMSIS/Device/ST/STM32F1xx/Include" -I"D:/A/baram/baram/src/lib/baram/Drivers/CMSIS/Include" -I"D:/A/baram/baram/src/lib/baram/Drivers/STM32F1xx_HAL_Driver/Inc" -I"D:/A/baram/baram/src/common/hw/include" -I"D:/A/baram/baram/src/lib/baram/Middlewares/ST/STM32_USB_Device_Library/Class/CDC/Inc" -I"D:/A/baram/baram/src/lib/baram/Middlewares/ST/STM32_USB_Device_Library/Core/Inc" -I"D:/A/baram/baram/src/lib/baram/USB_DEVICE/App" -I"D:/A/baram/baram/src/lib/baram/USB_DEVICE/Target" -O0 -ffunction-sections -fdata-sections -Wall -fstack-usage -fcyclomatic-complexity -MMD -MP -MF"src/lib/baram/Middlewares/ST/STM32_USB_Device_Library/Core/Src/usbd_core.d" -MT"src/lib/baram/Middlewares/ST/STM32_USB_Device_Library/Core/Src/usbd_core.o" --specs=nano.specs -mfloat-abi=soft -mthumb -o "src/lib/baram/Middlewares/ST/STM32_USB_Device_Library/Core/Src/usbd_core.o"
arm-none-eabi-gcc "../src/lib/baram/Middlewares/ST/STM32_USB_Device_Library/Core/Src/usbd_ctlreq.c" -mcpu=cortex-m3 -std=gnu11 -g3 -DSTM32F103xB -c -I"D:/A/baram/baram/src" -I"D:/A/baram/baram/src/ap" -I"D:/A/baram/baram/src/bsp" -I"D:/A/baram/baram/src/common" -I"D:/A/baram/baram/src/hw" -I"D:/A/baram/baram/src/lib" -I"D:/A/baram/baram/src/lib/baram/Drivers/CMSIS/Device/ST/STM32F1xx/Include" -I"D:/A/baram/baram/src/lib/baram/Drivers/CMSIS/Include" -I"D:/A/baram/baram/src/lib/baram/Drivers/STM32F1xx_HAL_Driver/Inc" -I"D:/A/baram/baram/src/common/hw/include" -I"D:/A/baram/baram/src/lib/baram/Middlewares/ST/STM32_USB_Device_Library/Class/CDC/Inc" -I"D:/A/baram/baram/src/lib/baram/Middlewares/ST/STM32_USB_Device_Library/Core/Inc" -I"D:/A/baram/baram/src/lib/baram/USB_DEVICE/App" -I"D:/A/baram/baram/src/lib/baram/USB_DEVICE/Target" -O0 -ffunction-sections -fdata-sections -Wall -fstack-usage -fcyclomatic-complexity -MMD -MP -MF"src/lib/baram/Middlewares/ST/STM32_USB_Device_Library/Core/Src/usbd_ctlreq.d" -MT"src/lib/baram/Middlewares/ST/STM32_USB_Device_Library/Core/Src/usbd_ctlreq.o" --specs=nano.specs -mfloat-abi=soft -mthumb -o "src/lib/baram/Middlewares/ST/STM32_USB_Device_Library/Core/Src/usbd_ctlreq.o"
arm-none-eabi-gcc "../src/lib/baram/Middlewares/ST/STM32_USB_Device_Library/Core/Src/usbd_ioreq.c" -mcpu=cortex-m3 -std=gnu11 -g3 -DSTM32F103xB -c -I"D:/A/baram/baram/src" -I"D:/A/baram/baram/src/ap" -I"D:/A/baram/baram/src/bsp" -I"D:/A/baram/baram/src/common" -I"D:/A/baram/baram/src/hw" -I"D:/A/baram/baram/src/lib" -I"D:/A/baram/baram/src/lib/baram/Drivers/CMSIS/Device/ST/STM32F1xx/Include" -I"D:/A/baram/baram/src/lib/baram/Drivers/CMSIS/Include" -I"D:/A/baram/baram/src/lib/baram/Drivers/STM32F1xx_HAL_Driver/Inc" -I"D:/A/baram/baram/src/common/hw/include" -I"D:/A/baram/baram/src/lib/baram/Middlewares/ST/STM32_USB_Device_Library/Class/CDC/Inc" -I"D:/A/baram/baram/src/lib/baram/Middlewares/ST/STM32_USB_Device_Library/Core/Inc" -I"D:/A/baram/baram/src/lib/baram/USB_DEVICE/App" -I"D:/A/baram/baram/src/lib/baram/USB_DEVICE/Target" -O0 -ffunction-sections -fdata-sections -Wall -fstack-usage -fcyclomatic-complexity -MMD -MP -MF"src/lib/baram/Middlewares/ST/STM32_USB_Device_Library/Core/Src/usbd_ioreq.d" -MT"src/lib/baram/Middlewares/ST/STM32_USB_Device_Library/Core/Src/usbd_ioreq.o" --specs=nano.specs -mfloat-abi=soft -mthumb -o "src/lib/baram/Middlewares/ST/STM32_USB_Device_Library/Core/Src/usbd_ioreq.o"
arm-none-eabi-gcc "../src/lib/baram/Middlewares/ST/STM32_USB_Device_Library/Class/CDC/Src/usbd_cdc.c" -mcpu=cortex-m3 -std=gnu11 -g3 -DSTM32F103xB -c -I"D:/A/baram/baram/src" -I"D:/A/baram/baram/src/ap" -I"D:/A/baram/baram/src/bsp" -I"D:/A/baram/baram/src/common" -I"D:/A/baram/baram/src/hw" -I"D:/A/baram/baram/src/lib" -I"D:/A/baram/baram/src/lib/baram/Drivers/CMSIS/Device/ST/STM32F1xx/Include" -I"D:/A/baram/baram/src/lib/baram/Drivers/CMSIS/Include" -I"D:/A/baram/baram/src/lib/baram/Drivers/STM32F1xx_HAL_Driver/Inc" -I"D:/A/baram/baram/src/common/hw/include" -I"D:/A/baram/baram/src/lib/baram/Middlewares/ST/STM32_USB_Device_Library/Class/CDC/Inc" -I"D:/A/baram/baram/src/lib/baram/Middlewares/ST/STM32_USB_Device_Library/Core/Inc" -I"D:/A/baram/baram/src/lib/baram/USB_DEVICE/App" -I"D:/A/baram/baram/src/lib/baram/USB_DEVICE/Target" -O0 -ffunction-sections -fdata-sections -Wall -fstack-usage -fcyclomatic-complexity -MMD -MP -MF"src/lib/baram/Middlewares/ST/STM32_USB_Device_Library/Class/CDC/Src/usbd_cdc.d" -MT"src/lib/baram/Middlewares/ST/STM32_USB_Device_Library/Class/CDC/Src/usbd_cdc.o" --specs=nano.specs -mfloat-abi=soft -mthumb -o "src/lib/baram/Middlewares/ST/STM32_USB_Device_Library/Class/CDC/Src/usbd_cdc.o"
arm-none-eabi-gcc "../src/lib/baram/Drivers/STM32F1xx_HAL_Driver/Src/stm32f1xx_hal.c" -mcpu=cortex-m3 -std=gnu11 -g3 -DSTM32F103xB -c -I"D:/A/baram/baram/src" -I"D:/A/baram/baram/src/ap" -I"D:/A/baram/baram/src/bsp" -I"D:/A/baram/baram/src/common" -I"D:/A/baram/baram/src/hw" -I"D:/A/baram/baram/src/lib" -I"D:/A/baram/baram/src/lib/baram/Drivers/CMSIS/Device/ST/STM32F1xx/Include" -I"D:/A/baram/baram/src/lib/baram/Drivers/CMSIS/Include" -I"D:/A/baram/baram/src/lib/baram/Drivers/STM32F1xx_HAL_Driver/Inc" -I"D:/A/baram/baram/src/common/hw/include" -I"D:/A/baram/baram/src/lib/baram/Middlewares/ST/STM32_USB_Device_Library/Class/CDC/Inc" -I"D:/A/baram/baram/src/lib/baram/Middlewares/ST/STM32_USB_Device_Library/Core/Inc" -I"D:/A/baram/baram/src/lib/baram/USB_DEVICE/App" -I"D:/A/baram/baram/src/lib/baram/USB_DEVICE/Target" -O0 -ffunction-sections -fdata-sections -Wall -fstack-usage -fcyclomatic-complexity -MMD -MP -MF"src/lib/baram/Drivers/STM32F1xx_HAL_Driver/Src/stm32f1xx_hal.d" -MT"src/lib/baram/Drivers/STM32F1xx_HAL_Driver/Src/stm32f1xx_hal.o" --specs=nano.specs -mfloat-abi=soft -mthumb -o "src/lib/baram/Drivers/STM32F1xx_HAL_Driver/Src/stm32f1xx_hal.o"
arm-none-eabi-gcc "../src/lib/baram/Drivers/STM32F1xx_HAL_Driver/Src/stm32f1xx_hal_cortex.c" -mcpu=cortex-m3 -std=gnu11 -g3 -DSTM32F103xB -c -I"D:/A/baram/baram/src" -I"D:/A/baram/baram/src/ap" -I"D:/A/baram/baram/src/bsp" -I"D:/A/baram/baram/src/common" -I"D:/A/baram/baram/src/hw" -I"D:/A/baram/baram/src/lib" -I"D:/A/baram/baram/src/lib/baram/Drivers/CMSIS/Device/ST/STM32F1xx/Include" -I"D:/A/baram/baram/src/lib/baram/Drivers/CMSIS/Include" -I"D:/A/baram/baram/src/lib/baram/Drivers/STM32F1xx_HAL_Driver/Inc" -I"D:/A/baram/baram/src/common/hw/include" -I"D:/A/baram/baram/src/lib/baram/Middlewares/ST/STM32_USB_Device_Library/Class/CDC/Inc" -I"D:/A/baram/baram/src/lib/baram/Middlewares/ST/STM32_USB_Device_Library/Core/Inc" -I"D:/A/baram/baram/src/lib/baram/USB_DEVICE/App" -I"D:/A/baram/baram/src/lib/baram/USB_DEVICE/Target" -O0 -ffunction-sections -fdata-sections -Wall -fstack-usage -fcyclomatic-complexity -MMD -MP -MF"src/lib/baram/Drivers/STM32F1xx_HAL_Driver/Src/stm32f1xx_hal_cortex.d" -MT"src/lib/baram/Drivers/STM32F1xx_HAL_Driver/Src/stm32f1xx_hal_cortex.o" --specs=nano.specs -mfloat-abi=soft -mthumb -o "src/lib/baram/Drivers/STM32F1xx_HAL_Driver/Src/stm32f1xx_hal_cortex.o"
arm-none-eabi-gcc "../src/lib/baram/Drivers/STM32F1xx_HAL_Driver/Src/stm32f1xx_hal_dma.c" -mcpu=cortex-m3 -std=gnu11 -g3 -DSTM32F103xB -c -I"D:/A/baram/baram/src" -I"D:/A/baram/baram/src/ap" -I"D:/A/baram/baram/src/bsp" -I"D:/A/baram/baram/src/common" -I"D:/A/baram/baram/src/hw" -I"D:/A/baram/baram/src/lib" -I"D:/A/baram/baram/src/lib/baram/Drivers/CMSIS/Device/ST/STM32F1xx/Include" -I"D:/A/baram/baram/src/lib/baram/Drivers/CMSIS/Include" -I"D:/A/baram/baram/src/lib/baram/Drivers/STM32F1xx_HAL_Driver/Inc" -I"D:/A/baram/baram/src/common/hw/include" -I"D:/A/baram/baram/src/lib/baram/Middlewares/ST/STM32_USB_Device_Library/Class/CDC/Inc" -I"D:/A/baram/baram/src/lib/baram/Middlewares/ST/STM32_USB_Device_Library/Core/Inc" -I"D:/A/baram/baram/src/lib/baram/USB_DEVICE/App" -I"D:/A/baram/baram/src/lib/baram/USB_DEVICE/Target" -O0 -ffunction-sections -fdata-sections -Wall -fstack-usage -fcyclomatic-complexity -MMD -MP -MF"src/lib/baram/Drivers/STM32F1xx_HAL_Driver/Src/stm32f1xx_hal_dma.d" -MT"src/lib/baram/Drivers/STM32F1xx_HAL_Driver/Src/stm32f1xx_hal_dma.o" --specs=nano.specs -mfloat-abi=soft -mthumb -o "src/lib/baram/Drivers/STM32F1xx_HAL_Driver/Src/stm32f1xx_hal_dma.o"
arm-none-eabi-gcc "../src/lib/baram/Drivers/STM32F1xx_HAL_Driver/Src/stm32f1xx_hal_exti.c" -mcpu=cortex-m3 -std=gnu11 -g3 -DSTM32F103xB -c -I"D:/A/baram/baram/src" -I"D:/A/baram/baram/src/ap" -I"D:/A/baram/baram/src/bsp" -I"D:/A/baram/baram/src/common" -I"D:/A/baram/baram/src/hw" -I"D:/A/baram/baram/src/lib" -I"D:/A/baram/baram/src/lib/baram/Drivers/CMSIS/Device/ST/STM32F1xx/Include" -I"D:/A/baram/baram/src/lib/baram/Drivers/CMSIS/Include" -I"D:/A/baram/baram/src/lib/baram/Drivers/STM32F1xx_HAL_Driver/Inc" -I"D:/A/baram/baram/src/common/hw/include" -I"D:/A/baram/baram/src/lib/baram/Middlewares/ST/STM32_USB_Device_Library/Class/CDC/Inc" -I"D:/A/baram/baram/src/lib/baram/Middlewares/ST/STM32_USB_Device_Library/Core/Inc" -I"D:/A/baram/baram/src/lib/baram/USB_DEVICE/App" -I"D:/A/baram/baram/src/lib/baram/USB_DEVICE/Target" -O0 -ffunction-sections -fdata-sections -Wall -fstack-usage -fcyclomatic-complexity -MMD -MP -MF"src/lib/baram/Drivers/STM32F1xx_HAL_Driver/Src/stm32f1xx_hal_exti.d" -MT"src/lib/baram/Drivers/STM32F1xx_HAL_Driver/Src/stm32f1xx_hal_exti.o" --specs=nano.specs -mfloat-abi=soft -mthumb -o "src/lib/baram/Drivers/STM32F1xx_HAL_Driver/Src/stm32f1xx_hal_exti.o"
arm-none-eabi-gcc "../src/lib/baram/Drivers/STM32F1xx_HAL_Driver/Src/stm32f1xx_hal_flash.c" -mcpu=cortex-m3 -std=gnu11 -g3 -DSTM32F103xB -c -I"D:/A/baram/baram/src" -I"D:/A/baram/baram/src/ap" -I"D:/A/baram/baram/src/bsp" -I"D:/A/baram/baram/src/common" -I"D:/A/baram/baram/src/hw" -I"D:/A/baram/baram/src/lib" -I"D:/A/baram/baram/src/lib/baram/Drivers/CMSIS/Device/ST/STM32F1xx/Include" -I"D:/A/baram/baram/src/lib/baram/Drivers/CMSIS/Include" -I"D:/A/baram/baram/src/lib/baram/Drivers/STM32F1xx_HAL_Driver/Inc" -I"D:/A/baram/baram/src/common/hw/include" -I"D:/A/baram/baram/src/lib/baram/Middlewares/ST/STM32_USB_Device_Library/Class/CDC/Inc" -I"D:/A/baram/baram/src/lib/baram/Middlewares/ST/STM32_USB_Device_Library/Core/Inc" -I"D:/A/baram/baram/src/lib/baram/USB_DEVICE/App" -I"D:/A/baram/baram/src/lib/baram/USB_DEVICE/Target" -O0 -ffunction-sections -fdata-sections -Wall -fstack-usage -fcyclomatic-complexity -MMD -MP -MF"src/lib/baram/Drivers/STM32F1xx_HAL_Driver/Src/stm32f1xx_hal_flash.d" -MT"src/lib/baram/Drivers/STM32F1xx_HAL_Driver/Src/stm32f1xx_hal_flash.o" --specs=nano.specs -mfloat-abi=soft -mthumb -o "src/lib/baram/Drivers/STM32F1xx_HAL_Driver/Src/stm32f1xx_hal_flash.o"
arm-none-eabi-gcc "../src/lib/baram/Drivers/STM32F1xx_HAL_Driver/Src/stm32f1xx_hal_flash_ex.c" -mcpu=cortex-m3 -std=gnu11 -g3 -DSTM32F103xB -c -I"D:/A/baram/baram/src" -I"D:/A/baram/baram/src/ap" -I"D:/A/baram/baram/src/bsp" -I"D:/A/baram/baram/src/common" -I"D:/A/baram/baram/src/hw" -I"D:/A/baram/baram/src/lib" -I"D:/A/baram/baram/src/lib/baram/Drivers/CMSIS/Device/ST/STM32F1xx/Include" -I"D:/A/baram/baram/src/lib/baram/Drivers/CMSIS/Include" -I"D:/A/baram/baram/src/lib/baram/Drivers/STM32F1xx_HAL_Driver/Inc" -I"D:/A/baram/baram/src/common/hw/include" -I"D:/A/baram/baram/src/lib/baram/Middlewares/ST/STM32_USB_Device_Library/Class/CDC/Inc" -I"D:/A/baram/baram/src/lib/baram/Middlewares/ST/STM32_USB_Device_Library/Core/Inc" -I"D:/A/baram/baram/src/lib/baram/USB_DEVICE/App" -I"D:/A/baram/baram/src/lib/baram/USB_DEVICE/Target" -O0 -ffunction-sections -fdata-sections -Wall -fstack-usage -fcyclomatic-complexity -MMD -MP -MF"src/lib/baram/Drivers/STM32F1xx_HAL_Driver/Src/stm32f1xx_hal_flash_ex.d" -MT"src/lib/baram/Drivers/STM32F1xx_HAL_Driver/Src/stm32f1xx_hal_flash_ex.o" --specs=nano.specs -mfloat-abi=soft -mthumb -o "src/lib/baram/Drivers/STM32F1xx_HAL_Driver/Src/stm32f1xx_hal_flash_ex.o"
arm-none-eabi-gcc "../src/lib/baram/Drivers/STM32F1xx_HAL_Driver/Src/stm32f1xx_hal_gpio.c" -mcpu=cortex-m3 -std=gnu11 -g3 -DSTM32F103xB -c -I"D:/A/baram/baram/src" -I"D:/A/baram/baram/src/ap" -I"D:/A/baram/baram/src/bsp" -I"D:/A/baram/baram/src/common" -I"D:/A/baram/baram/src/hw" -I"D:/A/baram/baram/src/lib" -I"D:/A/baram/baram/src/lib/baram/Drivers/CMSIS/Device/ST/STM32F1xx/Include" -I"D:/A/baram/baram/src/lib/baram/Drivers/CMSIS/Include" -I"D:/A/baram/baram/src/lib/baram/Drivers/STM32F1xx_HAL_Driver/Inc" -I"D:/A/baram/baram/src/common/hw/include" -I"D:/A/baram/baram/src/lib/baram/Middlewares/ST/STM32_USB_Device_Library/Class/CDC/Inc" -I"D:/A/baram/baram/src/lib/baram/Middlewares/ST/STM32_USB_Device_Library/Core/Inc" -I"D:/A/baram/baram/src/lib/baram/USB_DEVICE/App" -I"D:/A/baram/baram/src/lib/baram/USB_DEVICE/Target" -O0 -ffunction-sections -fdata-sections -Wall -fstack-usage -fcyclomatic-complexity -MMD -MP -MF"src/lib/baram/Drivers/STM32F1xx_HAL_Driver/Src/stm32f1xx_hal_gpio.d" -MT"src/lib/baram/Drivers/STM32F1xx_HAL_Driver/Src/stm32f1xx_hal_gpio.o" --specs=nano.specs -mfloat-abi=soft -mthumb -o "src/lib/baram/Drivers/STM32F1xx_HAL_Driver/Src/stm32f1xx_hal_gpio.o"
arm-none-eabi-gcc "../src/lib/baram/Drivers/STM32F1xx_HAL_Driver/Src/stm32f1xx_hal_gpio_ex.c" -mcpu=cortex-m3 -std=gnu11 -g3 -DSTM32F103xB -c -I"D:/A/baram/baram/src" -I"D:/A/baram/baram/src/ap" -I"D:/A/baram/baram/src/bsp" -I"D:/A/baram/baram/src/common" -I"D:/A/baram/baram/src/hw" -I"D:/A/baram/baram/src/lib" -I"D:/A/baram/baram/src/lib/baram/Drivers/CMSIS/Device/ST/STM32F1xx/Include" -I"D:/A/baram/baram/src/lib/baram/Drivers/CMSIS/Include" -I"D:/A/baram/baram/src/lib/baram/Drivers/STM32F1xx_HAL_Driver/Inc" -I"D:/A/baram/baram/src/common/hw/include" -I"D:/A/baram/baram/src/lib/baram/Middlewares/ST/STM32_USB_Device_Library/Class/CDC/Inc" -I"D:/A/baram/baram/src/lib/baram/Middlewares/ST/STM32_USB_Device_Library/Core/Inc" -I"D:/A/baram/baram/src/lib/baram/USB_DEVICE/App" -I"D:/A/baram/baram/src/lib/baram/USB_DEVICE/Target" -O0 -ffunction-sections -fdata-sections -Wall -fstack-usage -fcyclomatic-complexity -MMD -MP -MF"src/lib/baram/Drivers/STM32F1xx_HAL_Driver/Src/stm32f1xx_hal_gpio_ex.d" -MT"src/lib/baram/Drivers/STM32F1xx_HAL_Driver/Src/stm32f1xx_hal_gpio_ex.o" --specs=nano.specs -mfloat-abi=soft -mthumb -o "src/lib/baram/Drivers/STM32F1xx_HAL_Driver/Src/stm32f1xx_hal_gpio_ex.o"
arm-none-eabi-gcc "../src/lib/baram/Drivers/STM32F1xx_HAL_Driver/Src/stm32f1xx_hal_pcd.c" -mcpu=cortex-m3 -std=gnu11 -g3 -DSTM32F103xB -c -I"D:/A/baram/baram/src" -I"D:/A/baram/baram/src/ap" -I"D:/A/baram/baram/src/bsp" -I"D:/A/baram/baram/src/common" -I"D:/A/baram/baram/src/hw" -I"D:/A/baram/baram/src/lib" -I"D:/A/baram/baram/src/lib/baram/Drivers/CMSIS/Device/ST/STM32F1xx/Include" -I"D:/A/baram/baram/src/lib/baram/Drivers/CMSIS/Include" -I"D:/A/baram/baram/src/lib/baram/Drivers/STM32F1xx_HAL_Driver/Inc" -I"D:/A/baram/baram/src/common/hw/include" -I"D:/A/baram/baram/src/lib/baram/Middlewares/ST/STM32_USB_Device_Library/Class/CDC/Inc" -I"D:/A/baram/baram/src/lib/baram/Middlewares/ST/STM32_USB_Device_Library/Core/Inc" -I"D:/A/baram/baram/src/lib/baram/USB_DEVICE/App" -I"D:/A/baram/baram/src/lib/baram/USB_DEVICE/Target" -O0 -ffunction-sections -fdata-sections -Wall -fstack-usage -fcyclomatic-complexity -MMD -MP -MF"src/lib/baram/Drivers/STM32F1xx_HAL_Driver/Src/stm32f1xx_hal_pcd.d" -MT"src/lib/baram/Drivers/STM32F1xx_HAL_Driver/Src/stm32f1xx_hal_pcd.o" --specs=nano.specs -mfloat-abi=soft -mthumb -o "src/lib/baram/Drivers/STM32F1xx_HAL_Driver/Src/stm32f1xx_hal_pcd.o"
arm-none-eabi-gcc "../src/lib/baram/Drivers/STM32F1xx_HAL_Driver/Src/stm32f1xx_hal_pcd_ex.c" -mcpu=cortex-m3 -std=gnu11 -g3 -DSTM32F103xB -c -I"D:/A/baram/baram/src" -I"D:/A/baram/baram/src/ap" -I"D:/A/baram/baram/src/bsp" -I"D:/A/baram/baram/src/common" -I"D:/A/baram/baram/src/hw" -I"D:/A/baram/baram/src/lib" -I"D:/A/baram/baram/src/lib/baram/Drivers/CMSIS/Device/ST/STM32F1xx/Include" -I"D:/A/baram/baram/src/lib/baram/Drivers/CMSIS/Include" -I"D:/A/baram/baram/src/lib/baram/Drivers/STM32F1xx_HAL_Driver/Inc" -I"D:/A/baram/baram/src/common/hw/include" -I"D:/A/baram/baram/src/lib/baram/Middlewares/ST/STM32_USB_Device_Library/Class/CDC/Inc" -I"D:/A/baram/baram/src/lib/baram/Middlewares/ST/STM32_USB_Device_Library/Core/Inc" -I"D:/A/baram/baram/src/lib/baram/USB_DEVICE/App" -I"D:/A/baram/baram/src/lib/baram/USB_DEVICE/Target" -O0 -ffunction-sections -fdata-sections -Wall -fstack-usage -fcyclomatic-complexity -MMD -MP -MF"src/lib/baram/Drivers/STM32F1xx_HAL_Driver/Src/stm32f1xx_hal_pcd_ex.d" -MT"src/lib/baram/Drivers/STM32F1xx_HAL_Driver/Src/stm32f1xx_hal_pcd_ex.o" --specs=nano.specs -mfloat-abi=soft -mthumb -o "src/lib/baram/Drivers/STM32F1xx_HAL_Driver/Src/stm32f1xx_hal_pcd_ex.o"
arm-none-eabi-gcc "../src/lib/baram/Drivers/STM32F1xx_HAL_Driver/Src/stm32f1xx_hal_pwr.c" -mcpu=cortex-m3 -std=gnu11 -g3 -DSTM32F103xB -c -I"D:/A/baram/baram/src" -I"D:/A/baram/baram/src/ap" -I"D:/A/baram/baram/src/bsp" -I"D:/A/baram/baram/src/common" -I"D:/A/baram/baram/src/hw" -I"D:/A/baram/baram/src/lib" -I"D:/A/baram/baram/src/lib/baram/Drivers/CMSIS/Device/ST/STM32F1xx/Include" -I"D:/A/baram/baram/src/lib/baram/Drivers/CMSIS/Include" -I"D:/A/baram/baram/src/lib/baram/Drivers/STM32F1xx_HAL_Driver/Inc" -I"D:/A/baram/baram/src/common/hw/include" -I"D:/A/baram/baram/src/lib/baram/Middlewares/ST/STM32_USB_Device_Library/Class/CDC/Inc" -I"D:/A/baram/baram/src/lib/baram/Middlewares/ST/STM32_USB_Device_Library/Core/Inc" -I"D:/A/baram/baram/src/lib/baram/USB_DEVICE/App" -I"D:/A/baram/baram/src/lib/baram/USB_DEVICE/Target" -O0 -ffunction-sections -fdata-sections -Wall -fstack-usage -fcyclomatic-complexity -MMD -MP -MF"src/lib/baram/Drivers/STM32F1xx_HAL_Driver/Src/stm32f1xx_hal_pwr.d" -MT"src/lib/baram/Drivers/STM32F1xx_HAL_Driver/Src/stm32f1xx_hal_pwr.o" --specs=nano.specs -mfloat-abi=soft -mthumb -o "src/lib/baram/Drivers/STM32F1xx_HAL_Driver/Src/stm32f1xx_hal_pwr.o"
arm-none-eabi-gcc "../src/lib/baram/Drivers/STM32F1xx_HAL_Driver/Src/stm32f1xx_hal_rcc.c" -mcpu=cortex-m3 -std=gnu11 -g3 -DSTM32F103xB -c -I"D:/A/baram/baram/src" -I"D:/A/baram/baram/src/ap" -I"D:/A/baram/baram/src/bsp" -I"D:/A/baram/baram/src/common" -I"D:/A/baram/baram/src/hw" -I"D:/A/baram/baram/src/lib" -I"D:/A/baram/baram/src/lib/baram/Drivers/CMSIS/Device/ST/STM32F1xx/Include" -I"D:/A/baram/baram/src/lib/baram/Drivers/CMSIS/Include" -I"D:/A/baram/baram/src/lib/baram/Drivers/STM32F1xx_HAL_Driver/Inc" -I"D:/A/baram/baram/src/common/hw/include" -I"D:/A/baram/baram/src/lib/baram/Middlewares/ST/STM32_USB_Device_Library/Class/CDC/Inc" -I"D:/A/baram/baram/src/lib/baram/Middlewares/ST/STM32_USB_Device_Library/Core/Inc" -I"D:/A/baram/baram/src/lib/baram/USB_DEVICE/App" -I"D:/A/baram/baram/src/lib/baram/USB_DEVICE/Target" -O0 -ffunction-sections -fdata-sections -Wall -fstack-usage -fcyclomatic-complexity -MMD -MP -MF"src/lib/baram/Drivers/STM32F1xx_HAL_Driver/Src/stm32f1xx_hal_rcc.d" -MT"src/lib/baram/Drivers/STM32F1xx_HAL_Driver/Src/stm32f1xx_hal_rcc.o" --specs=nano.specs -mfloat-abi=soft -mthumb -o "src/lib/baram/Drivers/STM32F1xx_HAL_Driver/Src/stm32f1xx_hal_rcc.o"
arm-none-eabi-gcc "../src/lib/baram/Drivers/STM32F1xx_HAL_Driver/Src/stm32f1xx_hal_rcc_ex.c" -mcpu=cortex-m3 -std=gnu11 -g3 -DSTM32F103xB -c -I"D:/A/baram/baram/src" -I"D:/A/baram/baram/src/ap" -I"D:/A/baram/baram/src/bsp" -I"D:/A/baram/baram/src/common" -I"D:/A/baram/baram/src/hw" -I"D:/A/baram/baram/src/lib" -I"D:/A/baram/baram/src/lib/baram/Drivers/CMSIS/Device/ST/STM32F1xx/Include" -I"D:/A/baram/baram/src/lib/baram/Drivers/CMSIS/Include" -I"D:/A/baram/baram/src/lib/baram/Drivers/STM32F1xx_HAL_Driver/Inc" -I"D:/A/baram/baram/src/common/hw/include" -I"D:/A/baram/baram/src/lib/baram/Middlewares/ST/STM32_USB_Device_Library/Class/CDC/Inc" -I"D:/A/baram/baram/src/lib/baram/Middlewares/ST/STM32_USB_Device_Library/Core/Inc" -I"D:/A/baram/baram/src/lib/baram/USB_DEVICE/App" -I"D:/A/baram/baram/src/lib/baram/USB_DEVICE/Target" -O0 -ffunction-sections -fdata-sections -Wall -fstack-usage -fcyclomatic-complexity -MMD -MP -MF"src/lib/baram/Drivers/STM32F1xx_HAL_Driver/Src/stm32f1xx_hal_rcc_ex.d" -MT"src/lib/baram/Drivers/STM32F1xx_HAL_Driver/Src/stm32f1xx_hal_rcc_ex.o" --specs=nano.specs -mfloat-abi=soft -mthumb -o "src/lib/baram/Drivers/STM32F1xx_HAL_Driver/Src/stm32f1xx_hal_rcc_ex.o"
arm-none-eabi-gcc "../src/lib/baram/Drivers/STM32F1xx_HAL_Driver/Src/stm32f1xx_hal_rtc.c" -mcpu=cortex-m3 -std=gnu11 -g3 -DSTM32F103xB -c -I"D:/A/baram/baram/src" -I"D:/A/baram/baram/src/ap" -I"D:/A/baram/baram/src/bsp" -I"D:/A/baram/baram/src/common" -I"D:/A/baram/baram/src/hw" -I"D:/A/baram/baram/src/lib" -I"D:/A/baram/baram/src/lib/baram/Drivers/CMSIS/Device/ST/STM32F1xx/Include" -I"D:/A/baram/baram/src/lib/baram/Drivers/CMSIS/Include" -I"D:/A/baram/baram/src/lib/baram/Drivers/STM32F1xx_HAL_Driver/Inc" -I"D:/A/baram/baram/src/common/hw/include" -I"D:/A/baram/baram/src/lib/baram/Middlewares/ST/STM32_USB_Device_Library/Class/CDC/Inc" -I"D:/A/baram/baram/src/lib/baram/Middlewares/ST/STM32_USB_Device_Library/Core/Inc" -I"D:/A/baram/baram/src/lib/baram/USB_DEVICE/App" -I"D:/A/baram/baram/src/lib/baram/USB_DEVICE/Target" -O0 -ffunction-sections -fdata-sections -Wall -fstack-usage -fcyclomatic-complexity -MMD -MP -MF"src/lib/baram/Drivers/STM32F1xx_HAL_Driver/Src/stm32f1xx_hal_rtc.d" -MT"src/lib/baram/Drivers/STM32F1xx_HAL_Driver/Src/stm32f1xx_hal_rtc.o" --specs=nano.specs -mfloat-abi=soft -mthumb -o "src/lib/baram/Drivers/STM32F1xx_HAL_Driver/Src/stm32f1xx_hal_rtc.o"
arm-none-eabi-gcc "../src/lib/baram/Drivers/STM32F1xx_HAL_Driver/Src/stm32f1xx_hal_rtc_ex.c" -mcpu=cortex-m3 -std=gnu11 -g3 -DSTM32F103xB -c -I"D:/A/baram/baram/src" -I"D:/A/baram/baram/src/ap" -I"D:/A/baram/baram/src/bsp" -I"D:/A/baram/baram/src/common" -I"D:/A/baram/baram/src/hw" -I"D:/A/baram/baram/src/lib" -I"D:/A/baram/baram/src/lib/baram/Drivers/CMSIS/Device/ST/STM32F1xx/Include" -I"D:/A/baram/baram/src/lib/baram/Drivers/CMSIS/Include" -I"D:/A/baram/baram/src/lib/baram/Drivers/STM32F1xx_HAL_Driver/Inc" -I"D:/A/baram/baram/src/common/hw/include" -I"D:/A/baram/baram/src/lib/baram/Middlewares/ST/STM32_USB_Device_Library/Class/CDC/Inc" -I"D:/A/baram/baram/src/lib/baram/Middlewares/ST/STM32_USB_Device_Library/Core/Inc" -I"D:/A/baram/baram/src/lib/baram/USB_DEVICE/App" -I"D:/A/baram/baram/src/lib/baram/USB_DEVICE/Target" -O0 -ffunction-sections -fdata-sections -Wall -fstack-usage -fcyclomatic-complexity -MMD -MP -MF"src/lib/baram/Drivers/STM32F1xx_HAL_Driver/Src/stm32f1xx_hal_rtc_ex.d" -MT"src/lib/baram/Drivers/STM32F1xx_HAL_Driver/Src/stm32f1xx_hal_rtc_ex.o" --specs=nano.specs -mfloat-abi=soft -mthumb -o "src/lib/baram/Drivers/STM32F1xx_HAL_Driver/Src/stm32f1xx_hal_rtc_ex.o"
arm-none-eabi-gcc "../src/lib/baram/Drivers/STM32F1xx_HAL_Driver/Src/stm32f1xx_ll_usb.c" -mcpu=cortex-m3 -std=gnu11 -g3 -DSTM32F103xB -c -I"D:/A/baram/baram/src" -I"D:/A/baram/baram/src/ap" -I"D:/A/baram/baram/src/bsp" -I"D:/A/baram/baram/src/common" -I"D:/A/baram/baram/src/hw" -I"D:/A/baram/baram/src/lib" -I"D:/A/baram/baram/src/lib/baram/Drivers/CMSIS/Device/ST/STM32F1xx/Include" -I"D:/A/baram/baram/src/lib/baram/Drivers/CMSIS/Include" -I"D:/A/baram/baram/src/lib/baram/Drivers/STM32F1xx_HAL_Driver/Inc" -I"D:/A/baram/baram/src/common/hw/include" -I"D:/A/baram/baram/src/lib/baram/Middlewares/ST/STM32_USB_Device_Library/Class/CDC/Inc" -I"D:/A/baram/baram/src/lib/baram/Middlewares/ST/STM32_USB_Device_Library/Core/Inc" -I"D:/A/baram/baram/src/lib/baram/USB_DEVICE/App" -I"D:/A/baram/baram/src/lib/baram/USB_DEVICE/Target" -O0 -ffunction-sections -fdata-sections -Wall -fstack-usage -fcyclomatic-complexity -MMD -MP -MF"src/lib/baram/Drivers/STM32F1xx_HAL_Driver/Src/stm32f1xx_ll_usb.d" -MT"src/lib/baram/Drivers/STM32F1xx_HAL_Driver/Src/stm32f1xx_ll_usb.o" --specs=nano.specs -mfloat-abi=soft -mthumb -o "src/lib/baram/Drivers/STM32F1xx_HAL_Driver/Src/stm32f1xx_ll_usb.o"
arm-none-eabi-gcc "../src/hw/driver/led.c" -mcpu=cortex-m3 -std=gnu11 -g3 -DSTM32F103xB -c -I"D:/A/baram/baram/src" -I"D:/A/baram/baram/src/ap" -I"D:/A/baram/baram/src/bsp" -I"D:/A/baram/baram/src/common" -I"D:/A/baram/baram/src/hw" -I"D:/A/baram/baram/src/lib" -I"D:/A/baram/baram/src/lib/baram/Drivers/CMSIS/Device/ST/STM32F1xx/Include" -I"D:/A/baram/baram/src/lib/baram/Drivers/CMSIS/Include" -I"D:/A/baram/baram/src/lib/baram/Drivers/STM32F1xx_HAL_Driver/Inc" -I"D:/A/baram/baram/src/common/hw/include" -I"D:/A/baram/baram/src/lib/baram/Middlewares/ST/STM32_USB_Device_Library/Class/CDC/Inc" -I"D:/A/baram/baram/src/lib/baram/Middlewares/ST/STM32_USB_Device_Library/Core/Inc" -I"D:/A/baram/baram/src/lib/baram/USB_DEVICE/App" -I"D:/A/baram/baram/src/lib/baram/USB_DEVICE/Target" -O0 -ffunction-sections -fdata-sections -Wall -fstack-usage -fcyclomatic-complexity -MMD -MP -MF"src/hw/driver/led.d" -MT"src/hw/driver/led.o" --specs=nano.specs -mfloat-abi=soft -mthumb -o "src/hw/driver/led.o"
arm-none-eabi-gcc "../src/hw/driver/reset.c" -mcpu=cortex-m3 -std=gnu11 -g3 -DSTM32F103xB -c -I"D:/A/baram/baram/src" -I"D:/A/baram/baram/src/ap" -I"D:/A/baram/baram/src/bsp" -I"D:/A/baram/baram/src/common" -I"D:/A/baram/baram/src/hw" -I"D:/A/baram/baram/src/lib" -I"D:/A/baram/baram/src/lib/baram/Drivers/CMSIS/Device/ST/STM32F1xx/Include" -I"D:/A/baram/baram/src/lib/baram/Drivers/CMSIS/Include" -I"D:/A/baram/baram/src/lib/baram/Drivers/STM32F1xx_HAL_Driver/Inc" -I"D:/A/baram/baram/src/common/hw/include" -I"D:/A/baram/baram/src/lib/baram/Middlewares/ST/STM32_USB_Device_Library/Class/CDC/Inc" -I"D:/A/baram/baram/src/lib/baram/Middlewares/ST/STM32_USB_Device_Library/Core/Inc" -I"D:/A/baram/baram/src/lib/baram/USB_DEVICE/App" -I"D:/A/baram/baram/src/lib/baram/USB_DEVICE/Target" -O0 -ffunction-sections -fdata-sections -Wall -fstack-usage -fcyclomatic-complexity -MMD -MP -MF"src/hw/driver/reset.d" -MT"src/hw/driver/reset.o" --specs=nano.specs -mfloat-abi=soft -mthumb -o "src/hw/driver/reset.o"
arm-none-eabi-gcc "../src/hw/driver/rtc.c" -mcpu=cortex-m3 -std=gnu11 -g3 -DSTM32F103xB -c -I"D:/A/baram/baram/src" -I"D:/A/baram/baram/src/ap" -I"D:/A/baram/baram/src/bsp" -I"D:/A/baram/baram/src/common" -I"D:/A/baram/baram/src/hw" -I"D:/A/baram/baram/src/lib" -I"D:/A/baram/baram/src/lib/baram/Drivers/CMSIS/Device/ST/STM32F1xx/Include" -I"D:/A/baram/baram/src/lib/baram/Drivers/CMSIS/Include" -I"D:/A/baram/baram/src/lib/baram/Drivers/STM32F1xx_HAL_Driver/Inc" -I"D:/A/baram/baram/src/common/hw/include" -I"D:/A/baram/baram/src/lib/baram/Middlewares/ST/STM32_USB_Device_Library/Class/CDC/Inc" -I"D:/A/baram/baram/src/lib/baram/Middlewares/ST/STM32_USB_Device_Library/Core/Inc" -I"D:/A/baram/baram/src/lib/baram/USB_DEVICE/App" -I"D:/A/baram/baram/src/lib/baram/USB_DEVICE/Target" -O0 -ffunction-sections -fdata-sections -Wall -fstack-usage -fcyclomatic-complexity -MMD -MP -MF"src/hw/driver/rtc.d" -MT"src/hw/driver/rtc.o" --specs=nano.specs -mfloat-abi=soft -mthumb -o "src/hw/driver/rtc.o"
arm-none-eabi-gcc "../src/hw/driver/uart.c" -mcpu=cortex-m3 -std=gnu11 -g3 -DSTM32F103xB -c -I"D:/A/baram/baram/src" -I"D:/A/baram/baram/src/ap" -I"D:/A/baram/baram/src/bsp" -I"D:/A/baram/baram/src/common" -I"D:/A/baram/baram/src/hw" -I"D:/A/baram/baram/src/lib" -I"D:/A/baram/baram/src/lib/baram/Drivers/CMSIS/Device/ST/STM32F1xx/Include" -I"D:/A/baram/baram/src/lib/baram/Drivers/CMSIS/Include" -I"D:/A/baram/baram/src/lib/baram/Drivers/STM32F1xx_HAL_Driver/Inc" -I"D:/A/baram/baram/src/common/hw/include" -I"D:/A/baram/baram/src/lib/baram/Middlewares/ST/STM32_USB_Device_Library/Class/CDC/Inc" -I"D:/A/baram/baram/src/lib/baram/Middlewares/ST/STM32_USB_Device_Library/Core/Inc" -I"D:/A/baram/baram/src/lib/baram/USB_DEVICE/App" -I"D:/A/baram/baram/src/lib/baram/USB_DEVICE/Target" -O0 -ffunction-sections -fdata-sections -Wall -fstack-usage -fcyclomatic-complexity -MMD -MP -MF"src/hw/driver/uart.d" -MT"src/hw/driver/uart.o" --specs=nano.specs -mfloat-abi=soft -mthumb -o "src/hw/driver/uart.o"
arm-none-eabi-gcc "../src/hw/driver/usb.c" -mcpu=cortex-m3 -std=gnu11 -g3 -DSTM32F103xB -c -I"D:/A/baram/baram/src" -I"D:/A/baram/baram/src/ap" -I"D:/A/baram/baram/src/bsp" -I"D:/A/baram/baram/src/common" -I"D:/A/baram/baram/src/hw" -I"D:/A/baram/baram/src/lib" -I"D:/A/baram/baram/src/lib/baram/Drivers/CMSIS/Device/ST/STM32F1xx/Include" -I"D:/A/baram/baram/src/lib/baram/Drivers/CMSIS/Include" -I"D:/A/baram/baram/src/lib/baram/Drivers/STM32F1xx_HAL_Driver/Inc" -I"D:/A/baram/baram/src/common/hw/include" -I"D:/A/baram/baram/src/lib/baram/Middlewares/ST/STM32_USB_Device_Library/Class/CDC/Inc" -I"D:/A/baram/baram/src/lib/baram/Middlewares/ST/STM32_USB_Device_Library/Core/Inc" -I"D:/A/baram/baram/src/lib/baram/USB_DEVICE/App" -I"D:/A/baram/baram/src/lib/baram/USB_DEVICE/Target" -O0 -ffunction-sections -fdata-sections -Wall -fstack-usage -fcyclomatic-complexity -MMD -MP -MF"src/hw/driver/usb.d" -MT"src/hw/driver/usb.o" --specs=nano.specs -mfloat-abi=soft -mthumb -o "src/hw/driver/usb.o"
arm-none-eabi-gcc "../src/hw/hw.c" -mcpu=cortex-m3 -std=gnu11 -g3 -DSTM32F103xB -c -I"D:/A/baram/baram/src" -I"D:/A/baram/baram/src/ap" -I"D:/A/baram/baram/src/bsp" -I"D:/A/baram/baram/src/common" -I"D:/A/baram/baram/src/hw" -I"D:/A/baram/baram/src/lib" -I"D:/A/baram/baram/src/lib/baram/Drivers/CMSIS/Device/ST/STM32F1xx/Include" -I"D:/A/baram/baram/src/lib/baram/Drivers/CMSIS/Include" -I"D:/A/baram/baram/src/lib/baram/Drivers/STM32F1xx_HAL_Driver/Inc" -I"D:/A/baram/baram/src/common/hw/include" -I"D:/A/baram/baram/src/lib/baram/Middlewares/ST/STM32_USB_Device_Library/Class/CDC/Inc" -I"D:/A/baram/baram/src/lib/baram/Middlewares/ST/STM32_USB_Device_Library/Core/Inc" -I"D:/A/baram/baram/src/lib/baram/USB_DEVICE/App" -I"D:/A/baram/baram/src/lib/baram/USB_DEVICE/Target" -O0 -ffunction-sections -fdata-sections -Wall -fstack-usage -fcyclomatic-complexity -MMD -MP -MF"src/hw/hw.d" -MT"src/hw/hw.o" --specs=nano.specs -mfloat-abi=soft -mthumb -o "src/hw/hw.o"
arm-none-eabi-gcc "../src/bsp/bsp.c" -mcpu=cortex-m3 -std=gnu11 -g3 -DSTM32F103xB -c -I"D:/A/baram/baram/src" -I"D:/A/baram/baram/src/ap" -I"D:/A/baram/baram/src/bsp" -I"D:/A/baram/baram/src/common" -I"D:/A/baram/baram/src/hw" -I"D:/A/baram/baram/src/lib" -I"D:/A/baram/baram/src/lib/baram/Drivers/CMSIS/Device/ST/STM32F1xx/Include" -I"D:/A/baram/baram/src/lib/baram/Drivers/CMSIS/Include" -I"D:/A/baram/baram/src/lib/baram/Drivers/STM32F1xx_HAL_Driver/Inc" -I"D:/A/baram/baram/src/common/hw/include" -I"D:/A/baram/baram/src/lib/baram/Middlewares/ST/STM32_USB_Device_Library/Class/CDC/Inc" -I"D:/A/baram/baram/src/lib/baram/Middlewares/ST/STM32_USB_Device_Library/Core/Inc" -I"D:/A/baram/baram/src/lib/baram/USB_DEVICE/App" -I"D:/A/baram/baram/src/lib/baram/USB_DEVICE/Target" -O0 -ffunction-sections -fdata-sections -Wall -fstack-usage -fcyclomatic-complexity -MMD -MP -MF"src/bsp/bsp.d" -MT"src/bsp/bsp.o" --specs=nano.specs -mfloat-abi=soft -mthumb -o "src/bsp/bsp.o"
arm-none-eabi-gcc "../src/bsp/stm32f1xx_hal_msp.c" -mcpu=cortex-m3 -std=gnu11 -g3 -DSTM32F103xB -c -I"D:/A/baram/baram/src" -I"D:/A/baram/baram/src/ap" -I"D:/A/baram/baram/src/bsp" -I"D:/A/baram/baram/src/common" -I"D:/A/baram/baram/src/hw" -I"D:/A/baram/baram/src/lib" -I"D:/A/baram/baram/src/lib/baram/Drivers/CMSIS/Device/ST/STM32F1xx/Include" -I"D:/A/baram/baram/src/lib/baram/Drivers/CMSIS/Include" -I"D:/A/baram/baram/src/lib/baram/Drivers/STM32F1xx_HAL_Driver/Inc" -I"D:/A/baram/baram/src/common/hw/include" -I"D:/A/baram/baram/src/lib/baram/Middlewares/ST/STM32_USB_Device_Library/Class/CDC/Inc" -I"D:/A/baram/baram/src/lib/baram/Middlewares/ST/STM32_USB_Device_Library/Core/Inc" -I"D:/A/baram/baram/src/lib/baram/USB_DEVICE/App" -I"D:/A/baram/baram/src/lib/baram/USB_DEVICE/Target" -O0 -ffunction-sections -fdata-sections -Wall -fstack-usage -fcyclomatic-complexity -MMD -MP -MF"src/bsp/stm32f1xx_hal_msp.d" -MT"src/bsp/stm32f1xx_hal_msp.o" --specs=nano.specs -mfloat-abi=soft -mthumb -o "src/bsp/stm32f1xx_hal_msp.o"
arm-none-eabi-gcc "../src/bsp/stm32f1xx_it.c" -mcpu=cortex-m3 -std=gnu11 -g3 -DSTM32F103xB -c -I"D:/A/baram/baram/src" -I"D:/A/baram/baram/src/ap" -I"D:/A/baram/baram/src/bsp" -I"D:/A/baram/baram/src/common" -I"D:/A/baram/baram/src/hw" -I"D:/A/baram/baram/src/lib" -I"D:/A/baram/baram/src/lib/baram/Drivers/CMSIS/Device/ST/STM32F1xx/Include" -I"D:/A/baram/baram/src/lib/baram/Drivers/CMSIS/Include" -I"D:/A/baram/baram/src/lib/baram/Drivers/STM32F1xx_HAL_Driver/Inc" -I"D:/A/baram/baram/src/common/hw/include" -I"D:/A/baram/baram/src/lib/baram/Middlewares/ST/STM32_USB_Device_Library/Class/CDC/Inc" -I"D:/A/baram/baram/src/lib/baram/Middlewares/ST/STM32_USB_Device_Library/Core/Inc" -I"D:/A/baram/baram/src/lib/baram/USB_DEVICE/App" -I"D:/A/baram/baram/src/lib/baram/USB_DEVICE/Target" -O0 -ffunction-sections -fdata-sections -Wall -fstack-usage -fcyclomatic-complexity -MMD -MP -MF"src/bsp/stm32f1xx_it.d" -MT"src/bsp/stm32f1xx_it.o" --specs=nano.specs -mfloat-abi=soft -mthumb -o "src/bsp/stm32f1xx_it.o"
arm-none-eabi-gcc "../src/ap/ap.c" -mcpu=cortex-m3 -std=gnu11 -g3 -DSTM32F103xB -c -I"D:/A/baram/baram/src" -I"D:/A/baram/baram/src/ap" -I"D:/A/baram/baram/src/bsp" -I"D:/A/baram/baram/src/common" -I"D:/A/baram/baram/src/hw" -I"D:/A/baram/baram/src/lib" -I"D:/A/baram/baram/src/lib/baram/Drivers/CMSIS/Device/ST/STM32F1xx/Include" -I"D:/A/baram/baram/src/lib/baram/Drivers/CMSIS/Include" -I"D:/A/baram/baram/src/lib/baram/Drivers/STM32F1xx_HAL_Driver/Inc" -I"D:/A/baram/baram/src/common/hw/include" -I"D:/A/baram/baram/src/lib/baram/Middlewares/ST/STM32_USB_Device_Library/Class/CDC/Inc" -I"D:/A/baram/baram/src/lib/baram/Middlewares/ST/STM32_USB_Device_Library/Core/Inc" -I"D:/A/baram/baram/src/lib/baram/USB_DEVICE/App" -I"D:/A/baram/baram/src/lib/baram/USB_DEVICE/Target" -O0 -ffunction-sections -fdata-sections -Wall -fstack-usage -fcyclomatic-complexity -MMD -MP -MF"src/ap/ap.d" -MT"src/ap/ap.o" --specs=nano.specs -mfloat-abi=soft -mthumb -o "src/ap/ap.o"
arm-none-eabi-gcc "../src/main.c" -mcpu=cortex-m3 -std=gnu11 -g3 -DSTM32F103xB -c -I"D:/A/baram/baram/src" -I"D:/A/baram/baram/src/ap" -I"D:/A/baram/baram/src/bsp" -I"D:/A/baram/baram/src/common" -I"D:/A/baram/baram/src/hw" -I"D:/A/baram/baram/src/lib" -I"D:/A/baram/baram/src/lib/baram/Drivers/CMSIS/Device/ST/STM32F1xx/Include" -I"D:/A/baram/baram/src/lib/baram/Drivers/CMSIS/Include" -I"D:/A/baram/baram/src/lib/baram/Drivers/STM32F1xx_HAL_Driver/Inc" -I"D:/A/baram/baram/src/common/hw/include" -I"D:/A/baram/baram/src/lib/baram/Middlewares/ST/STM32_USB_Device_Library/Class/CDC/Inc" -I"D:/A/baram/baram/src/lib/baram/Middlewares/ST/STM32_USB_Device_Library/Core/Inc" -I"D:/A/baram/baram/src/lib/baram/USB_DEVICE/App" -I"D:/A/baram/baram/src/lib/baram/USB_DEVICE/Target" -O0 -ffunction-sections -fdata-sections -Wall -fstack-usage -fcyclomatic-complexity -MMD -MP -MF"src/main.d" -MT"src/main.o" --specs=nano.specs -mfloat-abi=soft -mthumb -o "src/main.o"
arm-none-eabi-gcc -o "baram.elf" @"objects.list"   -mcpu=cortex-m3 -T"D:\A\baram\baram\src\bsp\ldscript\STM32F103C8TX_FLASH.ld" --specs=nosys.specs -Wl,-Map="baram.map" -Wl,--gc-sections -static --specs=nano.specs -mfloat-abi=soft -mthumb -Wl,--start-group -lc -lm -Wl,--end-group
Finished building target: baram.elf
 
arm-none-eabi-size  baram.elf 
arm-none-eabi-objdump -h -S baram.elf  > "baram.list"
   text	   data	    bss	    dec	    hex	filename
  35828	    480	   5968	  42276	   a524	baram.elf
Finished building: default.size.stdout
 
Finished building: baram.list
 

04:18:47 Build Finished. 0 errors, 0 warnings. (took 1s.599ms)

