23:31:37 **** Incremental Build of configuration Debug for project baram ****
make -j20 all 
arm-none-eabi-gcc "../src/lib/baram/USB_DEVICE/Target/usbd_conf.c" -mcpu=cortex-m3 -std=gnu11 -g3 -DSTM32F103xB -c -I"D:/A/baram/baram/src" -I"D:/A/baram/baram/src/ap" -I"D:/A/baram/baram/src/bsp" -I"D:/A/baram/baram/src/common" -I"D:/A/baram/baram/src/common/core" -I"D:/A/baram/baram/src/hw" -I"D:/A/baram/baram/src/lib" -I"D:/A/baram/baram/src/lib/baram/Drivers/CMSIS/Device/ST/STM32F1xx/Include" -I"D:/A/baram/baram/src/lib/baram/Drivers/CMSIS/Include" -I"D:/A/baram/baram/src/lib/baram/Drivers/STM32F1xx_HAL_Driver/Inc" -I"D:/A/baram/baram/src/common/hw/include" -I"D:/A/baram/baram/src/lib/baram/Middlewares/ST/STM32_USB_Device_Library/Class/CDC/Inc" -I"D:/A/baram/baram/src/lib/baram/Middlewares/ST/STM32_USB_Device_Library/Core/Inc" -I"D:/A/baram/baram/src/lib/baram/USB_DEVICE/App" -I"D:/A/baram/baram/src/lib/baram/USB_DEVICE/Target" -O0 -ffunction-sections -fdata-sections -Wall -fstack-usage -fcyclomatic-complexity -MMD -MP -MF"src/lib/baram/USB_DEVICE/Target/usbd_conf.d" -MT"src/lib/baram/USB_DEVICE/Target/usbd_conf.o" --specs=nano.specs -mfloat-abi=soft -mthumb -o "src/lib/baram/USB_DEVICE/Target/usbd_conf.o"
arm-none-eabi-gcc "../src/lib/baram/USB_DEVICE/App/usb_device.c" -mcpu=cortex-m3 -std=gnu11 -g3 -DSTM32F103xB -c -I"D:/A/baram/baram/src" -I"D:/A/baram/baram/src/ap" -I"D:/A/baram/baram/src/bsp" -I"D:/A/baram/baram/src/common" -I"D:/A/baram/baram/src/common/core" -I"D:/A/baram/baram/src/hw" -I"D:/A/baram/baram/src/lib" -I"D:/A/baram/baram/src/lib/baram/Drivers/CMSIS/Device/ST/STM32F1xx/Include" -I"D:/A/baram/baram/src/lib/baram/Drivers/CMSIS/Include" -I"D:/A/baram/baram/src/lib/baram/Drivers/STM32F1xx_HAL_Driver/Inc" -I"D:/A/baram/baram/src/common/hw/include" -I"D:/A/baram/baram/src/lib/baram/Middlewares/ST/STM32_USB_Device_Library/Class/CDC/Inc" -I"D:/A/baram/baram/src/lib/baram/Middlewares/ST/STM32_USB_Device_Library/Core/Inc" -I"D:/A/baram/baram/src/lib/baram/USB_DEVICE/App" -I"D:/A/baram/baram/src/lib/baram/USB_DEVICE/Target" -O0 -ffunction-sections -fdata-sections -Wall -fstack-usage -fcyclomatic-complexity -MMD -MP -MF"src/lib/baram/USB_DEVICE/App/usb_device.d" -MT"src/lib/baram/USB_DEVICE/App/usb_device.o" --specs=nano.specs -mfloat-abi=soft -mthumb -o "src/lib/baram/USB_DEVICE/App/usb_device.o"
arm-none-eabi-gcc "../src/lib/baram/USB_DEVICE/App/usbd_cdc_if.c" -mcpu=cortex-m3 -std=gnu11 -g3 -DSTM32F103xB -c -I"D:/A/baram/baram/src" -I"D:/A/baram/baram/src/ap" -I"D:/A/baram/baram/src/bsp" -I"D:/A/baram/baram/src/common" -I"D:/A/baram/baram/src/common/core" -I"D:/A/baram/baram/src/hw" -I"D:/A/baram/baram/src/lib" -I"D:/A/baram/baram/src/lib/baram/Drivers/CMSIS/Device/ST/STM32F1xx/Include" -I"D:/A/baram/baram/src/lib/baram/Drivers/CMSIS/Include" -I"D:/A/baram/baram/src/lib/baram/Drivers/STM32F1xx_HAL_Driver/Inc" -I"D:/A/baram/baram/src/common/hw/include" -I"D:/A/baram/baram/src/lib/baram/Middlewares/ST/STM32_USB_Device_Library/Class/CDC/Inc" -I"D:/A/baram/baram/src/lib/baram/Middlewares/ST/STM32_USB_Device_Library/Core/Inc" -I"D:/A/baram/baram/src/lib/baram/USB_DEVICE/App" -I"D:/A/baram/baram/src/lib/baram/USB_DEVICE/Target" -O0 -ffunction-sections -fdata-sections -Wall -fstack-usage -fcyclomatic-complexity -MMD -MP -MF"src/lib/baram/USB_DEVICE/App/usbd_cdc_if.d" -MT"src/lib/baram/USB_DEVICE/App/usbd_cdc_if.o" --specs=nano.specs -mfloat-abi=soft -mthumb -o "src/lib/baram/USB_DEVICE/App/usbd_cdc_if.o"
arm-none-eabi-gcc "../src/lib/baram/USB_DEVICE/App/usbd_desc.c" -mcpu=cortex-m3 -std=gnu11 -g3 -DSTM32F103xB -c -I"D:/A/baram/baram/src" -I"D:/A/baram/baram/src/ap" -I"D:/A/baram/baram/src/bsp" -I"D:/A/baram/baram/src/common" -I"D:/A/baram/baram/src/common/core" -I"D:/A/baram/baram/src/hw" -I"D:/A/baram/baram/src/lib" -I"D:/A/baram/baram/src/lib/baram/Drivers/CMSIS/Device/ST/STM32F1xx/Include" -I"D:/A/baram/baram/src/lib/baram/Drivers/CMSIS/Include" -I"D:/A/baram/baram/src/lib/baram/Drivers/STM32F1xx_HAL_Driver/Inc" -I"D:/A/baram/baram/src/common/hw/include" -I"D:/A/baram/baram/src/lib/baram/Middlewares/ST/STM32_USB_Device_Library/Class/CDC/Inc" -I"D:/A/baram/baram/src/lib/baram/Middlewares/ST/STM32_USB_Device_Library/Core/Inc" -I"D:/A/baram/baram/src/lib/baram/USB_DEVICE/App" -I"D:/A/baram/baram/src/lib/baram/USB_DEVICE/Target" -O0 -ffunction-sections -fdata-sections -Wall -fstack-usage -fcyclomatic-complexity -MMD -MP -MF"src/lib/baram/USB_DEVICE/App/usbd_desc.d" -MT"src/lib/baram/USB_DEVICE/App/usbd_desc.o" --specs=nano.specs -mfloat-abi=soft -mthumb -o "src/lib/baram/USB_DEVICE/App/usbd_desc.o"
arm-none-eabi-gcc "../src/lib/baram/Middlewares/ST/STM32_USB_Device_Library/Core/Src/usbd_core.c" -mcpu=cortex-m3 -std=gnu11 -g3 -DSTM32F103xB -c -I"D:/A/baram/baram/src" -I"D:/A/baram/baram/src/ap" -I"D:/A/baram/baram/src/bsp" -I"D:/A/baram/baram/src/common" -I"D:/A/baram/baram/src/common/core" -I"D:/A/baram/baram/src/hw" -I"D:/A/baram/baram/src/lib" -I"D:/A/baram/baram/src/lib/baram/Drivers/CMSIS/Device/ST/STM32F1xx/Include" -I"D:/A/baram/baram/src/lib/baram/Drivers/CMSIS/Include" -I"D:/A/baram/baram/src/lib/baram/Drivers/STM32F1xx_HAL_Driver/Inc" -I"D:/A/baram/baram/src/common/hw/include" -I"D:/A/baram/baram/src/lib/baram/Middlewares/ST/STM32_USB_Device_Library/Class/CDC/Inc" -I"D:/A/baram/baram/src/lib/baram/Middlewares/ST/STM32_USB_Device_Library/Core/Inc" -I"D:/A/baram/baram/src/lib/baram/USB_DEVICE/App" -I"D:/A/baram/baram/src/lib/baram/USB_DEVICE/Target" -O0 -ffunction-sections -fdata-sections -Wall -fstack-usage -fcyclomatic-complexity -MMD -MP -MF"src/lib/baram/Middlewares/ST/STM32_USB_Device_Library/Core/Src/usbd_core.d" -MT"src/lib/baram/Middlewares/ST/STM32_USB_Device_Library/Core/Src/usbd_core.o" --specs=nano.specs -mfloat-abi=soft -mthumb -o "src/lib/baram/Middlewares/ST/STM32_USB_Device_Library/Core/Src/usbd_core.o"
arm-none-eabi-gcc "../src/lib/baram/Middlewares/ST/STM32_USB_Device_Library/Core/Src/usbd_ctlreq.c" -mcpu=cortex-m3 -std=gnu11 -g3 -DSTM32F103xB -c -I"D:/A/baram/baram/src" -I"D:/A/baram/baram/src/ap" -I"D:/A/baram/baram/src/bsp" -I"D:/A/baram/baram/src/common" -I"D:/A/baram/baram/src/common/core" -I"D:/A/baram/baram/src/hw" -I"D:/A/baram/baram/src/lib" -I"D:/A/baram/baram/src/lib/baram/Drivers/CMSIS/Device/ST/STM32F1xx/Include" -I"D:/A/baram/baram/src/lib/baram/Drivers/CMSIS/Include" -I"D:/A/baram/baram/src/lib/baram/Drivers/STM32F1xx_HAL_Driver/Inc" -I"D:/A/baram/baram/src/common/hw/include" -I"D:/A/baram/baram/src/lib/baram/Middlewares/ST/STM32_USB_Device_Library/Class/CDC/Inc" -I"D:/A/baram/baram/src/lib/baram/Middlewares/ST/STM32_USB_Device_Library/Core/Inc" -I"D:/A/baram/baram/src/lib/baram/USB_DEVICE/App" -I"D:/A/baram/baram/src/lib/baram/USB_DEVICE/Target" -O0 -ffunction-sections -fdata-sections -Wall -fstack-usage -fcyclomatic-complexity -MMD -MP -MF"src/lib/baram/Middlewares/ST/STM32_USB_Device_Library/Core/Src/usbd_ctlreq.d" -MT"src/lib/baram/Middlewares/ST/STM32_USB_Device_Library/Core/Src/usbd_ctlreq.o" --specs=nano.specs -mfloat-abi=soft -mthumb -o "src/lib/baram/Middlewares/ST/STM32_USB_Device_Library/Core/Src/usbd_ctlreq.o"
arm-none-eabi-gcc "../src/lib/baram/Middlewares/ST/STM32_USB_Device_Library/Core/Src/usbd_ioreq.c" -mcpu=cortex-m3 -std=gnu11 -g3 -DSTM32F103xB -c -I"D:/A/baram/baram/src" -I"D:/A/baram/baram/src/ap" -I"D:/A/baram/baram/src/bsp" -I"D:/A/baram/baram/src/common" -I"D:/A/baram/baram/src/common/core" -I"D:/A/baram/baram/src/hw" -I"D:/A/baram/baram/src/lib" -I"D:/A/baram/baram/src/lib/baram/Drivers/CMSIS/Device/ST/STM32F1xx/Include" -I"D:/A/baram/baram/src/lib/baram/Drivers/CMSIS/Include" -I"D:/A/baram/baram/src/lib/baram/Drivers/STM32F1xx_HAL_Driver/Inc" -I"D:/A/baram/baram/src/common/hw/include" -I"D:/A/baram/baram/src/lib/baram/Middlewares/ST/STM32_USB_Device_Library/Class/CDC/Inc" -I"D:/A/baram/baram/src/lib/baram/Middlewares/ST/STM32_USB_Device_Library/Core/Inc" -I"D:/A/baram/baram/src/lib/baram/USB_DEVICE/App" -I"D:/A/baram/baram/src/lib/baram/USB_DEVICE/Target" -O0 -ffunction-sections -fdata-sections -Wall -fstack-usage -fcyclomatic-complexity -MMD -MP -MF"src/lib/baram/Middlewares/ST/STM32_USB_Device_Library/Core/Src/usbd_ioreq.d" -MT"src/lib/baram/Middlewares/ST/STM32_USB_Device_Library/Core/Src/usbd_ioreq.o" --specs=nano.specs -mfloat-abi=soft -mthumb -o "src/lib/baram/Middlewares/ST/STM32_USB_Device_Library/Core/Src/usbd_ioreq.o"
arm-none-eabi-gcc "../src/lib/baram/Middlewares/ST/STM32_USB_Device_Library/Class/CDC/Src/usbd_cdc.c" -mcpu=cortex-m3 -std=gnu11 -g3 -DSTM32F103xB -c -I"D:/A/baram/baram/src" -I"D:/A/baram/baram/src/ap" -I"D:/A/baram/baram/src/bsp" -I"D:/A/baram/baram/src/common" -I"D:/A/baram/baram/src/common/core" -I"D:/A/baram/baram/src/hw" -I"D:/A/baram/baram/src/lib" -I"D:/A/baram/baram/src/lib/baram/Drivers/CMSIS/Device/ST/STM32F1xx/Include" -I"D:/A/baram/baram/src/lib/baram/Drivers/CMSIS/Include" -I"D:/A/baram/baram/src/lib/baram/Drivers/STM32F1xx_HAL_Driver/Inc" -I"D:/A/baram/baram/src/common/hw/include" -I"D:/A/baram/baram/src/lib/baram/Middlewares/ST/STM32_USB_Device_Library/Class/CDC/Inc" -I"D:/A/baram/baram/src/lib/baram/Middlewares/ST/STM32_USB_Device_Library/Core/Inc" -I"D:/A/baram/baram/src/lib/baram/USB_DEVICE/App" -I"D:/A/baram/baram/src/lib/baram/USB_DEVICE/Target" -O0 -ffunction-sections -fdata-sections -Wall -fstack-usage -fcyclomatic-complexity -MMD -MP -MF"src/lib/baram/Middlewares/ST/STM32_USB_Device_Library/Class/CDC/Src/usbd_cdc.d" -MT"src/lib/baram/Middlewares/ST/STM32_USB_Device_Library/Class/CDC/Src/usbd_cdc.o" --specs=nano.specs -mfloat-abi=soft -mthumb -o "src/lib/baram/Middlewares/ST/STM32_USB_Device_Library/Class/CDC/Src/usbd_cdc.o"
arm-none-eabi-gcc "../src/hw/driver/flash.c" -mcpu=cortex-m3 -std=gnu11 -g3 -DSTM32F103xB -c -I"D:/A/baram/baram/src" -I"D:/A/baram/baram/src/ap" -I"D:/A/baram/baram/src/bsp" -I"D:/A/baram/baram/src/common" -I"D:/A/baram/baram/src/common/core" -I"D:/A/baram/baram/src/hw" -I"D:/A/baram/baram/src/lib" -I"D:/A/baram/baram/src/lib/baram/Drivers/CMSIS/Device/ST/STM32F1xx/Include" -I"D:/A/baram/baram/src/lib/baram/Drivers/CMSIS/Include" -I"D:/A/baram/baram/src/lib/baram/Drivers/STM32F1xx_HAL_Driver/Inc" -I"D:/A/baram/baram/src/common/hw/include" -I"D:/A/baram/baram/src/lib/baram/Middlewares/ST/STM32_USB_Device_Library/Class/CDC/Inc" -I"D:/A/baram/baram/src/lib/baram/Middlewares/ST/STM32_USB_Device_Library/Core/Inc" -I"D:/A/baram/baram/src/lib/baram/USB_DEVICE/App" -I"D:/A/baram/baram/src/lib/baram/USB_DEVICE/Target" -O0 -ffunction-sections -fdata-sections -Wall -fstack-usage -fcyclomatic-complexity -MMD -MP -MF"src/hw/driver/flash.d" -MT"src/hw/driver/flash.o" --specs=nano.specs -mfloat-abi=soft -mthumb -o "src/hw/driver/flash.o"
arm-none-eabi-gcc "../src/hw/driver/usb.c" -mcpu=cortex-m3 -std=gnu11 -g3 -DSTM32F103xB -c -I"D:/A/baram/baram/src" -I"D:/A/baram/baram/src/ap" -I"D:/A/baram/baram/src/bsp" -I"D:/A/baram/baram/src/common" -I"D:/A/baram/baram/src/common/core" -I"D:/A/baram/baram/src/hw" -I"D:/A/baram/baram/src/lib" -I"D:/A/baram/baram/src/lib/baram/Drivers/CMSIS/Device/ST/STM32F1xx/Include" -I"D:/A/baram/baram/src/lib/baram/Drivers/CMSIS/Include" -I"D:/A/baram/baram/src/lib/baram/Drivers/STM32F1xx_HAL_Driver/Inc" -I"D:/A/baram/baram/src/common/hw/include" -I"D:/A/baram/baram/src/lib/baram/Middlewares/ST/STM32_USB_Device_Library/Class/CDC/Inc" -I"D:/A/baram/baram/src/lib/baram/Middlewares/ST/STM32_USB_Device_Library/Core/Inc" -I"D:/A/baram/baram/src/lib/baram/USB_DEVICE/App" -I"D:/A/baram/baram/src/lib/baram/USB_DEVICE/Target" -O0 -ffunction-sections -fdata-sections -Wall -fstack-usage -fcyclomatic-complexity -MMD -MP -MF"src/hw/driver/usb.d" -MT"src/hw/driver/usb.o" --specs=nano.specs -mfloat-abi=soft -mthumb -o "src/hw/driver/usb.o"
arm-none-eabi-gcc "../src/hw/hw.c" -mcpu=cortex-m3 -std=gnu11 -g3 -DSTM32F103xB -c -I"D:/A/baram/baram/src" -I"D:/A/baram/baram/src/ap" -I"D:/A/baram/baram/src/bsp" -I"D:/A/baram/baram/src/common" -I"D:/A/baram/baram/src/common/core" -I"D:/A/baram/baram/src/hw" -I"D:/A/baram/baram/src/lib" -I"D:/A/baram/baram/src/lib/baram/Drivers/CMSIS/Device/ST/STM32F1xx/Include" -I"D:/A/baram/baram/src/lib/baram/Drivers/CMSIS/Include" -I"D:/A/baram/baram/src/lib/baram/Drivers/STM32F1xx_HAL_Driver/Inc" -I"D:/A/baram/baram/src/common/hw/include" -I"D:/A/baram/baram/src/lib/baram/Middlewares/ST/STM32_USB_Device_Library/Class/CDC/Inc" -I"D:/A/baram/baram/src/lib/baram/Middlewares/ST/STM32_USB_Device_Library/Core/Inc" -I"D:/A/baram/baram/src/lib/baram/USB_DEVICE/App" -I"D:/A/baram/baram/src/lib/baram/USB_DEVICE/Target" -O0 -ffunction-sections -fdata-sections -Wall -fstack-usage -fcyclomatic-complexity -MMD -MP -MF"src/hw/hw.d" -MT"src/hw/hw.o" --specs=nano.specs -mfloat-abi=soft -mthumb -o "src/hw/hw.o"
arm-none-eabi-gcc "../src/bsp/stm32f1xx_hal_msp.c" -mcpu=cortex-m3 -std=gnu11 -g3 -DSTM32F103xB -c -I"D:/A/baram/baram/src" -I"D:/A/baram/baram/src/ap" -I"D:/A/baram/baram/src/bsp" -I"D:/A/baram/baram/src/common" -I"D:/A/baram/baram/src/common/core" -I"D:/A/baram/baram/src/hw" -I"D:/A/baram/baram/src/lib" -I"D:/A/baram/baram/src/lib/baram/Drivers/CMSIS/Device/ST/STM32F1xx/Include" -I"D:/A/baram/baram/src/lib/baram/Drivers/CMSIS/Include" -I"D:/A/baram/baram/src/lib/baram/Drivers/STM32F1xx_HAL_Driver/Inc" -I"D:/A/baram/baram/src/common/hw/include" -I"D:/A/baram/baram/src/lib/baram/Middlewares/ST/STM32_USB_Device_Library/Class/CDC/Inc" -I"D:/A/baram/baram/src/lib/baram/Middlewares/ST/STM32_USB_Device_Library/Core/Inc" -I"D:/A/baram/baram/src/lib/baram/USB_DEVICE/App" -I"D:/A/baram/baram/src/lib/baram/USB_DEVICE/Target" -O0 -ffunction-sections -fdata-sections -Wall -fstack-usage -fcyclomatic-complexity -MMD -MP -MF"src/bsp/stm32f1xx_hal_msp.d" -MT"src/bsp/stm32f1xx_hal_msp.o" --specs=nano.specs -mfloat-abi=soft -mthumb -o "src/bsp/stm32f1xx_hal_msp.o"
arm-none-eabi-gcc "../src/bsp/stm32f1xx_it.c" -mcpu=cortex-m3 -std=gnu11 -g3 -DSTM32F103xB -c -I"D:/A/baram/baram/src" -I"D:/A/baram/baram/src/ap" -I"D:/A/baram/baram/src/bsp" -I"D:/A/baram/baram/src/common" -I"D:/A/baram/baram/src/common/core" -I"D:/A/baram/baram/src/hw" -I"D:/A/baram/baram/src/lib" -I"D:/A/baram/baram/src/lib/baram/Drivers/CMSIS/Device/ST/STM32F1xx/Include" -I"D:/A/baram/baram/src/lib/baram/Drivers/CMSIS/Include" -I"D:/A/baram/baram/src/lib/baram/Drivers/STM32F1xx_HAL_Driver/Inc" -I"D:/A/baram/baram/src/common/hw/include" -I"D:/A/baram/baram/src/lib/baram/Middlewares/ST/STM32_USB_Device_Library/Class/CDC/Inc" -I"D:/A/baram/baram/src/lib/baram/Middlewares/ST/STM32_USB_Device_Library/Core/Inc" -I"D:/A/baram/baram/src/lib/baram/USB_DEVICE/App" -I"D:/A/baram/baram/src/lib/baram/USB_DEVICE/Target" -O0 -ffunction-sections -fdata-sections -Wall -fstack-usage -fcyclomatic-complexity -MMD -MP -MF"src/bsp/stm32f1xx_it.d" -MT"src/bsp/stm32f1xx_it.o" --specs=nano.specs -mfloat-abi=soft -mthumb -o "src/bsp/stm32f1xx_it.o"
arm-none-eabi-gcc "../src/ap/ap.c" -mcpu=cortex-m3 -std=gnu11 -g3 -DSTM32F103xB -c -I"D:/A/baram/baram/src" -I"D:/A/baram/baram/src/ap" -I"D:/A/baram/baram/src/bsp" -I"D:/A/baram/baram/src/common" -I"D:/A/baram/baram/src/common/core" -I"D:/A/baram/baram/src/hw" -I"D:/A/baram/baram/src/lib" -I"D:/A/baram/baram/src/lib/baram/Drivers/CMSIS/Device/ST/STM32F1xx/Include" -I"D:/A/baram/baram/src/lib/baram/Drivers/CMSIS/Include" -I"D:/A/baram/baram/src/lib/baram/Drivers/STM32F1xx_HAL_Driver/Inc" -I"D:/A/baram/baram/src/common/hw/include" -I"D:/A/baram/baram/src/lib/baram/Middlewares/ST/STM32_USB_Device_Library/Class/CDC/Inc" -I"D:/A/baram/baram/src/lib/baram/Middlewares/ST/STM32_USB_Device_Library/Core/Inc" -I"D:/A/baram/baram/src/lib/baram/USB_DEVICE/App" -I"D:/A/baram/baram/src/lib/baram/USB_DEVICE/Target" -O0 -ffunction-sections -fdata-sections -Wall -fstack-usage -fcyclomatic-complexity -MMD -MP -MF"src/ap/ap.d" -MT"src/ap/ap.o" --specs=nano.specs -mfloat-abi=soft -mthumb -o "src/ap/ap.o"
arm-none-eabi-gcc "../src/main.c" -mcpu=cortex-m3 -std=gnu11 -g3 -DSTM32F103xB -c -I"D:/A/baram/baram/src" -I"D:/A/baram/baram/src/ap" -I"D:/A/baram/baram/src/bsp" -I"D:/A/baram/baram/src/common" -I"D:/A/baram/baram/src/common/core" -I"D:/A/baram/baram/src/hw" -I"D:/A/baram/baram/src/lib" -I"D:/A/baram/baram/src/lib/baram/Drivers/CMSIS/Device/ST/STM32F1xx/Include" -I"D:/A/baram/baram/src/lib/baram/Drivers/CMSIS/Include" -I"D:/A/baram/baram/src/lib/baram/Drivers/STM32F1xx_HAL_Driver/Inc" -I"D:/A/baram/baram/src/common/hw/include" -I"D:/A/baram/baram/src/lib/baram/Middlewares/ST/STM32_USB_Device_Library/Class/CDC/Inc" -I"D:/A/baram/baram/src/lib/baram/Middlewares/ST/STM32_USB_Device_Library/Core/Inc" -I"D:/A/baram/baram/src/lib/baram/USB_DEVICE/App" -I"D:/A/baram/baram/src/lib/baram/USB_DEVICE/Target" -O0 -ffunction-sections -fdata-sections -Wall -fstack-usage -fcyclomatic-complexity -MMD -MP -MF"src/main.d" -MT"src/main.o" --specs=nano.specs -mfloat-abi=soft -mthumb -o "src/main.o"
arm-none-eabi-gcc -o "baram.elf" @"objects.list"   -mcpu=cortex-m3 -T"D:\A\baram\baram\src\bsp\ldscript\STM32F103C8TX_FLASH.ld" --specs=nosys.specs -Wl,-Map="baram.map" -Wl,--gc-sections -static --specs=nano.specs -mfloat-abi=soft -mthumb -Wl,--start-group -lc -lm -Wl,--end-group
Finished building target: baram.elf
 
arm-none-eabi-size  baram.elf 
arm-none-eabi-objdump -h -S baram.elf  > "baram.list"
   text	   data	    bss	    dec	    hex	filename
  44732	    492	   6916	  52140	   cbac	baram.elf
Finished building: default.size.stdout
 
Finished building: baram.list
 
23:31:54 **** Incremental Build of configuration Debug for project baram ****
make -j20 all 
arm-none-eabi-size  baram.elf 
   text	   data	    bss	    dec	    hex	filename
  44732	    492	   6916	  52140	   cbac	baram.elf
Finished building: default.size.stdout
 
23:34:12 **** Incremental Build of configuration Debug for project baram ****
make -j20 all 
arm-none-eabi-gcc "../src/ap/ap.c" -mcpu=cortex-m3 -std=gnu11 -g3 -DSTM32F103xB -c -I"D:/A/baram/baram/src" -I"D:/A/baram/baram/src/ap" -I"D:/A/baram/baram/src/bsp" -I"D:/A/baram/baram/src/common" -I"D:/A/baram/baram/src/common/core" -I"D:/A/baram/baram/src/hw" -I"D:/A/baram/baram/src/lib" -I"D:/A/baram/baram/src/lib/baram/Drivers/CMSIS/Device/ST/STM32F1xx/Include" -I"D:/A/baram/baram/src/lib/baram/Drivers/CMSIS/Include" -I"D:/A/baram/baram/src/lib/baram/Drivers/STM32F1xx_HAL_Driver/Inc" -I"D:/A/baram/baram/src/common/hw/include" -I"D:/A/baram/baram/src/lib/baram/Middlewares/ST/STM32_USB_Device_Library/Class/CDC/Inc" -I"D:/A/baram/baram/src/lib/baram/Middlewares/ST/STM32_USB_Device_Library/Core/Inc" -I"D:/A/baram/baram/src/lib/baram/USB_DEVICE/App" -I"D:/A/baram/baram/src/lib/baram/USB_DEVICE/Target" -O0 -ffunction-sections -fdata-sections -Wall -fstack-usage -fcyclomatic-complexity -MMD -MP -MF"src/ap/ap.d" -MT"src/ap/ap.o" --specs=nano.specs -mfloat-abi=soft -mthumb -o "src/ap/ap.o"
arm-none-eabi-gcc -o "baram.elf" @"objects.list"   -mcpu=cortex-m3 -T"D:\A\baram\baram\src\bsp\ldscript\STM32F103C8TX_FLASH.ld" --specs=nosys.specs -Wl,-Map="baram.map" -Wl,--gc-sections -static --specs=nano.specs -mfloat-abi=soft -mthumb -Wl,--start-group -lc -lm -Wl,--end-group
Finished building target: baram.elf
 
arm-none-eabi-size  baram.elf 
arm-none-eabi-objdump -h -S baram.elf  > "baram.list"
   text	   data	    bss	    dec	    hex	filename
  45888	    492	   6952	  53332	   d054	baram.elf
Finished building: default.size.stdout
 
Finished building: baram.list
 
23:36:10 **** Incremental Build of configuration Debug for project baram ****
make -j20 all 
arm-none-eabi-gcc "../src/ap/ap.c" -mcpu=cortex-m3 -std=gnu11 -g3 -DSTM32F103xB -c -I"D:/A/baram/baram/src" -I"D:/A/baram/baram/src/ap" -I"D:/A/baram/baram/src/bsp" -I"D:/A/baram/baram/src/common" -I"D:/A/baram/baram/src/common/core" -I"D:/A/baram/baram/src/hw" -I"D:/A/baram/baram/src/lib" -I"D:/A/baram/baram/src/lib/baram/Drivers/CMSIS/Device/ST/STM32F1xx/Include" -I"D:/A/baram/baram/src/lib/baram/Drivers/CMSIS/Include" -I"D:/A/baram/baram/src/lib/baram/Drivers/STM32F1xx_HAL_Driver/Inc" -I"D:/A/baram/baram/src/common/hw/include" -I"D:/A/baram/baram/src/lib/baram/Middlewares/ST/STM32_USB_Device_Library/Class/CDC/Inc" -I"D:/A/baram/baram/src/lib/baram/Middlewares/ST/STM32_USB_Device_Library/Core/Inc" -I"D:/A/baram/baram/src/lib/baram/USB_DEVICE/App" -I"D:/A/baram/baram/src/lib/baram/USB_DEVICE/Target" -O0 -ffunction-sections -fdata-sections -Wall -fstack-usage -fcyclomatic-complexity -MMD -MP -MF"src/ap/ap.d" -MT"src/ap/ap.o" --specs=nano.specs -mfloat-abi=soft -mthumb -o "src/ap/ap.o"
arm-none-eabi-gcc -o "baram.elf" @"objects.list"   -mcpu=cortex-m3 -T"D:\A\baram\baram\src\bsp\ldscript\STM32F103C8TX_FLASH.ld" --specs=nosys.specs -Wl,-Map="baram.map" -Wl,--gc-sections -static --specs=nano.specs -mfloat-abi=soft -mthumb -Wl,--start-group -lc -lm -Wl,--end-group
Finished building target: baram.elf
 
arm-none-eabi-size  baram.elf 
arm-none-eabi-objdump -h -S baram.elf  > "baram.list"
   text	   data	    bss	    dec	    hex	filename
  45888	    492	   6952	  53332	   d054	baram.elf
Finished building: default.size.stdout
 
Finished building: baram.list
 
23:51:57 **** Incremental Build of configuration Debug for project baram ****
make -j20 all 
arm-none-eabi-gcc "../src/hw/driver/flash.c" -mcpu=cortex-m3 -std=gnu11 -g3 -DSTM32F103xB -c -I"D:/A/baram/baram/src" -I"D:/A/baram/baram/src/ap" -I"D:/A/baram/baram/src/bsp" -I"D:/A/baram/baram/src/common" -I"D:/A/baram/baram/src/common/core" -I"D:/A/baram/baram/src/hw" -I"D:/A/baram/baram/src/lib" -I"D:/A/baram/baram/src/lib/baram/Drivers/CMSIS/Device/ST/STM32F1xx/Include" -I"D:/A/baram/baram/src/lib/baram/Drivers/CMSIS/Include" -I"D:/A/baram/baram/src/lib/baram/Drivers/STM32F1xx_HAL_Driver/Inc" -I"D:/A/baram/baram/src/common/hw/include" -I"D:/A/baram/baram/src/lib/baram/Middlewares/ST/STM32_USB_Device_Library/Class/CDC/Inc" -I"D:/A/baram/baram/src/lib/baram/Middlewares/ST/STM32_USB_Device_Library/Core/Inc" -I"D:/A/baram/baram/src/lib/baram/USB_DEVICE/App" -I"D:/A/baram/baram/src/lib/baram/USB_DEVICE/Target" -O0 -ffunction-sections -fdata-sections -Wall -fstack-usage -fcyclomatic-complexity -MMD -MP -MF"src/hw/driver/flash.d" -MT"src/hw/driver/flash.o" --specs=nano.specs -mfloat-abi=soft -mthumb -o "src/hw/driver/flash.o"
arm-none-eabi-gcc -o "baram.elf" @"objects.list"   -mcpu=cortex-m3 -T"D:\A\baram\baram\src\bsp\ldscript\STM32F103C8TX_FLASH.ld" --specs=nosys.specs -Wl,-Map="baram.map" -Wl,--gc-sections -static --specs=nano.specs -mfloat-abi=soft -mthumb -Wl,--start-group -lc -lm -Wl,--end-group
Finished building target: baram.elf
 
arm-none-eabi-size  baram.elf 
arm-none-eabi-objdump -h -S baram.elf  > "baram.list"
   text	   data	    bss	    dec	    hex	filename
  45888	    492	   6952	  53332	   d054	baram.elf
Finished building: default.size.stdout
 
Finished building: baram.list
 
00:17:03 **** Incremental Build of configuration Debug for project baram ****
make -j20 all 
arm-none-eabi-gcc "../src/hw/driver/flash.c" -mcpu=cortex-m3 -std=gnu11 -g3 -DSTM32F103xB -c -I"D:/A/baram/baram/src" -I"D:/A/baram/baram/src/ap" -I"D:/A/baram/baram/src/bsp" -I"D:/A/baram/baram/src/common" -I"D:/A/baram/baram/src/common/core" -I"D:/A/baram/baram/src/hw" -I"D:/A/baram/baram/src/lib" -I"D:/A/baram/baram/src/lib/baram/Drivers/CMSIS/Device/ST/STM32F1xx/Include" -I"D:/A/baram/baram/src/lib/baram/Drivers/CMSIS/Include" -I"D:/A/baram/baram/src/lib/baram/Drivers/STM32F1xx_HAL_Driver/Inc" -I"D:/A/baram/baram/src/common/hw/include" -I"D:/A/baram/baram/src/lib/baram/Middlewares/ST/STM32_USB_Device_Library/Class/CDC/Inc" -I"D:/A/baram/baram/src/lib/baram/Middlewares/ST/STM32_USB_Device_Library/Core/Inc" -I"D:/A/baram/baram/src/lib/baram/USB_DEVICE/App" -I"D:/A/baram/baram/src/lib/baram/USB_DEVICE/Target" -O0 -ffunction-sections -fdata-sections -Wall -fstack-usage -fcyclomatic-complexity -MMD -MP -MF"src/hw/driver/flash.d" -MT"src/hw/driver/flash.o" --specs=nano.specs -mfloat-abi=soft -mthumb -o "src/hw/driver/flash.o"
arm-none-eabi-gcc -o "baram.elf" @"objects.list"   -mcpu=cortex-m3 -T"D:\A\baram\baram\src\bsp\ldscript\STM32F103C8TX_FLASH.ld" --specs=nosys.specs -Wl,-Map="baram.map" -Wl,--gc-sections -static --specs=nano.specs -mfloat-abi=soft -mthumb -Wl,--start-group -lc -lm -Wl,--end-group
Finished building target: baram.elf
 
arm-none-eabi-size  baram.elf 
arm-none-eabi-objdump -h -S baram.elf  > "baram.list"
   text	   data	    bss	    dec	    hex	filename
  45884	    492	   6952	  53328	   d050	baram.elf
Finished building: default.size.stdout
 
Finished building: baram.list
 
00:20:09 **** Incremental Build of configuration Debug for project baram ****
make -j20 all 
arm-none-eabi-gcc "../src/hw/driver/flash.c" -mcpu=cortex-m3 -std=gnu11 -g3 -DSTM32F103xB -c -I"D:/A/baram/baram/src" -I"D:/A/baram/baram/src/ap" -I"D:/A/baram/baram/src/bsp" -I"D:/A/baram/baram/src/common" -I"D:/A/baram/baram/src/common/core" -I"D:/A/baram/baram/src/hw" -I"D:/A/baram/baram/src/lib" -I"D:/A/baram/baram/src/lib/baram/Drivers/CMSIS/Device/ST/STM32F1xx/Include" -I"D:/A/baram/baram/src/lib/baram/Drivers/CMSIS/Include" -I"D:/A/baram/baram/src/lib/baram/Drivers/STM32F1xx_HAL_Driver/Inc" -I"D:/A/baram/baram/src/common/hw/include" -I"D:/A/baram/baram/src/lib/baram/Middlewares/ST/STM32_USB_Device_Library/Class/CDC/Inc" -I"D:/A/baram/baram/src/lib/baram/Middlewares/ST/STM32_USB_Device_Library/Core/Inc" -I"D:/A/baram/baram/src/lib/baram/USB_DEVICE/App" -I"D:/A/baram/baram/src/lib/baram/USB_DEVICE/Target" -O0 -ffunction-sections -fdata-sections -Wall -fstack-usage -fcyclomatic-complexity -MMD -MP -MF"src/hw/driver/flash.d" -MT"src/hw/driver/flash.o" --specs=nano.specs -mfloat-abi=soft -mthumb -o "src/hw/driver/flash.o"
arm-none-eabi-gcc -o "baram.elf" @"objects.list"   -mcpu=cortex-m3 -T"D:\A\baram\baram\src\bsp\ldscript\STM32F103C8TX_FLASH.ld" --specs=nosys.specs -Wl,-Map="baram.map" -Wl,--gc-sections -static --specs=nano.specs -mfloat-abi=soft -mthumb -Wl,--start-group -lc -lm -Wl,--end-group
Finished building target: baram.elf
 
arm-none-eabi-size  baram.elf 
arm-none-eabi-objdump -h -S baram.elf  > "baram.list"
   text	   data	    bss	    dec	    hex	filename
  45896	    492	   6952	  53340	   d05c	baram.elf
Finished building: default.size.stdout
 
Finished building: baram.list
 
00:21:02 **** Incremental Build of configuration Debug for project baram ****
make -j20 all 
arm-none-eabi-gcc "../src/hw/driver/flash.c" -mcpu=cortex-m3 -std=gnu11 -g3 -DSTM32F103xB -c -I"D:/A/baram/baram/src" -I"D:/A/baram/baram/src/ap" -I"D:/A/baram/baram/src/bsp" -I"D:/A/baram/baram/src/common" -I"D:/A/baram/baram/src/common/core" -I"D:/A/baram/baram/src/hw" -I"D:/A/baram/baram/src/lib" -I"D:/A/baram/baram/src/lib/baram/Drivers/CMSIS/Device/ST/STM32F1xx/Include" -I"D:/A/baram/baram/src/lib/baram/Drivers/CMSIS/Include" -I"D:/A/baram/baram/src/lib/baram/Drivers/STM32F1xx_HAL_Driver/Inc" -I"D:/A/baram/baram/src/common/hw/include" -I"D:/A/baram/baram/src/lib/baram/Middlewares/ST/STM32_USB_Device_Library/Class/CDC/Inc" -I"D:/A/baram/baram/src/lib/baram/Middlewares/ST/STM32_USB_Device_Library/Core/Inc" -I"D:/A/baram/baram/src/lib/baram/USB_DEVICE/App" -I"D:/A/baram/baram/src/lib/baram/USB_DEVICE/Target" -O0 -ffunction-sections -fdata-sections -Wall -fstack-usage -fcyclomatic-complexity -MMD -MP -MF"src/hw/driver/flash.d" -MT"src/hw/driver/flash.o" --specs=nano.specs -mfloat-abi=soft -mthumb -o "src/hw/driver/flash.o"
arm-none-eabi-gcc -o "baram.elf" @"objects.list"   -mcpu=cortex-m3 -T"D:\A\baram\baram\src\bsp\ldscript\STM32F103C8TX_FLASH.ld" --specs=nosys.specs -Wl,-Map="baram.map" -Wl,--gc-sections -static --specs=nano.specs -mfloat-abi=soft -mthumb -Wl,--start-group -lc -lm -Wl,--end-group
Finished building target: baram.elf
 
arm-none-eabi-size  baram.elf 
arm-none-eabi-objdump -h -S baram.elf  > "baram.list"
   text	   data	    bss	    dec	    hex	filename
  45900	    492	   6952	  53344	   d060	baram.elf
Finished building: default.size.stdout
 
Finished building: baram.list
 
00:23:26 **** Incremental Build of configuration Debug for project baram ****
make -j20 all 
arm-none-eabi-gcc "../src/hw/driver/flash.c" -mcpu=cortex-m3 -std=gnu11 -g3 -DSTM32F103xB -c -I"D:/A/baram/baram/src" -I"D:/A/baram/baram/src/ap" -I"D:/A/baram/baram/src/bsp" -I"D:/A/baram/baram/src/common" -I"D:/A/baram/baram/src/common/core" -I"D:/A/baram/baram/src/hw" -I"D:/A/baram/baram/src/lib" -I"D:/A/baram/baram/src/lib/baram/Drivers/CMSIS/Device/ST/STM32F1xx/Include" -I"D:/A/baram/baram/src/lib/baram/Drivers/CMSIS/Include" -I"D:/A/baram/baram/src/lib/baram/Drivers/STM32F1xx_HAL_Driver/Inc" -I"D:/A/baram/baram/src/common/hw/include" -I"D:/A/baram/baram/src/lib/baram/Middlewares/ST/STM32_USB_Device_Library/Class/CDC/Inc" -I"D:/A/baram/baram/src/lib/baram/Middlewares/ST/STM32_USB_Device_Library/Core/Inc" -I"D:/A/baram/baram/src/lib/baram/USB_DEVICE/App" -I"D:/A/baram/baram/src/lib/baram/USB_DEVICE/Target" -O0 -ffunction-sections -fdata-sections -Wall -fstack-usage -fcyclomatic-complexity -MMD -MP -MF"src/hw/driver/flash.d" -MT"src/hw/driver/flash.o" --specs=nano.specs -mfloat-abi=soft -mthumb -o "src/hw/driver/flash.o"
arm-none-eabi-gcc -o "baram.elf" @"objects.list"   -mcpu=cortex-m3 -T"D:\A\baram\baram\src\bsp\ldscript\STM32F103C8TX_FLASH.ld" --specs=nosys.specs -Wl,-Map="baram.map" -Wl,--gc-sections -static --specs=nano.specs -mfloat-abi=soft -mthumb -Wl,--start-group -lc -lm -Wl,--end-group
Finished building target: baram.elf
 
arm-none-eabi-size  baram.elf 
arm-none-eabi-objdump -h -S baram.elf  > "baram.list"
   text	   data	    bss	    dec	    hex	filename
  45900	    492	   6952	  53344	   d060	baram.elf
Finished building: default.size.stdout
 
Finished building: baram.list
 
00:37:25 **** Incremental Build of configuration Debug for project baram ****
make -j20 all 
arm-none-eabi-gcc "../src/ap/ap.c" -mcpu=cortex-m3 -std=gnu11 -g3 -DSTM32F103xB -c -I"D:/A/baram/baram/src" -I"D:/A/baram/baram/src/ap" -I"D:/A/baram/baram/src/bsp" -I"D:/A/baram/baram/src/common" -I"D:/A/baram/baram/src/common/core" -I"D:/A/baram/baram/src/hw" -I"D:/A/baram/baram/src/lib" -I"D:/A/baram/baram/src/lib/baram/Drivers/CMSIS/Device/ST/STM32F1xx/Include" -I"D:/A/baram/baram/src/lib/baram/Drivers/CMSIS/Include" -I"D:/A/baram/baram/src/lib/baram/Drivers/STM32F1xx_HAL_Driver/Inc" -I"D:/A/baram/baram/src/common/hw/include" -I"D:/A/baram/baram/src/lib/baram/Middlewares/ST/STM32_USB_Device_Library/Class/CDC/Inc" -I"D:/A/baram/baram/src/lib/baram/Middlewares/ST/STM32_USB_Device_Library/Core/Inc" -I"D:/A/baram/baram/src/lib/baram/USB_DEVICE/App" -I"D:/A/baram/baram/src/lib/baram/USB_DEVICE/Target" -O0 -ffunction-sections -fdata-sections -Wall -fstack-usage -fcyclomatic-complexity -MMD -MP -MF"src/ap/ap.d" -MT"src/ap/ap.o" --specs=nano.specs -mfloat-abi=soft -mthumb -o "src/ap/ap.o"
../src/ap/ap.c: In function 'apMain':
../src/ap/ap.c:67:54: warning: passing argument 2 of 'flashWrite' makes pointer from integer without a cast [-Wint-conversion]
   67 |               if(flashWrite(0x8000000 + (60 * 1024), 32) == true){
      |                                                      ^~
      |                                                      |
      |                                                      int
In file included from D:/A/baram/baram/src/hw/hw.h:18,
                 from ../src/ap/ap.h:11,
                 from ../src/ap/ap.c:8:
D:/A/baram/baram/src/common/hw/include/flash.h:17:41: note: expected 'uint8_t *' {aka 'unsigned char *'} but argument is of type 'int'
   17 | bool flashWrite(uint32_t addr, uint8_t *p_data, uint32_t length);
      |                                ~~~~~~~~~^~~~~~
../src/ap/ap.c:67:18: error: too few arguments to function 'flashWrite'
   67 |               if(flashWrite(0x8000000 + (60 * 1024), 32) == true){
      |                  ^~~~~~~~~~
D:/A/baram/baram/src/common/hw/include/flash.h:17:6: note: declared here
   17 | bool flashWrite(uint32_t addr, uint8_t *p_data, uint32_t length);
      |      ^~~~~~~~~~
../src/ap/ap.c:60:23: warning: variable 'buf' set but not used [-Wunused-but-set-variable]
   60 |               uint8_t buf[32];
      |                       ^~~
make: *** [src/ap/subdir.mk:19: src/ap/ap.o] Error 1
"make -j20 all" terminated with exit code 2. Build might be incomplete.
00:37:48 **** Incremental Build of configuration Debug for project baram ****
make -j20 all 
arm-none-eabi-gcc "../src/ap/ap.c" -mcpu=cortex-m3 -std=gnu11 -g3 -DSTM32F103xB -c -I"D:/A/baram/baram/src" -I"D:/A/baram/baram/src/ap" -I"D:/A/baram/baram/src/bsp" -I"D:/A/baram/baram/src/common" -I"D:/A/baram/baram/src/common/core" -I"D:/A/baram/baram/src/hw" -I"D:/A/baram/baram/src/lib" -I"D:/A/baram/baram/src/lib/baram/Drivers/CMSIS/Device/ST/STM32F1xx/Include" -I"D:/A/baram/baram/src/lib/baram/Drivers/CMSIS/Include" -I"D:/A/baram/baram/src/lib/baram/Drivers/STM32F1xx_HAL_Driver/Inc" -I"D:/A/baram/baram/src/common/hw/include" -I"D:/A/baram/baram/src/lib/baram/Middlewares/ST/STM32_USB_Device_Library/Class/CDC/Inc" -I"D:/A/baram/baram/src/lib/baram/Middlewares/ST/STM32_USB_Device_Library/Core/Inc" -I"D:/A/baram/baram/src/lib/baram/USB_DEVICE/App" -I"D:/A/baram/baram/src/lib/baram/USB_DEVICE/Target" -O0 -ffunction-sections -fdata-sections -Wall -fstack-usage -fcyclomatic-complexity -MMD -MP -MF"src/ap/ap.d" -MT"src/ap/ap.o" --specs=nano.specs -mfloat-abi=soft -mthumb -o "src/ap/ap.o"
arm-none-eabi-gcc -o "baram.elf" @"objects.list"   -mcpu=cortex-m3 -T"D:\A\baram\baram\src\bsp\ldscript\STM32F103C8TX_FLASH.ld" --specs=nosys.specs -Wl,-Map="baram.map" -Wl,--gc-sections -static --specs=nano.specs -mfloat-abi=soft -mthumb -Wl,--start-group -lc -lm -Wl,--end-group
Finished building target: baram.elf
 
arm-none-eabi-size  baram.elf 
arm-none-eabi-objdump -h -S baram.elf  > "baram.list"
   text	   data	    bss	    dec	    hex	filename
  46432	    492	   6952	  53876	   d274	baram.elf
Finished building: default.size.stdout
 
Finished building: baram.list
 
00:40:01 **** Incremental Build of configuration Debug for project baram ****
make -j20 all 
arm-none-eabi-gcc "../src/hw/driver/flash.c" -mcpu=cortex-m3 -std=gnu11 -g3 -DSTM32F103xB -c -I"D:/A/baram/baram/src" -I"D:/A/baram/baram/src/ap" -I"D:/A/baram/baram/src/bsp" -I"D:/A/baram/baram/src/common" -I"D:/A/baram/baram/src/common/core" -I"D:/A/baram/baram/src/hw" -I"D:/A/baram/baram/src/lib" -I"D:/A/baram/baram/src/lib/baram/Drivers/CMSIS/Device/ST/STM32F1xx/Include" -I"D:/A/baram/baram/src/lib/baram/Drivers/CMSIS/Include" -I"D:/A/baram/baram/src/lib/baram/Drivers/STM32F1xx_HAL_Driver/Inc" -I"D:/A/baram/baram/src/common/hw/include" -I"D:/A/baram/baram/src/lib/baram/Middlewares/ST/STM32_USB_Device_Library/Class/CDC/Inc" -I"D:/A/baram/baram/src/lib/baram/Middlewares/ST/STM32_USB_Device_Library/Core/Inc" -I"D:/A/baram/baram/src/lib/baram/USB_DEVICE/App" -I"D:/A/baram/baram/src/lib/baram/USB_DEVICE/Target" -O0 -ffunction-sections -fdata-sections -Wall -fstack-usage -fcyclomatic-complexity -MMD -MP -MF"src/hw/driver/flash.d" -MT"src/hw/driver/flash.o" --specs=nano.specs -mfloat-abi=soft -mthumb -o "src/hw/driver/flash.o"
arm-none-eabi-gcc "../src/ap/ap.c" -mcpu=cortex-m3 -std=gnu11 -g3 -DSTM32F103xB -c -I"D:/A/baram/baram/src" -I"D:/A/baram/baram/src/ap" -I"D:/A/baram/baram/src/bsp" -I"D:/A/baram/baram/src/common" -I"D:/A/baram/baram/src/common/core" -I"D:/A/baram/baram/src/hw" -I"D:/A/baram/baram/src/lib" -I"D:/A/baram/baram/src/lib/baram/Drivers/CMSIS/Device/ST/STM32F1xx/Include" -I"D:/A/baram/baram/src/lib/baram/Drivers/CMSIS/Include" -I"D:/A/baram/baram/src/lib/baram/Drivers/STM32F1xx_HAL_Driver/Inc" -I"D:/A/baram/baram/src/common/hw/include" -I"D:/A/baram/baram/src/lib/baram/Middlewares/ST/STM32_USB_Device_Library/Class/CDC/Inc" -I"D:/A/baram/baram/src/lib/baram/Middlewares/ST/STM32_USB_Device_Library/Core/Inc" -I"D:/A/baram/baram/src/lib/baram/USB_DEVICE/App" -I"D:/A/baram/baram/src/lib/baram/USB_DEVICE/Target" -O0 -ffunction-sections -fdata-sections -Wall -fstack-usage -fcyclomatic-complexity -MMD -MP -MF"src/ap/ap.d" -MT"src/ap/ap.o" --specs=nano.specs -mfloat-abi=soft -mthumb -o "src/ap/ap.o"
arm-none-eabi-gcc -o "baram.elf" @"objects.list"   -mcpu=cortex-m3 -T"D:\A\baram\baram\src\bsp\ldscript\STM32F103C8TX_FLASH.ld" --specs=nosys.specs -Wl,-Map="baram.map" -Wl,--gc-sections -static --specs=nano.specs -mfloat-abi=soft -mthumb -Wl,--start-group -lc -lm -Wl,--end-group
Finished building target: baram.elf
 
arm-none-eabi-size  baram.elf 
arm-none-eabi-objdump -h -S baram.elf  > "baram.list"
   text	   data	    bss	    dec	    hex	filename
  46432	    492	   6952	  53876	   d274	baram.elf
Finished building: default.size.stdout
 
Finished building: baram.list
 
