05:35:50 **** Incremental Build of configuration Debug for project baram ****
make -j20 all 
arm-none-eabi-gcc "../src/bsp/bsp.c" -mcpu=cortex-m3 -std=gnu11 -g3 -DSTM32F103xB -c -I"D:/A/baram/baram/src" -I"D:/A/baram/baram/src/ap" -I"D:/A/baram/baram/src/bsp" -I"D:/A/baram/baram/src/common" -I"D:/A/baram/baram/src/hw" -I"D:/A/baram/baram/src/lib" -I"D:/A/baram/baram/src/lib/baram/Drivers/CMSIS/Device/ST/STM32F1xx/Include" -I"D:/A/baram/baram/src/lib/baram/Drivers/CMSIS/Include" -I"D:/A/baram/baram/src/lib/baram/Drivers/STM32F1xx_HAL_Driver/Inc" -O0 -ffunction-sections -fdata-sections -Wall -fstack-usage -fcyclomatic-complexity -MMD -MP -MF"src/bsp/bsp.d" -MT"src/bsp/bsp.o" --specs=nano.specs -mfloat-abi=soft -mthumb -o "src/bsp/bsp.o"
arm-none-eabi-gcc -o "baram.elf" @"objects.list"   -mcpu=cortex-m3 -T"D:\A\baram\baram\src\bsp\ldscript\STM32F103C8TX_FLASH.ld" --specs=nosys.specs -Wl,-Map="baram.map" -Wl,--gc-sections -static --specs=nano.specs -mfloat-abi=soft -mthumb -Wl,--start-group -lc -lm -Wl,--end-group
Finished building target: baram.elf
 
arm-none-eabi-size  baram.elf 
arm-none-eabi-objdump -h -S baram.elf  > "baram.list"
   text	   data	    bss	    dec	    hex	filename
   3724	     12	   1572	   5308	   14bc	baram.elf
Finished building: default.size.stdout
 
Finished building: baram.list
 
05:36:23 **** Incremental Build of configuration Debug for project baram ****
make -j20 all 
arm-none-eabi-size  baram.elf 
   text	   data	    bss	    dec	    hex	filename
   3724	     12	   1572	   5308	   14bc	baram.elf
Finished building: default.size.stdout
 
